192.168.1.184 - - [01/Jan/2024:21:36:00 +0000] "POST /api/data HTTP/1.1" 301 4001 "direct" "Mozilla/5.0 (iPhone; CPU iPhone OS 14_0 like Mac OS X) AppleWebKit/605.1.15"
192.168.1.18 - - [01/Jan/2024:21:40:19 +0000] "DELETE /products/phones HTTP/1.1" 404 698 "https://linkedin.com" "Mozilla/5.0 (Windows NT 10.0; Win64; x64) AppleWebKit/537.36"
192.168.1.196 - - [01/Jan/2024:21:44:38 +0000] "GET /contact HTTP/1.1" 404 2609 "https://linkedin.com" "Mozilla/5.0 (Windows NT 10.0; Win64; x64) AppleWebKit/537.36"
192.168.1.247 - - [01/Jan/2024:21:48:57 +0000] "GET /blog HTTP/1.1" 301 4454 "https://www.google.com" "Mozilla/5.0 (iPhone; CPU iPhone OS 14_0 like Mac OS X) AppleWebKit/605.1.15"
192.168.1.159 - - [01/Jan/2024:21:53:16 +0000] "PUT /home HTTP/1.1" 500 1481 "https://twitter.com" "Mozilla/5.0 (Windows NT 10.0; Win64; x64) AppleWebKit/537.36"
192.168.1.13 - - [01/Jan/2024:21:57:36 +0000] "DELETE /about HTTP/1.1" 500 2237 "https://www.bing.com" "Mozilla/5.0 (iPhone; CPU iPhone OS 14_0 like Mac OS X) AppleWebKit/605.1.15"
192.168.1.126 - - [01/Jan/2024:22:01:55 +0000] "DELETE /products HTTP/1.1" 404 1856 "direct" "Mozilla/5.0 (Windows NT 10.0; Win64; x64) AppleWebKit/537.36"
192.168.1.103 - - [01/Jan/2024:22:06:14 +0000] "POST /products/laptops HTTP/1.1" 301 3007 "direct" "Mozilla/5.0 (X11; Linux x86_64) AppleWebKit/537.36"
192.168.1.148 - - [01/Jan/2024:22:10:33 +0000] "PUT /products/laptops HTTP/1.1" 200 4298 "https://linkedin.com" "Mozilla/5.0 (iPhone; CPU iPhone OS 14_0 like Mac OS X) AppleWebKit/605.1.15"
192.168.1.144 - - [01/Jan/2024:22:14:52 +0000] "GET /register HTTP/1.1" 404 4704 "direct" "Mozilla/5.0 (Macintosh; Intel Mac OS X 10_15_7) AppleWebKit/537.36"
192.168.1.161 - - [01/Jan/2024:22:19:12 +0000] "GET /blog HTTP/1.1" 500 3700 "https://www.bing.com" "Mozilla/5.0 (X11; Linux x86_64) AppleWebKit/537.36"
192.168.1.168 - - [01/Jan/2024:22:23:31 +0000] "GET / HTTP/1.1" 500 2115 "https://www.bing.com" "Mozilla/5.0 (Windows NT 10.0; Win64; x64) AppleWebKit/537.36"
192.168.1.16 - - [01/Jan/2024:22:27:50 +0000] "POST /admin HTTP/1.1" 404 843 "direct" "Mozilla/5.0 (X11; Linux x86_64) AppleWebKit/537.36"
192.168.1.1 - - [01/Jan/2024:22:32:09 +0000] "DELETE /home HTTP/1.1" 200 4710 "https://twitter.com" "Mozilla/5.0 (iPhone; CPU iPhone OS 14_0 like Mac OS X) AppleWebKit/605.1.15"
192.168.1.155 - - [01/Jan/2024:22:36:28 +0000] "PUT /home HTTP/1.1" 301 3668 "https://facebook.com" "Mozilla/5.0 (Windows NT 10.0; Win64; x64) AppleWebKit/537.36"
192.168.1.55 - - [01/Jan/2024:22:40:48 +0000] "GET /home HTTP/1.1" 301 1179 "direct" "Mozilla/5.0 (Windows NT 10.0; Win64; x64) AppleWebKit/537.36"
192.168.1.148 - - [01/Jan/2024:22:45:07 +0000] "DELETE /products/laptops HTTP/1.1" 500 2654 "direct" "Mozilla/5.0 (Macintosh; Intel Mac OS X 10_15_7) AppleWebKit/537.36"
192.168.1.77 - - [01/Jan/2024:22:49:26 +0000] "POST /products/laptops HTTP/1.1" 301 2027 "https://twitter.com" "Mozilla/5.0 (iPhone; CPU iPhone OS 14_0 like Mac OS X) AppleWebKit/605.1.15"
192.168.1.8 - - [01/Jan/2024:22:53:45 +0000] "DELETE /products/phones HTTP/1.1" 301 3683 "https://www.bing.com" "Mozilla/5.0 (Windows NT 10.0; Win64; x64) AppleWebKit/537.36"
192.168.1.18 - - [01/Jan/2024:22:58:04 +0000] "DELETE /products HTTP/1.1" 500 2313 "direct" "Mozilla/5.0 (Macintosh; Intel Mac OS X 10_15_7) AppleWebKit/537.36"
192.168.1.111 - - [01/Jan/2024:23:02:24 +0000] "PUT /about HTTP/1.1" 404 1753 "https://www.bing.com" "Mozilla/5.0 (Macintosh; Intel Mac OS X 10_15_7) AppleWebKit/537.36"
192.168.1.63 - - [01/Jan/2024:23:06:43 +0000] "GET /login HTTP/1.1" 500 1842 "https://www.google.com" "Mozilla/5.0 (Windows NT 10.0; Win64; x64) AppleWebKit/537.36"
192.168.1.215 - - [01/Jan/2024:23:11:02 +0000] "GET /contact HTTP/1.1" 301 2687 "https://www.bing.com" "Mozilla/5.0 (Macintosh; Intel Mac OS X 10_15_7) AppleWebKit/537.36"
192.168.1.13 - - [01/Jan/2024:23:15:21 +0000] "PUT /products/phones HTTP/1.1" 200 4662 "https://twitter.com" "Mozilla/5.0 (X11; Linux x86_64) AppleWebKit/537.36"
192.168.1.8 - - [01/Jan/2024:23:19:40 +0000] "GET /register HTTP/1.1" 200 3015 "https://facebook.com" "Mozilla/5.0 (iPhone; CPU iPhone OS 14_0 like Mac OS X) AppleWebKit/605.1.15"
192.168.1.243 - - [01/Jan/2024:23:24:00 +0000] "DELETE / HTTP/1.1" 301 1164 "direct" "Mozilla/5.0 (iPhone; CPU iPhone OS 14_0 like Mac OS X) AppleWebKit/605.1.15"
192.168.1.26 - - [01/Jan/2024:23:28:19 +0000] "PUT /admin HTTP/1.1" 301 2426 "https://www.bing.com" "Mozilla/5.0 (iPhone; CPU iPhone OS 14_0 like Mac OS X) AppleWebKit/605.1.15"
192.168.1.250 - - [01/Jan/2024:23:32:38 +0000] "DELETE / HTTP/1.1" 500 4463 "https://twitter.com" "Mozilla/5.0 (X11; Linux x86_64) AppleWebKit/537.36"
192.168.1.161 - - [01/Jan/2024:23:36:57 +0000] "DELETE /admin HTTP/1.1" 500 3408 "https://twitter.com" "Mozilla/5.0 (Windows NT 10.0; Win64; x64) AppleWebKit/537.36"
192.168.1.17 - - [01/Jan/2024:23:41:16 +0000] "GET / HTTP/1.1" 404 2799 "https://facebook.com" "Mozilla/5.0 (Windows NT 10.0; Win64; x64) AppleWebKit/537.36"
192.168.1.173 - - [01/Jan/2024:23:45:36 +0000] "PUT /contact HTTP/1.1" 200 957 "https://twitter.com" "Mozilla/5.0 (iPhone; CPU iPhone OS 14_0 like Mac OS X) AppleWebKit/605.1.15"
192.168.1.14 - - [01/Jan/2024:23:49:55 +0000] "POST /products/laptops HTTP/1.1" 200 2801 "direct" "Mozilla/5.0 (Macintosh; Intel Mac OS X 10_15_7) AppleWebKit/537.36"
192.168.1.247 - - [01/Jan/2024:23:54:14 +0000] "PUT /about HTTP/1.1" 200 1065 "https://www.bing.com" "Mozilla/5.0 (Macintosh; Intel Mac OS X 10_15_7) AppleWebKit/537.36"
192.168.1.54 - - [01/Jan/2024:23:58:33 +0000] "POST /admin HTTP/1.1" 404 2542 "https://www.google.com" "Mozilla/5.0 (X11; Linux x86_64) AppleWebKit/537.36"
192.168.1.205 - - [02/Jan/2024:00:02:52 +0000] "PUT /login HTTP/1.1" 500 4214 "https://facebook.com" "Mozilla/5.0 (Windows NT 10.0; Win64; x64) AppleWebKit/537.36"
192.168.1.73 - - [02/Jan/2024:00:07:12 +0000] "DELETE / HTTP/1.1" 404 4137 "https://facebook.com" "Mozilla/5.0 (Windows NT 10.0; Win64; x64) AppleWebKit/537.36"
192.168.1.17 - - [02/Jan/2024:00:11:31 +0000] "GET /about HTTP/1.1" 500 4820 "https://linkedin.com" "Mozilla/5.0 (iPhone; CPU iPhone OS 14_0 like Mac OS X) AppleWebKit/605.1.15"
192.168.1.215 - - [02/Jan/2024:00:15:50 +0000] "GET /products HTTP/1.1" 200 3887 "https://twitter.com" "Mozilla/5.0 (Macintosh; Intel Mac OS X 10_15_7) AppleWebKit/537.36"
192.168.1.228 - - [02/Jan/2024:00:20:09 +0000] "GET /api/data HTTP/1.1" 301 4766 "https://twitter.com" "Mozilla/5.0 (Windows NT 10.0; Win64; x64) AppleWebKit/537.36"
192.168.1.103 - - [02/Jan/2024:00:24:28 +0000] "GET /home HTTP/1.1" 200 1074 "https://linkedin.com" "Mozilla/5.0 (Macintosh; Intel Mac OS X 10_15_7) AppleWebKit/537.36"
192.168.1.70 - - [02/Jan/2024:00:28:48 +0000] "PUT /admin HTTP/1.1" 301 4880 "https://twitter.com" "Mozilla/5.0 (iPhone; CPU iPhone OS 14_0 like Mac OS X) AppleWebKit/605.1.15"
192.168.1.247 - - [02/Jan/2024:00:33:07 +0000] "POST /products HTTP/1.1" 200 3606 "https://linkedin.com" "Mozilla/5.0 (Macintosh; Intel Mac OS X 10_15_7) AppleWebKit/537.36"
192.168.1.243 - - [02/Jan/2024:00:37:26 +0000] "PUT /home HTTP/1.1" 404 4993 "https://twitter.com" "Mozilla/5.0 (X11; Linux x86_64) AppleWebKit/537.36"
192.168.1.13 - - [02/Jan/2024:00:41:45 +0000] "DELETE /products/laptops HTTP/1.1" 404 2792 "https://linkedin.com" "Mozilla/5.0 (X11; Linux x86_64) AppleWebKit/537.36"
192.168.1.216 - - [02/Jan/2024:00:46:04 +0000] "DELETE /contact HTTP/1.1" 200 2114 "https://linkedin.com" "Mozilla/5.0 (Windows NT 10.0; Win64; x64) AppleWebKit/537.36"
192.168.1.196 - - [02/Jan/2024:00:50:24 +0000] "POST /blog HTTP/1.1" 301 1011 "https://www.google.com" "Mozilla/5.0 (Macintosh; Intel Mac OS X 10_15_7) AppleWebKit/537.36"
192.168.1.190 - - [02/Jan/2024:00:54:43 +0000] "POST / HTTP/1.1" 200 1540 "https://www.google.com" "Mozilla/5.0 (Macintosh; Intel Mac OS X 10_15_7) AppleWebKit/537.36"
192.168.1.1 - - [02/Jan/2024:00:59:02 +0000] "POST /admin HTTP/1.1" 200 3009 "https://linkedin.com" "Mozilla/5.0 (Macintosh; Intel Mac OS X 10_15_7) AppleWebKit/537.36"
192.168.1.246 - - [02/Jan/2024:01:03:21 +0000] "PUT /contact HTTP/1.1" 200 1208 "https://facebook.com" "Mozilla/5.0 (Windows NT 10.0; Win64; x64) AppleWebKit/537.36"
192.168.1.161 - - [02/Jan/2024:01:07:40 +0000] "GET /products HTTP/1.1" 404 4770 "direct" "Mozilla/5.0 (Macintosh; Intel Mac OS X 10_15_7) AppleWebKit/537.36"
192.168.1.1 - - [02/Jan/2024:01:12:00 +0000] "PUT /contact HTTP/1.1" 301 2542 "direct" "Mozilla/5.0 (iPhone; CPU iPhone OS 14_0 like Mac OS X) AppleWebKit/605.1.15"
192.168.1.90 - - [02/Jan/2024:01:16:19 +0000] "GET /about HTTP/1.1" 200 2691 "https://twitter.com" "Mozilla/5.0 (Windows NT 10.0; Win64; x64) AppleWebKit/537.36"
192.168.1.243 - - [02/Jan/2024:01:20:38 +0000] "POST /home HTTP/1.1" 404 4802 "https://linkedin.com" "Mozilla/5.0 (iPhone; CPU iPhone OS 14_0 like Mac OS X) AppleWebKit/605.1.15"
192.168.1.111 - - [02/Jan/2024:01:24:57 +0000] "DELETE /about HTTP/1.1" 301 1759 "direct" "Mozilla/5.0 (iPhone; CPU iPhone OS 14_0 like Mac OS X) AppleWebKit/605.1.15"
192.168.1.247 - - [02/Jan/2024:01:29:16 +0000] "DELETE / HTTP/1.1" 500 3504 "https://www.google.com" "Mozilla/5.0 (Windows NT 10.0; Win64; x64) AppleWebKit/537.36"
192.168.1.247 - - [02/Jan/2024:01:33:36 +0000] "GET /blog HTTP/1.1" 301 4348 "https://www.bing.com" "Mozilla/5.0 (X11; Linux x86_64) AppleWebKit/537.36"
192.168.1.207 - - [02/Jan/2024:01:37:55 +0000] "PUT / HTTP/1.1" 500 1927 "https://linkedin.com" "Mozilla/5.0 (iPhone; CPU iPhone OS 14_0 like Mac OS X) AppleWebKit/605.1.15"
192.168.1.197 - - [02/Jan/2024:01:42:14 +0000] "POST /contact HTTP/1.1" 200 2746 "https://linkedin.com" "Mozilla/5.0 (iPhone; CPU iPhone OS 14_0 like Mac OS X) AppleWebKit/605.1.15"
192.168.1.134 - - [02/Jan/2024:01:46:33 +0000] "GET /about HTTP/1.1" 301 4482 "https://linkedin.com" "Mozilla/5.0 (iPhone; CPU iPhone OS 14_0 like Mac OS X) AppleWebKit/605.1.15"
192.168.1.184 - - [02/Jan/2024:01:50:52 +0000] "DELETE /products/laptops HTTP/1.1" 404 1049 "https://www.bing.com" "Mozilla/5.0 (Windows NT 10.0; Win64; x64) AppleWebKit/537.36"
192.168.1.240 - - [02/Jan/2024:01:55:12 +0000] "DELETE /register HTTP/1.1" 404 4867 "direct" "Mozilla/5.0 (Windows NT 10.0; Win64; x64) AppleWebKit/537.36"
192.168.1.109 - - [02/Jan/2024:01:59:31 +0000] "GET /login HTTP/1.1" 404 3070 "https://www.google.com" "Mozilla/5.0 (Macintosh; Intel Mac OS X 10_15_7) AppleWebKit/537.36"
192.168.1.126 - - [02/Jan/2024:02:03:50 +0000] "DELETE /contact HTTP/1.1" 404 4391 "https://www.bing.com" "Mozilla/5.0 (X11; Linux x86_64) AppleWebKit/537.36"
192.168.1.245 - - [02/Jan/2024:02:08:09 +0000] "DELETE /api/data HTTP/1.1" 200 2094 "https://twitter.com" "Mozilla/5.0 (Windows NT 10.0; Win64; x64) AppleWebKit/537.36"
192.168.1.161 - - [02/Jan/2024:02:12:28 +0000] "GET /about HTTP/1.1" 301 3549 "https://www.google.com" "Mozilla/5.0 (X11; Linux x86_64) AppleWebKit/537.36"
192.168.1.197 - - [02/Jan/2024:02:16:48 +0000] "DELETE /login HTTP/1.1" 200 3979 "https://www.google.com" "Mozilla/5.0 (Windows NT 10.0; Win64; x64) AppleWebKit/537.36"
192.168.1.196 - - [02/Jan/2024:02:21:07 +0000] "PUT /products/laptops HTTP/1.1" 404 2865 "https://twitter.com" "Mozilla/5.0 (iPhone; CPU iPhone OS 14_0 like Mac OS X) AppleWebKit/605.1.15"
192.168.1.205 - - [02/Jan/2024:02:25:26 +0000] "GET /admin HTTP/1.1" 200 4143 "direct" "Mozilla/5.0 (Macintosh; Intel Mac OS X 10_15_7) AppleWebKit/537.36"
192.168.1.60 - - [02/Jan/2024:02:29:45 +0000] "POST /home HTTP/1.1" 404 2959 "direct" "Mozilla/5.0 (X11; Linux x86_64) AppleWebKit/537.36"
192.168.1.29 - - [02/Jan/2024:02:34:04 +0000] "PUT /api/data HTTP/1.1" 404 3702 "https://www.google.com" "Mozilla/5.0 (iPhone; CPU iPhone OS 14_0 like Mac OS X) AppleWebKit/605.1.15"
192.168.1.235 - - [02/Jan/2024:02:38:24 +0000] "GET /blog HTTP/1.1" 200 2989 "https://linkedin.com" "Mozilla/5.0 (X11; Linux x86_64) AppleWebKit/537.36"
192.168.1.124 - - [02/Jan/2024:02:42:43 +0000] "DELETE /register HTTP/1.1" 404 3537 "direct" "Mozilla/5.0 (iPhone; CPU iPhone OS 14_0 like Mac OS X) AppleWebKit/605.1.15"
192.168.1.250 - - [02/Jan/2024:02:47:02 +0000] "GET / HTTP/1.1" 301 4829 "direct" "Mozilla/5.0 (Windows NT 10.0; Win64; x64) AppleWebKit/537.36"
192.168.1.90 - - [02/Jan/2024:02:51:21 +0000] "DELETE /contact HTTP/1.1" 200 3559 "direct" "Mozilla/5.0 (Windows NT 10.0; Win64; x64) AppleWebKit/537.36"
192.168.1.197 - - [02/Jan/2024:02:55:40 +0000] "GET /contact HTTP/1.1" 500 2495 "https://www.bing.com" "Mozilla/5.0 (Windows NT 10.0; Win64; x64) AppleWebKit/537.36"
192.168.1.190 - - [02/Jan/2024:03:00:00 +0000] "GET /about HTTP/1.1" 500 4994 "https://linkedin.com" "Mozilla/5.0 (Macintosh; Intel Mac OS X 10_15_7) AppleWebKit/537.36"
192.168.1.213 - - [02/Jan/2024:03:04:19 +0000] "DELETE /api/data HTTP/1.1" 500 4099 "https://linkedin.com" "Mozilla/5.0 (Macintosh; Intel Mac OS X 10_15_7) AppleWebKit/537.36"
192.168.1.55 - - [02/Jan/2024:03:08:38 +0000] "DELETE /about HTTP/1.1" 301 4519 "https://linkedin.com" "Mozilla/5.0 (Windows NT 10.0; Win64; x64) AppleWebKit/537.36"
192.168.1.1 - - [02/Jan/2024:03:12:57 +0000] "PUT /products HTTP/1.1" 301 4083 "https://www.bing.com" "Mozilla/5.0 (Macintosh; Intel Mac OS X 10_15_7) AppleWebKit/537.36"
192.168.1.126 - - [02/Jan/2024:03:17:16 +0000] "DELETE /products/phones HTTP/1.1" 500 1957 "https://twitter.com" "Mozilla/5.0 (Macintosh; Intel Mac OS X 10_15_7) AppleWebKit/537.36"
192.168.1.134 - - [02/Jan/2024:03:21:36 +0000] "PUT /login HTTP/1.1" 500 2687 "https://twitter.com" "Mozilla/5.0 (Windows NT 10.0; Win64; x64) AppleWebKit/537.36"
192.168.1.103 - - [02/Jan/2024:03:25:55 +0000] "PUT /home HTTP/1.1" 500 4750 "https://www.google.com" "Mozilla/5.0 (iPhone; CPU iPhone OS 14_0 like Mac OS X) AppleWebKit/605.1.15"
192.168.1.215 - - [02/Jan/2024:03:30:14 +0000] "GET /contact HTTP/1.1" 500 1010 "https://linkedin.com" "Mozilla/5.0 (Macintosh; Intel Mac OS X 10_15_7) AppleWebKit/537.36"
192.168.1.57 - - [02/Jan/2024:03:34:33 +0000] "PUT /register HTTP/1.1" 200 4076 "https://www.google.com" "Mozilla/5.0 (iPhone; CPU iPhone OS 14_0 like Mac OS X) AppleWebKit/605.1.15"
192.168.1.124 - - [02/Jan/2024:03:38:52 +0000] "GET /products HTTP/1.1" 500 3976 "https://twitter.com" "Mozilla/5.0 (iPhone; CPU iPhone OS 14_0 like Mac OS X) AppleWebKit/605.1.15"
192.168.1.131 - - [02/Jan/2024:03:43:12 +0000] "POST / HTTP/1.1" 301 1389 "https://www.bing.com" "Mozilla/5.0 (X11; Linux x86_64) AppleWebKit/537.36"
192.168.1.90 - - [02/Jan/2024:03:47:31 +0000] "GET /products/phones HTTP/1.1" 404 1023 "https://twitter.com" "Mozilla/5.0 (X11; Linux x86_64) AppleWebKit/537.36"
192.168.1.111 - - [02/Jan/2024:03:51:50 +0000] "DELETE /register HTTP/1.1" 301 960 "direct" "Mozilla/5.0 (Macintosh; Intel Mac OS X 10_15_7) AppleWebKit/537.36"
192.168.1.13 - - [02/Jan/2024:03:56:09 +0000] "DELETE /about HTTP/1.1" 301 4434 "https://facebook.com" "Mozilla/5.0 (Windows NT 10.0; Win64; x64) AppleWebKit/537.36"
192.168.1.247 - - [02/Jan/2024:04:00:28 +0000] "GET /about HTTP/1.1" 301 656 "https://www.bing.com" "Mozilla/5.0 (Windows NT 10.0; Win64; x64) AppleWebKit/537.36"
192.168.1.215 - - [02/Jan/2024:04:04:48 +0000] "GET /products HTTP/1.1" 500 2549 "https://facebook.com" "Mozilla/5.0 (X11; Linux x86_64) AppleWebKit/537.36"
192.168.1.245 - - [02/Jan/2024:04:09:07 +0000] "PUT /about HTTP/1.1" 200 4939 "https://linkedin.com" "Mozilla/5.0 (Macintosh; Intel Mac OS X 10_15_7) AppleWebKit/537.36"
192.168.1.154 - - [02/Jan/2024:04:13:26 +0000] "POST /login HTTP/1.1" 404 2537 "https://twitter.com" "Mozilla/5.0 (X11; Linux x86_64) AppleWebKit/537.36"
192.168.1.190 - - [02/Jan/2024:04:17:45 +0000] "POST /about HTTP/1.1" 200 4142 "https://linkedin.com" "Mozilla/5.0 (Macintosh; Intel Mac OS X 10_15_7) AppleWebKit/537.36"
192.168.1.73 - - [02/Jan/2024:04:22:04 +0000] "GET /products/laptops HTTP/1.1" 500 4574 "https://linkedin.com" "Mozilla/5.0 (Macintosh; Intel Mac OS X 10_15_7) AppleWebKit/537.36"
192.168.1.6 - - [02/Jan/2024:04:26:24 +0000] "POST /about HTTP/1.1" 404 1350 "https://www.bing.com" "Mozilla/5.0 (X11; Linux x86_64) AppleWebKit/537.36"
192.168.1.57 - - [02/Jan/2024:04:30:43 +0000] "GET /home HTTP/1.1" 500 3300 "https://twitter.com" "Mozilla/5.0 (Windows NT 10.0; Win64; x64) AppleWebKit/537.36"
192.168.1.247 - - [02/Jan/2024:04:35:02 +0000] "PUT /about HTTP/1.1" 301 3892 "https://twitter.com" "Mozilla/5.0 (Windows NT 10.0; Win64; x64) AppleWebKit/537.36"
192.168.1.111 - - [02/Jan/2024:04:39:21 +0000] "GET /login HTTP/1.1" 500 4786 "https://facebook.com" "Mozilla/5.0 (iPhone; CPU iPhone OS 14_0 like Mac OS X) AppleWebKit/605.1.15"
192.168.1.55 - - [02/Jan/2024:04:43:40 +0000] "GET /login HTTP/1.1" 200 3233 "https://twitter.com" "Mozilla/5.0 (X11; Linux x86_64) AppleWebKit/537.36"
192.168.1.191 - - [02/Jan/2024:04:48:00 +0000] "GET /products/laptops HTTP/1.1" 500 2531 "https://www.bing.com" "Mozilla/5.0 (iPhone; CPU iPhone OS 14_0 like Mac OS X) AppleWebKit/605.1.15"
192.168.1.233 - - [02/Jan/2024:04:52:19 +0000] "PUT /blog HTTP/1.1" 404 4168 "https://twitter.com" "Mozilla/5.0 (Macintosh; Intel Mac OS X 10_15_7) AppleWebKit/537.36"
192.168.1.109 - - [02/Jan/2024:04:56:38 +0000] "POST / HTTP/1.1" 500 3442 "direct" "Mozilla/5.0 (Windows NT 10.0; Win64; x64) AppleWebKit/537.36"
192.168.1.6 - - [02/Jan/2024:05:00:57 +0000] "GET /register HTTP/1.1" 404 3226 "https://www.google.com" "Mozilla/5.0 (Windows NT 10.0; Win64; x64) AppleWebKit/537.36"
192.168.1.51 - - [02/Jan/2024:05:05:16 +0000] "PUT / HTTP/1.1" 404 3044 "https://twitter.com" "Mozilla/5.0 (iPhone; CPU iPhone OS 14_0 like Mac OS X) AppleWebKit/605.1.15"
192.168.1.223 - - [02/Jan/2024:05:09:36 +0000] "GET /register HTTP/1.1" 200 1956 "https://www.google.com" "Mozilla/5.0 (Macintosh; Intel Mac OS X 10_15_7) AppleWebKit/537.36"
192.168.1.107 - - [02/Jan/2024:05:13:55 +0000] "PUT / HTTP/1.1" 301 899 "direct" "Mozilla/5.0 (iPhone; CPU iPhone OS 14_0 like Mac OS X) AppleWebKit/605.1.15"
192.168.1.57 - - [02/Jan/2024:05:18:14 +0000] "DELETE /contact HTTP/1.1" 404 4853 "https://www.bing.com" "Mozilla/5.0 (Macintosh; Intel Mac OS X 10_15_7) AppleWebKit/537.36"
192.168.1.8 - - [02/Jan/2024:05:22:33 +0000] "PUT /register HTTP/1.1" 404 608 "https://www.bing.com" "Mozilla/5.0 (Windows NT 10.0; Win64; x64) AppleWebKit/537.36"
192.168.1.131 - - [02/Jan/2024:05:26:52 +0000] "POST /products/laptops HTTP/1.1" 200 3305 "https://www.bing.com" "Mozilla/5.0 (Windows NT 10.0; Win64; x64) AppleWebKit/537.36"
192.168.1.63 - - [02/Jan/2024:05:31:12 +0000] "POST /about HTTP/1.1" 500 4012 "direct" "Mozilla/5.0 (Windows NT 10.0; Win64; x64) AppleWebKit/537.36"
192.168.1.213 - - [02/Jan/2024:05:35:31 +0000] "PUT /api/data HTTP/1.1" 404 3807 "https://www.google.com" "Mozilla/5.0 (iPhone; CPU iPhone OS 14_0 like Mac OS X) AppleWebKit/605.1.15"
192.168.1.42 - - [02/Jan/2024:05:39:50 +0000] "PUT /register HTTP/1.1" 301 2303 "https://twitter.com" "Mozilla/5.0 (Macintosh; Intel Mac OS X 10_15_7) AppleWebKit/537.36"
192.168.1.184 - - [02/Jan/2024:05:44:09 +0000] "GET /products/phones HTTP/1.1" 200 1909 "https://twitter.com" "Mozilla/5.0 (Macintosh; Intel Mac OS X 10_15_7) AppleWebKit/537.36"
192.168.1.213 - - [02/Jan/2024:05:48:28 +0000] "DELETE /products/phones HTTP/1.1" 500 1214 "direct" "Mozilla/5.0 (X11; Linux x86_64) AppleWebKit/537.36"
192.168.1.29 - - [02/Jan/2024:05:52:48 +0000] "POST /api/data HTTP/1.1" 404 4330 "https://www.google.com" "Mozilla/5.0 (Macintosh; Intel Mac OS X 10_15_7) AppleWebKit/537.36"
192.168.1.57 - - [02/Jan/2024:05:57:07 +0000] "DELETE /login HTTP/1.1" 200 3996 "https://www.google.com" "Mozilla/5.0 (Macintosh; Intel Mac OS X 10_15_7) AppleWebKit/537.36"
192.168.1.1 - - [02/Jan/2024:06:01:26 +0000] "DELETE /home HTTP/1.1" 200 2572 "https://twitter.com" "Mozilla/5.0 (X11; Linux x86_64) AppleWebKit/537.36"
192.168.1.215 - - [02/Jan/2024:06:05:45 +0000] "PUT /about HTTP/1.1" 301 2046 "https://twitter.com" "Mozilla/5.0 (iPhone; CPU iPhone OS 14_0 like Mac OS X) AppleWebKit/605.1.15"
192.168.1.13 - - [02/Jan/2024:06:10:04 +0000] "POST /login HTTP/1.1" 301 2291 "https://facebook.com" "Mozilla/5.0 (iPhone; CPU iPhone OS 14_0 like Mac OS X) AppleWebKit/605.1.15"
192.168.1.197 - - [02/Jan/2024:06:14:24 +0000] "GET /products/laptops HTTP/1.1" 404 4599 "https://www.google.com" "Mozilla/5.0 (iPhone; CPU iPhone OS 14_0 like Mac OS X) AppleWebKit/605.1.15"
192.168.1.190 - - [02/Jan/2024:06:18:43 +0000] "DELETE /contact HTTP/1.1" 500 1896 "https://www.bing.com" "Mozilla/5.0 (iPhone; CPU iPhone OS 14_0 like Mac OS X) AppleWebKit/605.1.15"
192.168.1.197 - - [02/Jan/2024:06:23:02 +0000] "PUT /products/phones HTTP/1.1" 404 3849 "https://facebook.com" "Mozilla/5.0 (iPhone; CPU iPhone OS 14_0 like Mac OS X) AppleWebKit/605.1.15"
192.168.1.197 - - [02/Jan/2024:06:27:21 +0000] "PUT /admin HTTP/1.1" 404 3879 "https://twitter.com" "Mozilla/5.0 (X11; Linux x86_64) AppleWebKit/537.36"
192.168.1.235 - - [02/Jan/2024:06:31:40 +0000] "DELETE /register HTTP/1.1" 404 2100 "https://www.google.com" "Mozilla/5.0 (Windows NT 10.0; Win64; x64) AppleWebKit/537.36"
192.168.1.111 - - [02/Jan/2024:06:36:00 +0000] "PUT /products/laptops HTTP/1.1" 301 3993 "direct" "Mozilla/5.0 (iPhone; CPU iPhone OS 14_0 like Mac OS X) AppleWebKit/605.1.15"
192.168.1.211 - - [02/Jan/2024:06:40:19 +0000] "POST /home HTTP/1.1" 500 1931 "https://twitter.com" "Mozilla/5.0 (Windows NT 10.0; Win64; x64) AppleWebKit/537.36"
192.168.1.13 - - [02/Jan/2024:06:44:38 +0000] "POST /admin HTTP/1.1" 500 4294 "https://twitter.com" "Mozilla/5.0 (X11; Linux x86_64) AppleWebKit/537.36"
192.168.1.211 - - [02/Jan/2024:06:48:57 +0000] "GET /products HTTP/1.1" 200 1744 "direct" "Mozilla/5.0 (X11; Linux x86_64) AppleWebKit/537.36"
192.168.1.51 - - [02/Jan/2024:06:53:16 +0000] "DELETE / HTTP/1.1" 500 2310 "https://www.google.com" "Mozilla/5.0 (Windows NT 10.0; Win64; x64) AppleWebKit/537.36"
192.168.1.1 - - [02/Jan/2024:06:57:36 +0000] "PUT /admin HTTP/1.1" 200 952 "direct" "Mozilla/5.0 (Macintosh; Intel Mac OS X 10_15_7) AppleWebKit/537.36"
192.168.1.220 - - [02/Jan/2024:07:01:55 +0000] "POST /home HTTP/1.1" 404 1824 "https://twitter.com" "Mozilla/5.0 (Windows NT 10.0; Win64; x64) AppleWebKit/537.36"
192.168.1.37 - - [02/Jan/2024:07:06:14 +0000] "DELETE / HTTP/1.1" 500 3653 "https://facebook.com" "Mozilla/5.0 (iPhone; CPU iPhone OS 14_0 like Mac OS X) AppleWebKit/605.1.15"
192.168.1.51 - - [02/Jan/2024:07:10:33 +0000] "POST /admin HTTP/1.1" 500 1914 "https://facebook.com" "Mozilla/5.0 (X11; Linux x86_64) AppleWebKit/537.36"
192.168.1.51 - - [02/Jan/2024:07:14:52 +0000] "GET /products HTTP/1.1" 301 1233 "https://facebook.com" "Mozilla/5.0 (Macintosh; Intel Mac OS X 10_15_7) AppleWebKit/537.36"
192.168.1.13 - - [02/Jan/2024:07:19:12 +0000] "PUT /blog HTTP/1.1" 500 1595 "https://twitter.com" "Mozilla/5.0 (Windows NT 10.0; Win64; x64) AppleWebKit/537.36"
192.168.1.4 - - [02/Jan/2024:07:23:31 +0000] "DELETE /register HTTP/1.1" 404 791 "https://twitter.com" "Mozilla/5.0 (iPhone; CPU iPhone OS 14_0 like Mac OS X) AppleWebKit/605.1.15"
192.168.1.114 - - [02/Jan/2024:07:27:50 +0000] "PUT /about HTTP/1.1" 404 1917 "https://facebook.com" "Mozilla/5.0 (iPhone; CPU iPhone OS 14_0 like Mac OS X) AppleWebKit/605.1.15"
192.168.1.14 - - [02/Jan/2024:07:32:09 +0000] "PUT /products HTTP/1.1" 404 2413 "https://www.google.com" "Mozilla/5.0 (Windows NT 10.0; Win64; x64) AppleWebKit/537.36"
192.168.1.134 - - [02/Jan/2024:07:36:28 +0000] "PUT /products/laptops HTTP/1.1" 500 2270 "https://twitter.com" "Mozilla/5.0 (iPhone; CPU iPhone OS 14_0 like Mac OS X) AppleWebKit/605.1.15"
192.168.1.197 - - [02/Jan/2024:07:40:48 +0000] "GET / HTTP/1.1" 404 1504 "https://linkedin.com" "Mozilla/5.0 (X11; Linux x86_64) AppleWebKit/537.36"
192.168.1.131 - - [02/Jan/2024:07:45:07 +0000] "PUT /blog HTTP/1.1" 301 2600 "https://facebook.com" "Mozilla/5.0 (Windows NT 10.0; Win64; x64) AppleWebKit/537.36"
192.168.1.122 - - [02/Jan/2024:07:49:26 +0000] "DELETE /api/data HTTP/1.1" 200 1117 "https://linkedin.com" "Mozilla/5.0 (Windows NT 10.0; Win64; x64) AppleWebKit/537.36"
192.168.1.243 - - [02/Jan/2024:07:53:45 +0000] "DELETE /admin HTTP/1.1" 404 1021 "https://www.google.com" "Mozilla/5.0 (Macintosh; Intel Mac OS X 10_15_7) AppleWebKit/537.36"
192.168.1.130 - - [02/Jan/2024:07:58:04 +0000] "POST /api/data HTTP/1.1" 500 869 "https://linkedin.com" "Mozilla/5.0 (Windows NT 10.0; Win64; x64) AppleWebKit/537.36"
192.168.1.1 - - [02/Jan/2024:08:02:24 +0000] "PUT /api/data HTTP/1.1" 301 3842 "https://linkedin.com" "Mozilla/5.0 (X11; Linux x86_64) AppleWebKit/537.36"
192.168.1.174 - - [02/Jan/2024:08:06:43 +0000] "POST /api/data HTTP/1.1" 500 2158 "https://linkedin.com" "Mozilla/5.0 (X11; Linux x86_64) AppleWebKit/537.36"
192.168.1.73 - - [02/Jan/2024:08:11:02 +0000] "DELETE /register HTTP/1.1" 404 1102 "https://linkedin.com" "Mozilla/5.0 (X11; Linux x86_64) AppleWebKit/537.36"
192.168.1.26 - - [02/Jan/2024:08:15:21 +0000] "PUT /register HTTP/1.1" 500 3163 "direct" "Mozilla/5.0 (iPhone; CPU iPhone OS 14_0 like Mac OS X) AppleWebKit/605.1.15"
192.168.1.8 - - [02/Jan/2024:08:19:40 +0000] "GET /products/phones HTTP/1.1" 500 2972 "https://www.google.com" "Mozilla/5.0 (Macintosh; Intel Mac OS X 10_15_7) AppleWebKit/537.36"
192.168.1.126 - - [02/Jan/2024:08:24:00 +0000] "POST /products HTTP/1.1" 404 3998 "https://facebook.com" "Mozilla/5.0 (X11; Linux x86_64) AppleWebKit/537.36"
192.168.1.60 - - [02/Jan/2024:08:28:19 +0000] "POST /blog HTTP/1.1" 200 2144 "direct" "Mozilla/5.0 (Macintosh; Intel Mac OS X 10_15_7) AppleWebKit/537.36"
192.168.1.77 - - [02/Jan/2024:08:32:38 +0000] "GET / HTTP/1.1" 500 2840 "https://linkedin.com" "Mozilla/5.0 (Windows NT 10.0; Win64; x64) AppleWebKit/537.36"
192.168.1.197 - - [02/Jan/2024:08:36:57 +0000] "POST /login HTTP/1.1" 500 3503 "https://www.bing.com" "Mozilla/5.0 (iPhone; CPU iPhone OS 14_0 like Mac OS X) AppleWebKit/605.1.15"
192.168.1.161 - - [02/Jan/2024:08:41:16 +0000] "DELETE / HTTP/1.1" 301 2513 "direct" "Mozilla/5.0 (Macintosh; Intel Mac OS X 10_15_7) AppleWebKit/537.36"
192.168.1.13 - - [02/Jan/2024:08:45:36 +0000] "PUT /api/data HTTP/1.1" 500 3855 "https://facebook.com" "Mozilla/5.0 (Macintosh; Intel Mac OS X 10_15_7) AppleWebKit/537.36"
192.168.1.60 - - [02/Jan/2024:08:49:55 +0000] "PUT /about HTTP/1.1" 200 2372 "https://www.bing.com" "Mozilla/5.0 (Macintosh; Intel Mac OS X 10_15_7) AppleWebKit/537.36"
192.168.1.130 - - [02/Jan/2024:08:54:14 +0000] "POST /login HTTP/1.1" 500 2437 "https://linkedin.com" "Mozilla/5.0 (Windows NT 10.0; Win64; x64) AppleWebKit/537.36"
192.168.1.57 - - [02/Jan/2024:08:58:33 +0000] "DELETE /products/phones HTTP/1.1" 200 1778 "https://twitter.com" "Mozilla/5.0 (Macintosh; Intel Mac OS X 10_15_7) AppleWebKit/537.36"
192.168.1.70 - - [02/Jan/2024:09:02:52 +0000] "GET /register HTTP/1.1" 500 2770 "https://www.bing.com" "Mozilla/5.0 (X11; Linux x86_64) AppleWebKit/537.36"
192.168.1.8 - - [02/Jan/2024:09:07:12 +0000] "DELETE /products/laptops HTTP/1.1" 404 4936 "https://www.bing.com" "Mozilla/5.0 (X11; Linux x86_64) AppleWebKit/537.36"
192.168.1.107 - - [02/Jan/2024:09:11:31 +0000] "PUT /products HTTP/1.1" 404 2288 "https://linkedin.com" "Mozilla/5.0 (Macintosh; Intel Mac OS X 10_15_7) AppleWebKit/537.36"
192.168.1.181 - - [02/Jan/2024:09:15:50 +0000] "POST /blog HTTP/1.1" 200 2480 "https://facebook.com" "Mozilla/5.0 (X11; Linux x86_64) AppleWebKit/537.36"
192.168.1.57 - - [02/Jan/2024:09:20:09 +0000] "DELETE /login HTTP/1.1" 500 4460 "https://www.bing.com" "Mozilla/5.0 (X11; Linux x86_64) AppleWebKit/537.36"
192.168.1.148 - - [02/Jan/2024:09:24:28 +0000] "POST /login HTTP/1.1" 301 4747 "https://www.bing.com" "Mozilla/5.0 (Macintosh; Intel Mac OS X 10_15_7) AppleWebKit/537.36"
192.168.1.197 - - [02/Jan/2024:09:28:48 +0000] "POST /products/laptops HTTP/1.1" 404 2378 "https://facebook.com" "Mozilla/5.0 (Macintosh; Intel Mac OS X 10_15_7) AppleWebKit/537.36"
192.168.1.122 - - [02/Jan/2024:09:33:07 +0000] "PUT / HTTP/1.1" 404 781 "https://twitter.com" "Mozilla/5.0 (X11; Linux x86_64) AppleWebKit/537.36"
192.168.1.26 - - [02/Jan/2024:09:37:26 +0000] "GET /products HTTP/1.1" 500 4856 "https://facebook.com" "Mozilla/5.0 (Windows NT 10.0; Win64; x64) AppleWebKit/537.36"
192.168.1.215 - - [02/Jan/2024:09:41:45 +0000] "PUT /contact HTTP/1.1" 200 3344 "https://facebook.com" "Mozilla/5.0 (Windows NT 10.0; Win64; x64) AppleWebKit/537.36"
192.168.1.60 - - [02/Jan/2024:09:46:04 +0000] "PUT /products/laptops HTTP/1.1" 500 3830 "https://www.bing.com" "Mozilla/5.0 (Windows NT 10.0; Win64; x64) AppleWebKit/537.36"
192.168.1.30 - - [02/Jan/2024:09:50:24 +0000] "GET /blog HTTP/1.1" 200 2051 "https://twitter.com" "Mozilla/5.0 (iPhone; CPU iPhone OS 14_0 like Mac OS X) AppleWebKit/605.1.15"
192.168.1.216 - - [02/Jan/2024:09:54:43 +0000] "DELETE /products/phones HTTP/1.1" 301 673 "https://linkedin.com" "Mozilla/5.0 (iPhone; CPU iPhone OS 14_0 like Mac OS X) AppleWebKit/605.1.15"
192.168.1.134 - - [02/Jan/2024:09:59:02 +0000] "GET /admin HTTP/1.1" 301 2471 "https://www.google.com" "Mozilla/5.0 (iPhone; CPU iPhone OS 14_0 like Mac OS X) AppleWebKit/605.1.15"
192.168.1.26 - - [02/Jan/2024:10:03:21 +0000] "GET /blog HTTP/1.1" 200 4436 "https://linkedin.com" "Mozilla/5.0 (Macintosh; Intel Mac OS X 10_15_7) AppleWebKit/537.36"
192.168.1.73 - - [02/Jan/2024:10:07:40 +0000] "POST /admin HTTP/1.1" 301 3325 "https://twitter.com" "Mozilla/5.0 (iPhone; CPU iPhone OS 14_0 like Mac OS X) AppleWebKit/605.1.15"
192.168.1.63 - - [02/Jan/2024:10:12:00 +0000] "POST /register HTTP/1.1" 500 4217 "https://facebook.com" "Mozilla/5.0 (Windows NT 10.0; Win64; x64) AppleWebKit/537.36"
192.168.1.199 - - [02/Jan/2024:10:16:19 +0000] "DELETE /api/data HTTP/1.1" 404 4818 "https://facebook.com" "Mozilla/5.0 (Windows NT 10.0; Win64; x64) AppleWebKit/537.36"
192.168.1.57 - - [02/Jan/2024:10:20:38 +0000] "POST /api/data HTTP/1.1" 404 1104 "https://twitter.com" "Mozilla/5.0 (Windows NT 10.0; Win64; x64) AppleWebKit/537.36"
192.168.1.183 - - [02/Jan/2024:10:24:57 +0000] "PUT /about HTTP/1.1" 301 2464 "https://facebook.com" "Mozilla/5.0 (Macintosh; Intel Mac OS X 10_15_7) AppleWebKit/537.36"
192.168.1.1 - - [02/Jan/2024:10:29:16 +0000] "POST /home HTTP/1.1" 301 1424 "https://facebook.com" "Mozilla/5.0 (X11; Linux x86_64) AppleWebKit/537.36"
192.168.1.184 - - [02/Jan/2024:10:33:36 +0000] "POST /blog HTTP/1.1" 500 1960 "https://www.google.com" "Mozilla/5.0 (Macintosh; Intel Mac OS X 10_15_7) AppleWebKit/537.36"
192.168.1.14 - - [02/Jan/2024:10:37:55 +0000] "DELETE /blog HTTP/1.1" 301 1204 "direct" "Mozilla/5.0 (Macintosh; Intel Mac OS X 10_15_7) AppleWebKit/537.36"
192.168.1.60 - - [02/Jan/2024:10:42:14 +0000] "POST / HTTP/1.1" 301 3419 "https://www.bing.com" "Mozilla/5.0 (Macintosh; Intel Mac OS X 10_15_7) AppleWebKit/537.36"
192.168.1.223 - - [02/Jan/2024:10:46:33 +0000] "PUT /contact HTTP/1.1" 301 4186 "direct" "Mozilla/5.0 (iPhone; CPU iPhone OS 14_0 like Mac OS X) AppleWebKit/605.1.15"
192.168.1.197 - - [02/Jan/2024:10:50:52 +0000] "GET /login HTTP/1.1" 200 2645 "https://linkedin.com" "Mozilla/5.0 (Macintosh; Intel Mac OS X 10_15_7) AppleWebKit/537.36"
192.168.1.190 - - [02/Jan/2024:10:55:12 +0000] "DELETE /products/phones HTTP/1.1" 500 3724 "https://facebook.com" "Mozilla/5.0 (Macintosh; Intel Mac OS X 10_15_7) AppleWebKit/537.36"
192.168.1.159 - - [02/Jan/2024:10:59:31 +0000] "DELETE /products/laptops HTTP/1.1" 404 2390 "https://linkedin.com" "Mozilla/5.0 (X11; Linux x86_64) AppleWebKit/537.36"
192.168.1.159 - - [02/Jan/2024:11:03:50 +0000] "POST /api/data HTTP/1.1" 200 3560 "https://www.google.com" "Mozilla/5.0 (Macintosh; Intel Mac OS X 10_15_7) AppleWebKit/537.36"
192.168.1.17 - - [02/Jan/2024:11:08:09 +0000] "GET /about HTTP/1.1" 200 692 "direct" "Mozilla/5.0 (Macintosh; Intel Mac OS X 10_15_7) AppleWebKit/537.36"
192.168.1.245 - - [02/Jan/2024:11:12:28 +0000] "PUT /products/phones HTTP/1.1" 500 4561 "https://linkedin.com" "Mozilla/5.0 (X11; Linux x86_64) AppleWebKit/537.36"
192.168.1.60 - - [02/Jan/2024:11:16:48 +0000] "PUT /products/laptops HTTP/1.1" 500 1019 "https://www.google.com" "Mozilla/5.0 (Macintosh; Intel Mac OS X 10_15_7) AppleWebKit/537.36"
192.168.1.253 - - [02/Jan/2024:11:21:07 +0000] "PUT /products HTTP/1.1" 404 653 "https://linkedin.com" "Mozilla/5.0 (X11; Linux x86_64) AppleWebKit/537.36"
192.168.1.73 - - [02/Jan/2024:11:25:26 +0000] "DELETE /blog HTTP/1.1" 404 2994 "https://twitter.com" "Mozilla/5.0 (Windows NT 10.0; Win64; x64) AppleWebKit/537.36"
192.168.1.233 - - [02/Jan/2024:11:29:45 +0000] "POST /contact HTTP/1.1" 500 3591 "https://linkedin.com" "Mozilla/5.0 (Macintosh; Intel Mac OS X 10_15_7) AppleWebKit/537.36"
192.168.1.1 - - [02/Jan/2024:11:34:04 +0000] "PUT /register HTTP/1.1" 404 3178 "https://www.google.com" "Mozilla/5.0 (iPhone; CPU iPhone OS 14_0 like Mac OS X) AppleWebKit/605.1.15"
192.168.1.124 - - [02/Jan/2024:11:38:24 +0000] "PUT /blog HTTP/1.1" 404 2351 "https://facebook.com" "Mozilla/5.0 (iPhone; CPU iPhone OS 14_0 like Mac OS X) AppleWebKit/605.1.15"
192.168.1.223 - - [02/Jan/2024:11:42:43 +0000] "DELETE / HTTP/1.1" 404 691 "https://www.google.com" "Mozilla/5.0 (Windows NT 10.0; Win64; x64) AppleWebKit/537.36"
192.168.1.215 - - [02/Jan/2024:11:47:02 +0000] "DELETE /home HTTP/1.1" 404 4297 "https://twitter.com" "Mozilla/5.0 (X11; Linux x86_64) AppleWebKit/537.36"
192.168.1.17 - - [02/Jan/2024:11:51:21 +0000] "POST /about HTTP/1.1" 404 4021 "https://www.bing.com" "Mozilla/5.0 (Macintosh; Intel Mac OS X 10_15_7) AppleWebKit/537.36"
192.168.1.103 - - [02/Jan/2024:11:55:40 +0000] "PUT /login HTTP/1.1" 301 4167 "https://linkedin.com" "Mozilla/5.0 (Macintosh; Intel Mac OS X 10_15_7) AppleWebKit/537.36"
192.168.1.111 - - [02/Jan/2024:12:00:00 +0000] "DELETE /about HTTP/1.1" 301 2634 "https://linkedin.com" "Mozilla/5.0 (iPhone; CPU iPhone OS 14_0 like Mac OS X) AppleWebKit/605.1.15"
192.168.1.103 - - [02/Jan/2024:12:04:19 +0000] "POST /blog HTTP/1.1" 500 1326 "https://linkedin.com" "Mozilla/5.0 (iPhone; CPU iPhone OS 14_0 like Mac OS X) AppleWebKit/605.1.15"
192.168.1.159 - - [02/Jan/2024:12:08:38 +0000] "DELETE /home HTTP/1.1" 404 4512 "https://www.bing.com" "Mozilla/5.0 (Macintosh; Intel Mac OS X 10_15_7) AppleWebKit/537.36"
192.168.1.191 - - [02/Jan/2024:12:12:57 +0000] "POST /about HTTP/1.1" 500 4625 "direct" "Mozilla/5.0 (X11; Linux x86_64) AppleWebKit/537.36"
192.168.1.25 - - [02/Jan/2024:12:17:16 +0000] "DELETE /products/phones HTTP/1.1" 500 3107 "https://twitter.com" "Mozilla/5.0 (X11; Linux x86_64) AppleWebKit/537.36"
192.168.1.77 - - [02/Jan/2024:12:21:36 +0000] "POST /login HTTP/1.1" 500 1014 "https://www.bing.com" "Mozilla/5.0 (iPhone; CPU iPhone OS 14_0 like Mac OS X) AppleWebKit/605.1.15"
192.168.1.122 - - [02/Jan/2024:12:25:55 +0000] "POST /products HTTP/1.1" 404 4143 "direct" "Mozilla/5.0 (Windows NT 10.0; Win64; x64) AppleWebKit/537.36"
192.168.1.209 - - [02/Jan/2024:12:30:14 +0000] "GET /home HTTP/1.1" 200 2047 "https://www.bing.com" "Mozilla/5.0 (iPhone; CPU iPhone OS 14_0 like Mac OS X) AppleWebKit/605.1.15"
192.168.1.14 - - [02/Jan/2024:12:34:33 +0000] "DELETE /products/laptops HTTP/1.1" 404 4756 "https://twitter.com" "Mozilla/5.0 (iPhone; CPU iPhone OS 14_0 like Mac OS X) AppleWebKit/605.1.15"
192.168.1.18 - - [02/Jan/2024:12:38:52 +0000] "PUT /register HTTP/1.1" 301 1231 "https://twitter.com" "Mozilla/5.0 (X11; Linux x86_64) AppleWebKit/537.36"
192.168.1.126 - - [02/Jan/2024:12:43:12 +0000] "POST /home HTTP/1.1" 500 2042 "https://www.google.com" "Mozilla/5.0 (Windows NT 10.0; Win64; x64) AppleWebKit/537.36"
192.168.1.213 - - [02/Jan/2024:12:47:31 +0000] "DELETE /about HTTP/1.1" 404 4989 "https://facebook.com" "Mozilla/5.0 (iPhone; CPU iPhone OS 14_0 like Mac OS X) AppleWebKit/605.1.15"
192.168.1.247 - - [02/Jan/2024:12:51:50 +0000] "DELETE /blog HTTP/1.1" 500 2680 "https://www.bing.com" "Mozilla/5.0 (X11; Linux x86_64) AppleWebKit/537.36"
192.168.1.134 - - [02/Jan/2024:12:56:09 +0000] "PUT /products/laptops HTTP/1.1" 500 4615 "direct" "Mozilla/5.0 (Macintosh; Intel Mac OS X 10_15_7) AppleWebKit/537.36"
192.168.1.223 - - [02/Jan/2024:13:00:28 +0000] "PUT /products/laptops HTTP/1.1" 404 3920 "https://www.bing.com" "Mozilla/5.0 (Macintosh; Intel Mac OS X 10_15_7) AppleWebKit/537.36"
192.168.1.247 - - [02/Jan/2024:13:04:48 +0000] "PUT /products/phones HTTP/1.1" 200 2928 "https://twitter.com" "Mozilla/5.0 (iPhone; CPU iPhone OS 14_0 like Mac OS X) AppleWebKit/605.1.15"
192.168.1.211 - - [02/Jan/2024:13:09:07 +0000] "POST /blog HTTP/1.1" 301 4565 "https://www.google.com" "Mozilla/5.0 (Windows NT 10.0; Win64; x64) AppleWebKit/537.36"
192.168.1.183 - - [02/Jan/2024:13:13:26 +0000] "PUT /products/phones HTTP/1.1" 404 2096 "https://www.bing.com" "Mozilla/5.0 (iPhone; CPU iPhone OS 14_0 like Mac OS X) AppleWebKit/605.1.15"
192.168.1.245 - - [02/Jan/2024:13:17:45 +0000] "DELETE /products/phones HTTP/1.1" 500 1984 "https://linkedin.com" "Mozilla/5.0 (Macintosh; Intel Mac OS X 10_15_7) AppleWebKit/537.36"
192.168.1.199 - - [02/Jan/2024:13:22:04 +0000] "PUT /about HTTP/1.1" 404 2622 "direct" "Mozilla/5.0 (X11; Linux x86_64) AppleWebKit/537.36"
192.168.1.130 - - [02/Jan/2024:13:26:24 +0000] "GET /blog HTTP/1.1" 404 643 "https://facebook.com" "Mozilla/5.0 (iPhone; CPU iPhone OS 14_0 like Mac OS X) AppleWebKit/605.1.15"
192.168.1.215 - - [02/Jan/2024:13:30:43 +0000] "DELETE /contact HTTP/1.1" 301 1473 "direct" "Mozilla/5.0 (Windows NT 10.0; Win64; x64) AppleWebKit/537.36"
192.168.1.181 - - [02/Jan/2024:13:35:02 +0000] "PUT /admin HTTP/1.1" 301 4392 "https://facebook.com" "Mozilla/5.0 (Macintosh; Intel Mac OS X 10_15_7) AppleWebKit/537.36"
192.168.1.215 - - [02/Jan/2024:13:39:21 +0000] "GET /admin HTTP/1.1" 200 1648 "https://www.google.com" "Mozilla/5.0 (Windows NT 10.0; Win64; x64) AppleWebKit/537.36"
192.168.1.163 - - [02/Jan/2024:13:43:40 +0000] "DELETE /products/laptops HTTP/1.1" 500 3821 "https://linkedin.com" "Mozilla/5.0 (iPhone; CPU iPhone OS 14_0 like Mac OS X) AppleWebKit/605.1.15"
192.168.1.63 - - [02/Jan/2024:13:48:00 +0000] "GET /admin HTTP/1.1" 200 3210 "https://www.bing.com" "Mozilla/5.0 (X11; Linux x86_64) AppleWebKit/537.36"
192.168.1.111 - - [02/Jan/2024:13:52:19 +0000] "POST /register HTTP/1.1" 200 4096 "https://facebook.com" "Mozilla/5.0 (X11; Linux x86_64) AppleWebKit/537.36"
192.168.1.253 - - [02/Jan/2024:13:56:38 +0000] "POST /admin HTTP/1.1" 200 613 "https://www.google.com" "Mozilla/5.0 (iPhone; CPU iPhone OS 14_0 like Mac OS X) AppleWebKit/605.1.15"
192.168.1.13 - - [02/Jan/2024:14:00:57 +0000] "POST /login HTTP/1.1" 500 2812 "https://www.google.com" "Mozilla/5.0 (Macintosh; Intel Mac OS X 10_15_7) AppleWebKit/537.36"
192.168.1.26 - - [02/Jan/2024:14:05:16 +0000] "POST /products/laptops HTTP/1.1" 404 4272 "https://www.bing.com" "Mozilla/5.0 (X11; Linux x86_64) AppleWebKit/537.36"
192.168.1.247 - - [02/Jan/2024:14:09:36 +0000] "GET /admin HTTP/1.1" 301 2750 "https://twitter.com" "Mozilla/5.0 (Macintosh; Intel Mac OS X 10_15_7) AppleWebKit/537.36"
192.168.1.148 - - [02/Jan/2024:14:13:55 +0000] "GET /register HTTP/1.1" 301 1164 "https://facebook.com" "Mozilla/5.0 (iPhone; CPU iPhone OS 14_0 like Mac OS X) AppleWebKit/605.1.15"
192.168.1.253 - - [02/Jan/2024:14:18:14 +0000] "POST /login HTTP/1.1" 404 3249 "direct" "Mozilla/5.0 (X11; Linux x86_64) AppleWebKit/537.36"
192.168.1.60 - - [02/Jan/2024:14:22:33 +0000] "PUT /api/data HTTP/1.1" 301 1323 "https://linkedin.com" "Mozilla/5.0 (iPhone; CPU iPhone OS 14_0 like Mac OS X) AppleWebKit/605.1.15"
192.168.1.63 - - [02/Jan/2024:14:26:52 +0000] "PUT /register HTTP/1.1" 200 3172 "https://linkedin.com" "Mozilla/5.0 (X11; Linux x86_64) AppleWebKit/537.36"
192.168.1.57 - - [02/Jan/2024:14:31:12 +0000] "PUT /register HTTP/1.1" 200 4117 "https://linkedin.com" "Mozilla/5.0 (Windows NT 10.0; Win64; x64) AppleWebKit/537.36"
192.168.1.51 - - [02/Jan/2024:14:35:31 +0000] "POST /products/phones HTTP/1.1" 500 2474 "https://linkedin.com" "Mozilla/5.0 (X11; Linux x86_64) AppleWebKit/537.36"
192.168.1.60 - - [02/Jan/2024:14:39:50 +0000] "GET /about HTTP/1.1" 500 585 "https://linkedin.com" "Mozilla/5.0 (Macintosh; Intel Mac OS X 10_15_7) AppleWebKit/537.36"
192.168.1.220 - - [02/Jan/2024:14:44:09 +0000] "DELETE /admin HTTP/1.1" 404 813 "https://facebook.com" "Mozilla/5.0 (iPhone; CPU iPhone OS 14_0 like Mac OS X) AppleWebKit/605.1.15"
192.168.1.205 - - [02/Jan/2024:14:48:28 +0000] "PUT /products/phones HTTP/1.1" 200 1305 "https://www.google.com" "Mozilla/5.0 (X11; Linux x86_64) AppleWebKit/537.36"
192.168.1.161 - - [02/Jan/2024:14:52:48 +0000] "PUT /register HTTP/1.1" 404 1278 "https://facebook.com" "Mozilla/5.0 (iPhone; CPU iPhone OS 14_0 like Mac OS X) AppleWebKit/605.1.15"
192.168.1.70 - - [02/Jan/2024:14:57:07 +0000] "PUT / HTTP/1.1" 301 4089 "https://www.bing.com" "Mozilla/5.0 (iPhone; CPU iPhone OS 14_0 like Mac OS X) AppleWebKit/605.1.15"
192.168.1.247 - - [02/Jan/2024:15:01:26 +0000] "DELETE /products HTTP/1.1" 404 4988 "https://linkedin.com" "Mozilla/5.0 (iPhone; CPU iPhone OS 14_0 like Mac OS X) AppleWebKit/605.1.15"
192.168.1.253 - - [02/Jan/2024:15:05:45 +0000] "POST /products HTTP/1.1" 200 2684 "https://www.bing.com" "Mozilla/5.0 (X11; Linux x86_64) AppleWebKit/537.36"
192.168.1.4 - - [02/Jan/2024:15:10:04 +0000] "DELETE /blog HTTP/1.1" 404 1356 "https://www.google.com" "Mozilla/5.0 (iPhone; CPU iPhone OS 14_0 like Mac OS X) AppleWebKit/605.1.15"
192.168.1.103 - - [02/Jan/2024:15:14:24 +0000] "PUT /login HTTP/1.1" 301 2011 "https://twitter.com" "Mozilla/5.0 (Macintosh; Intel Mac OS X 10_15_7) AppleWebKit/537.36"
192.168.1.77 - - [02/Jan/2024:15:18:43 +0000] "DELETE / HTTP/1.1" 200 1261 "https://www.bing.com" "Mozilla/5.0 (Macintosh; Intel Mac OS X 10_15_7) AppleWebKit/537.36"
192.168.1.161 - - [02/Jan/2024:15:23:02 +0000] "PUT /products/phones HTTP/1.1" 404 1721 "https://www.google.com" "Mozilla/5.0 (iPhone; CPU iPhone OS 14_0 like Mac OS X) AppleWebKit/605.1.15"
192.168.1.155 - - [02/Jan/2024:15:27:21 +0000] "POST /admin HTTP/1.1" 301 3376 "direct" "Mozilla/5.0 (Macintosh; Intel Mac OS X 10_15_7) AppleWebKit/537.36"
192.168.1.70 - - [02/Jan/2024:15:31:40 +0000] "PUT / HTTP/1.1" 500 2216 "direct" "Mozilla/5.0 (iPhone; CPU iPhone OS 14_0 like Mac OS X) AppleWebKit/605.1.15"
192.168.1.42 - - [02/Jan/2024:15:36:00 +0000] "PUT /api/data HTTP/1.1" 404 4362 "https://facebook.com" "Mozilla/5.0 (X11; Linux x86_64) AppleWebKit/537.36"
192.168.1.26 - - [02/Jan/2024:15:40:19 +0000] "POST /home HTTP/1.1" 404 1814 "https://twitter.com" "Mozilla/5.0 (Macintosh; Intel Mac OS X 10_15_7) AppleWebKit/537.36"
192.168.1.63 - - [02/Jan/2024:15:44:38 +0000] "PUT / HTTP/1.1" 404 2446 "https://linkedin.com" "Mozilla/5.0 (iPhone; CPU iPhone OS 14_0 like Mac OS X) AppleWebKit/605.1.15"
192.168.1.243 - - [02/Jan/2024:15:48:57 +0000] "DELETE /products/laptops HTTP/1.1" 200 2423 "https://linkedin.com" "Mozilla/5.0 (Macintosh; Intel Mac OS X 10_15_7) AppleWebKit/537.36"
192.168.1.247 - - [02/Jan/2024:15:53:16 +0000] "GET /register HTTP/1.1" 200 3955 "https://www.google.com" "Mozilla/5.0 (iPhone; CPU iPhone OS 14_0 like Mac OS X) AppleWebKit/605.1.15"
192.168.1.60 - - [02/Jan/2024:15:57:36 +0000] "POST /api/data HTTP/1.1" 404 2262 "direct" "Mozilla/5.0 (iPhone; CPU iPhone OS 14_0 like Mac OS X) AppleWebKit/605.1.15"
192.168.1.70 - - [02/Jan/2024:16:01:55 +0000] "POST /products HTTP/1.1" 200 3058 "https://facebook.com" "Mozilla/5.0 (Macintosh; Intel Mac OS X 10_15_7) AppleWebKit/537.36"
192.168.1.14 - - [02/Jan/2024:16:06:14 +0000] "GET /about HTTP/1.1" 404 1469 "https://www.bing.com" "Mozilla/5.0 (iPhone; CPU iPhone OS 14_0 like Mac OS X) AppleWebKit/605.1.15"
192.168.1.131 - - [02/Jan/2024:16:10:33 +0000] "DELETE /products/phones HTTP/1.1" 500 2001 "https://www.bing.com" "Mozilla/5.0 (Macintosh; Intel Mac OS X 10_15_7) AppleWebKit/537.36"
192.168.1.150 - - [02/Jan/2024:16:14:52 +0000] "PUT / HTTP/1.1" 301 969 "https://twitter.com" "Mozilla/5.0 (Windows NT 10.0; Win64; x64) AppleWebKit/537.36"
192.168.1.240 - - [02/Jan/2024:16:19:12 +0000] "POST /contact HTTP/1.1" 301 1597 "https://linkedin.com" "Mozilla/5.0 (iPhone; CPU iPhone OS 14_0 like Mac OS X) AppleWebKit/605.1.15"
192.168.1.253 - - [02/Jan/2024:16:23:31 +0000] "DELETE /api/data HTTP/1.1" 200 2773 "direct" "Mozilla/5.0 (Macintosh; Intel Mac OS X 10_15_7) AppleWebKit/537.36"
192.168.1.247 - - [02/Jan/2024:16:27:50 +0000] "GET /products HTTP/1.1" 200 1636 "direct" "Mozilla/5.0 (X11; Linux x86_64) AppleWebKit/537.36"
192.168.1.163 - - [02/Jan/2024:16:32:09 +0000] "GET /contact HTTP/1.1" 301 1288 "https://www.bing.com" "Mozilla/5.0 (iPhone; CPU iPhone OS 14_0 like Mac OS X) AppleWebKit/605.1.15"
192.168.1.37 - - [02/Jan/2024:16:36:28 +0000] "PUT /register HTTP/1.1" 200 4099 "https://facebook.com" "Mozilla/5.0 (Macintosh; Intel Mac OS X 10_15_7) AppleWebKit/537.36"
192.168.1.73 - - [02/Jan/2024:16:40:48 +0000] "POST /products/laptops HTTP/1.1" 500 4255 "https://www.bing.com" "Mozilla/5.0 (iPhone; CPU iPhone OS 14_0 like Mac OS X) AppleWebKit/605.1.15"
192.168.1.1 - - [02/Jan/2024:16:45:07 +0000] "POST /register HTTP/1.1" 200 4017 "https://www.google.com" "Mozilla/5.0 (Windows NT 10.0; Win64; x64) AppleWebKit/537.36"
192.168.1.30 - - [02/Jan/2024:16:49:26 +0000] "PUT /contact HTTP/1.1" 200 1913 "https://www.google.com" "Mozilla/5.0 (iPhone; CPU iPhone OS 14_0 like Mac OS X) AppleWebKit/605.1.15"
192.168.1.73 - - [02/Jan/2024:16:53:45 +0000] "GET /home HTTP/1.1" 200 1514 "direct" "Mozilla/5.0 (X11; Linux x86_64) AppleWebKit/537.36"
192.168.1.14 - - [02/Jan/2024:16:58:04 +0000] "PUT /login HTTP/1.1" 301 3551 "https://facebook.com" "Mozilla/5.0 (Macintosh; Intel Mac OS X 10_15_7) AppleWebKit/537.36"
192.168.1.197 - - [02/Jan/2024:17:02:24 +0000] "GET /login HTTP/1.1" 200 4317 "https://www.bing.com" "Mozilla/5.0 (iPhone; CPU iPhone OS 14_0 like Mac OS X) AppleWebKit/605.1.15"
192.168.1.250 - - [02/Jan/2024:17:06:43 +0000] "PUT /products/laptops HTTP/1.1" 200 2507 "direct" "Mozilla/5.0 (Macintosh; Intel Mac OS X 10_15_7) AppleWebKit/537.36"
192.168.1.161 - - [02/Jan/2024:17:11:02 +0000] "DELETE /contact HTTP/1.1" 301 2340 "https://facebook.com" "Mozilla/5.0 (X11; Linux x86_64) AppleWebKit/537.36"
192.168.1.215 - - [02/Jan/2024:17:15:21 +0000] "GET /login HTTP/1.1" 404 1953 "direct" "Mozilla/5.0 (Macintosh; Intel Mac OS X 10_15_7) AppleWebKit/537.36"
192.168.1.181 - - [02/Jan/2024:17:19:40 +0000] "GET /contact HTTP/1.1" 301 2392 "https://twitter.com" "Mozilla/5.0 (Macintosh; Intel Mac OS X 10_15_7) AppleWebKit/537.36"
192.168.1.111 - - [02/Jan/2024:17:24:00 +0000] "DELETE /about HTTP/1.1" 500 3915 "https://facebook.com" "Mozilla/5.0 (X11; Linux x86_64) AppleWebKit/537.36"
192.168.1.181 - - [02/Jan/2024:17:28:19 +0000] "DELETE /register HTTP/1.1" 500 3877 "direct" "Mozilla/5.0 (Macintosh; Intel Mac OS X 10_15_7) AppleWebKit/537.36"
192.168.1.161 - - [02/Jan/2024:17:32:38 +0000] "PUT /products/phones HTTP/1.1" 500 4394 "https://www.bing.com" "Mozilla/5.0 (X11; Linux x86_64) AppleWebKit/537.36"
192.168.1.109 - - [02/Jan/2024:17:36:57 +0000] "PUT /products HTTP/1.1" 404 4789 "https://www.google.com" "Mozilla/5.0 (iPhone; CPU iPhone OS 14_0 like Mac OS X) AppleWebKit/605.1.15"
192.168.1.223 - - [02/Jan/2024:17:41:16 +0000] "GET /products HTTP/1.1" 404 3642 "https://www.bing.com" "Mozilla/5.0 (Windows NT 10.0; Win64; x64) AppleWebKit/537.36"
192.168.1.191 - - [02/Jan/2024:17:45:36 +0000] "PUT /login HTTP/1.1" 200 2220 "https://linkedin.com" "Mozilla/5.0 (Macintosh; Intel Mac OS X 10_15_7) AppleWebKit/537.36"
192.168.1.174 - - [02/Jan/2024:17:49:55 +0000] "PUT /about HTTP/1.1" 301 531 "https://facebook.com" "Mozilla/5.0 (Macintosh; Intel Mac OS X 10_15_7) AppleWebKit/537.36"
192.168.1.130 - - [02/Jan/2024:17:54:14 +0000] "PUT /blog HTTP/1.1" 500 4659 "https://linkedin.com" "Mozilla/5.0 (iPhone; CPU iPhone OS 14_0 like Mac OS X) AppleWebKit/605.1.15"
192.168.1.26 - - [02/Jan/2024:17:58:33 +0000] "PUT /register HTTP/1.1" 301 2539 "direct" "Mozilla/5.0 (iPhone; CPU iPhone OS 14_0 like Mac OS X) AppleWebKit/605.1.15"
192.168.1.220 - - [02/Jan/2024:18:02:52 +0000] "POST /contact HTTP/1.1" 500 2771 "https://www.bing.com" "Mozilla/5.0 (iPhone; CPU iPhone OS 14_0 like Mac OS X) AppleWebKit/605.1.15"
192.168.1.216 - - [02/Jan/2024:18:07:12 +0000] "PUT /contact HTTP/1.1" 301 3779 "direct" "Mozilla/5.0 (Windows NT 10.0; Win64; x64) AppleWebKit/537.36"
192.168.1.155 - - [02/Jan/2024:18:11:31 +0000] "DELETE / HTTP/1.1" 200 4795 "https://www.bing.com" "Mozilla/5.0 (Macintosh; Intel Mac OS X 10_15_7) AppleWebKit/537.36"
192.168.1.122 - - [02/Jan/2024:18:15:50 +0000] "POST /about HTTP/1.1" 500 882 "https://linkedin.com" "Mozilla/5.0 (iPhone; CPU iPhone OS 14_0 like Mac OS X) AppleWebKit/605.1.15"
192.168.1.216 - - [02/Jan/2024:18:20:09 +0000] "DELETE /products/phones HTTP/1.1" 200 4214 "https://www.google.com" "Mozilla/5.0 (Macintosh; Intel Mac OS X 10_15_7) AppleWebKit/537.36"
192.168.1.205 - - [02/Jan/2024:18:24:28 +0000] "PUT /login HTTP/1.1" 200 512 "https://linkedin.com" "Mozilla/5.0 (X11; Linux x86_64) AppleWebKit/537.36"
192.168.1.190 - - [02/Jan/2024:18:28:48 +0000] "GET /products/phones HTTP/1.1" 200 502 "https://www.google.com" "Mozilla/5.0 (Windows NT 10.0; Win64; x64) AppleWebKit/537.36"
192.168.1.25 - - [02/Jan/2024:18:33:07 +0000] "GET /blog HTTP/1.1" 404 2347 "https://www.google.com" "Mozilla/5.0 (X11; Linux x86_64) AppleWebKit/537.36"
192.168.1.90 - - [02/Jan/2024:18:37:26 +0000] "DELETE /about HTTP/1.1" 404 1507 "https://www.bing.com" "Mozilla/5.0 (iPhone; CPU iPhone OS 14_0 like Mac OS X) AppleWebKit/605.1.15"
192.168.1.247 - - [02/Jan/2024:18:41:45 +0000] "PUT /api/data HTTP/1.1" 301 902 "https://linkedin.com" "Mozilla/5.0 (Macintosh; Intel Mac OS X 10_15_7) AppleWebKit/537.36"
192.168.1.63 - - [02/Jan/2024:18:46:04 +0000] "PUT /register HTTP/1.1" 404 4253 "https://twitter.com" "Mozilla/5.0 (iPhone; CPU iPhone OS 14_0 like Mac OS X) AppleWebKit/605.1.15"
192.168.1.246 - - [02/Jan/2024:18:50:24 +0000] "GET /products/phones HTTP/1.1" 500 4777 "https://twitter.com" "Mozilla/5.0 (Windows NT 10.0; Win64; x64) AppleWebKit/537.36"
192.168.1.18 - - [02/Jan/2024:18:54:43 +0000] "GET /api/data HTTP/1.1" 500 689 "https://www.bing.com" "Mozilla/5.0 (X11; Linux x86_64) AppleWebKit/537.36"
