192.168.1.199 - - [07/Jan/2024:06:41:45 +0000] "GET /api/data HTTP/1.1" 500 4031 "https://www.google.com" "Mozilla/5.0 (Windows NT 10.0; Win64; x64) AppleWebKit/537.36"
192.168.1.144 - - [07/Jan/2024:06:46:04 +0000] "POST / HTTP/1.1" 301 3119 "https://linkedin.com" "Mozilla/5.0 (Macintosh; Intel Mac OS X 10_15_7) AppleWebKit/537.36"
192.168.1.253 - - [07/Jan/2024:06:50:24 +0000] "PUT /products/laptops HTTP/1.1" 301 3887 "https://www.bing.com" "Mozilla/5.0 (iPhone; CPU iPhone OS 14_0 like Mac OS X) AppleWebKit/605.1.15"
192.168.1.134 - - [07/Jan/2024:06:54:43 +0000] "POST /admin HTTP/1.1" 500 2671 "https://www.bing.com" "Mozilla/5.0 (Windows NT 10.0; Win64; x64) AppleWebKit/537.36"
192.168.1.57 - - [07/Jan/2024:06:59:02 +0000] "GET /contact HTTP/1.1" 404 3516 "https://facebook.com" "Mozilla/5.0 (X11; Linux x86_64) AppleWebKit/537.36"
192.168.1.197 - - [07/Jan/2024:07:03:21 +0000] "PUT /products HTTP/1.1" 500 3674 "https://www.bing.com" "Mozilla/5.0 (iPhone; CPU iPhone OS 14_0 like Mac OS X) AppleWebKit/605.1.15"
192.168.1.228 - - [07/Jan/2024:07:07:40 +0000] "GET / HTTP/1.1" 404 2905 "https://www.google.com" "Mozilla/5.0 (Macintosh; Intel Mac OS X 10_15_7) AppleWebKit/537.36"
192.168.1.197 - - [07/Jan/2024:07:12:00 +0000] "PUT /contact HTTP/1.1" 301 4841 "https://www.google.com" "Mozilla/5.0 (X11; Linux x86_64) AppleWebKit/537.36"
192.168.1.42 - - [07/Jan/2024:07:16:19 +0000] "POST /register HTTP/1.1" 404 2323 "https://twitter.com" "Mozilla/5.0 (Windows NT 10.0; Win64; x64) AppleWebKit/537.36"
192.168.1.235 - - [07/Jan/2024:07:20:38 +0000] "DELETE /products HTTP/1.1" 301 4565 "https://linkedin.com" "Mozilla/5.0 (iPhone; CPU iPhone OS 14_0 like Mac OS X) AppleWebKit/605.1.15"
192.168.1.63 - - [07/Jan/2024:07:24:57 +0000] "PUT /products/laptops HTTP/1.1" 404 4396 "https://www.google.com" "Mozilla/5.0 (iPhone; CPU iPhone OS 14_0 like Mac OS X) AppleWebKit/605.1.15"
192.168.1.131 - - [07/Jan/2024:07:29:16 +0000] "POST / HTTP/1.1" 500 4287 "https://www.google.com" "Mozilla/5.0 (Macintosh; Intel Mac OS X 10_15_7) AppleWebKit/537.36"
192.168.1.70 - - [07/Jan/2024:07:33:36 +0000] "GET /products/phones HTTP/1.1" 500 4013 "https://facebook.com" "Mozilla/5.0 (Macintosh; Intel Mac OS X 10_15_7) AppleWebKit/537.36"
192.168.1.17 - - [07/Jan/2024:07:37:55 +0000] "PUT /register HTTP/1.1" 200 1221 "https://www.bing.com" "Mozilla/5.0 (Macintosh; Intel Mac OS X 10_15_7) AppleWebKit/537.36"
192.168.1.220 - - [07/Jan/2024:07:42:14 +0000] "PUT /blog HTTP/1.1" 500 2824 "https://linkedin.com" "Mozilla/5.0 (Windows NT 10.0; Win64; x64) AppleWebKit/537.36"
192.168.1.154 - - [07/Jan/2024:07:46:33 +0000] "GET /contact HTTP/1.1" 301 1654 "https://twitter.com" "Mozilla/5.0 (Windows NT 10.0; Win64; x64) AppleWebKit/537.36"
192.168.1.246 - - [07/Jan/2024:07:50:52 +0000] "GET /blog HTTP/1.1" 404 791 "https://www.bing.com" "Mozilla/5.0 (Macintosh; Intel Mac OS X 10_15_7) AppleWebKit/537.36"
192.168.1.114 - - [07/Jan/2024:07:55:12 +0000] "GET /admin HTTP/1.1" 301 578 "direct" "Mozilla/5.0 (X11; Linux x86_64) AppleWebKit/537.36"
192.168.1.148 - - [07/Jan/2024:07:59:31 +0000] "POST /login HTTP/1.1" 500 3950 "https://www.bing.com" "Mozilla/5.0 (iPhone; CPU iPhone OS 14_0 like Mac OS X) AppleWebKit/605.1.15"
192.168.1.55 - - [07/Jan/2024:08:03:50 +0000] "PUT /products/laptops HTTP/1.1" 200 3976 "https://linkedin.com" "Mozilla/5.0 (Windows NT 10.0; Win64; x64) AppleWebKit/537.36"
192.168.1.191 - - [07/Jan/2024:08:08:09 +0000] "POST /blog HTTP/1.1" 500 1985 "direct" "Mozilla/5.0 (Macintosh; Intel Mac OS X 10_15_7) AppleWebKit/537.36"
192.168.1.246 - - [07/Jan/2024:08:12:28 +0000] "POST /blog HTTP/1.1" 301 3352 "https://www.google.com" "Mozilla/5.0 (Macintosh; Intel Mac OS X 10_15_7) AppleWebKit/537.36"
192.168.1.29 - - [07/Jan/2024:08:16:48 +0000] "DELETE /products/laptops HTTP/1.1" 200 2201 "https://www.google.com" "Mozilla/5.0 (iPhone; CPU iPhone OS 14_0 like Mac OS X) AppleWebKit/605.1.15"
192.168.1.184 - - [07/Jan/2024:08:21:07 +0000] "PUT /home HTTP/1.1" 301 3969 "https://facebook.com" "Mozilla/5.0 (X11; Linux x86_64) AppleWebKit/537.36"
192.168.1.18 - - [07/Jan/2024:08:25:26 +0000] "DELETE /home HTTP/1.1" 404 3442 "https://linkedin.com" "Mozilla/5.0 (Windows NT 10.0; Win64; x64) AppleWebKit/537.36"
192.168.1.244 - - [07/Jan/2024:08:29:45 +0000] "GET /register HTTP/1.1" 404 2049 "direct" "Mozilla/5.0 (Macintosh; Intel Mac OS X 10_15_7) AppleWebKit/537.36"
192.168.1.12 - - [07/Jan/2024:08:34:04 +0000] "GET /home HTTP/1.1" 404 2098 "https://twitter.com" "Mozilla/5.0 (X11; Linux x86_64) AppleWebKit/537.36"
192.168.1.184 - - [07/Jan/2024:08:38:24 +0000] "DELETE /admin HTTP/1.1" 301 4062 "https://www.google.com" "Mozilla/5.0 (X11; Linux x86_64) AppleWebKit/537.36"
192.168.1.131 - - [07/Jan/2024:08:42:43 +0000] "DELETE /api/data HTTP/1.1" 200 4495 "https://twitter.com" "Mozilla/5.0 (X11; Linux x86_64) AppleWebKit/537.36"
192.168.1.124 - - [07/Jan/2024:08:47:02 +0000] "PUT /login HTTP/1.1" 500 3749 "https://www.google.com" "Mozilla/5.0 (X11; Linux x86_64) AppleWebKit/537.36"
192.168.1.191 - - [07/Jan/2024:08:51:21 +0000] "DELETE /api/data HTTP/1.1" 200 4381 "direct" "Mozilla/5.0 (X11; Linux x86_64) AppleWebKit/537.36"
192.168.1.250 - - [07/Jan/2024:08:55:40 +0000] "DELETE /api/data HTTP/1.1" 404 1176 "https://linkedin.com" "Mozilla/5.0 (Macintosh; Intel Mac OS X 10_15_7) AppleWebKit/537.36"
192.168.1.8 - - [07/Jan/2024:09:00:00 +0000] "DELETE /products/phones HTTP/1.1" 500 3769 "https://facebook.com" "Mozilla/5.0 (X11; Linux x86_64) AppleWebKit/537.36"
192.168.1.26 - - [07/Jan/2024:09:04:19 +0000] "POST / HTTP/1.1" 404 3957 "https://linkedin.com" "Mozilla/5.0 (iPhone; CPU iPhone OS 14_0 like Mac OS X) AppleWebKit/605.1.15"
192.168.1.243 - - [07/Jan/2024:09:08:38 +0000] "GET /products/phones HTTP/1.1" 404 2815 "https://www.google.com" "Mozilla/5.0 (X11; Linux x86_64) AppleWebKit/537.36"
192.168.1.233 - - [07/Jan/2024:09:12:57 +0000] "GET /login HTTP/1.1" 404 885 "https://www.bing.com" "Mozilla/5.0 (Macintosh; Intel Mac OS X 10_15_7) AppleWebKit/537.36"
192.168.1.26 - - [07/Jan/2024:09:17:16 +0000] "GET /products HTTP/1.1" 200 2331 "https://twitter.com" "Mozilla/5.0 (X11; Linux x86_64) AppleWebKit/537.36"
192.168.1.161 - - [07/Jan/2024:09:21:36 +0000] "PUT /products/phones HTTP/1.1" 500 765 "direct" "Mozilla/5.0 (Windows NT 10.0; Win64; x64) AppleWebKit/537.36"
192.168.1.74 - - [07/Jan/2024:09:25:55 +0000] "DELETE /register HTTP/1.1" 404 2409 "https://www.google.com" "Mozilla/5.0 (Macintosh; Intel Mac OS X 10_15_7) AppleWebKit/537.36"
192.168.1.220 - - [07/Jan/2024:09:30:14 +0000] "POST /login HTTP/1.1" 301 3799 "https://facebook.com" "Mozilla/5.0 (Windows NT 10.0; Win64; x64) AppleWebKit/537.36"
192.168.1.207 - - [07/Jan/2024:09:34:33 +0000] "GET /blog HTTP/1.1" 200 4447 "https://www.google.com" "Mozilla/5.0 (X11; Linux x86_64) AppleWebKit/537.36"
192.168.1.218 - - [07/Jan/2024:09:38:52 +0000] "PUT /contact HTTP/1.1" 500 4371 "https://www.google.com" "Mozilla/5.0 (X11; Linux x86_64) AppleWebKit/537.36"
192.168.1.111 - - [07/Jan/2024:09:43:12 +0000] "DELETE /home HTTP/1.1" 500 4721 "https://www.google.com" "Mozilla/5.0 (iPhone; CPU iPhone OS 14_0 like Mac OS X) AppleWebKit/605.1.15"
192.168.1.220 - - [07/Jan/2024:09:47:31 +0000] "DELETE /products/phones HTTP/1.1" 301 3867 "https://www.bing.com" "Mozilla/5.0 (Windows NT 10.0; Win64; x64) AppleWebKit/537.36"
192.168.1.73 - - [07/Jan/2024:09:51:50 +0000] "GET /contact HTTP/1.1" 200 3202 "https://facebook.com" "Mozilla/5.0 (iPhone; CPU iPhone OS 14_0 like Mac OS X) AppleWebKit/605.1.15"
192.168.1.73 - - [07/Jan/2024:09:56:09 +0000] "DELETE /products/phones HTTP/1.1" 301 2882 "direct" "Mozilla/5.0 (X11; Linux x86_64) AppleWebKit/537.36"
192.168.1.218 - - [07/Jan/2024:10:00:28 +0000] "POST /home HTTP/1.1" 200 3122 "https://linkedin.com" "Mozilla/5.0 (Macintosh; Intel Mac OS X 10_15_7) AppleWebKit/537.36"
192.168.1.168 - - [07/Jan/2024:10:04:48 +0000] "POST /blog HTTP/1.1" 500 1567 "https://www.google.com" "Mozilla/5.0 (X11; Linux x86_64) AppleWebKit/537.36"
192.168.1.134 - - [07/Jan/2024:10:09:07 +0000] "DELETE /about HTTP/1.1" 500 4419 "direct" "Mozilla/5.0 (iPhone; CPU iPhone OS 14_0 like Mac OS X) AppleWebKit/605.1.15"
192.168.1.134 - - [07/Jan/2024:10:13:26 +0000] "PUT /home HTTP/1.1" 200 4849 "https://twitter.com" "Mozilla/5.0 (X11; Linux x86_64) AppleWebKit/537.36"
192.168.1.161 - - [07/Jan/2024:10:17:45 +0000] "GET /admin HTTP/1.1" 200 1940 "https://linkedin.com" "Mozilla/5.0 (iPhone; CPU iPhone OS 14_0 like Mac OS X) AppleWebKit/605.1.15"
192.168.1.29 - - [07/Jan/2024:10:22:04 +0000] "POST /admin HTTP/1.1" 404 3925 "https://linkedin.com" "Mozilla/5.0 (X11; Linux x86_64) AppleWebKit/537.36"
192.168.1.211 - - [07/Jan/2024:10:26:24 +0000] "POST /products/phones HTTP/1.1" 404 636 "https://linkedin.com" "Mozilla/5.0 (X11; Linux x86_64) AppleWebKit/537.36"
192.168.1.63 - - [07/Jan/2024:10:30:43 +0000] "DELETE /contact HTTP/1.1" 404 4509 "https://www.bing.com" "Mozilla/5.0 (X11; Linux x86_64) AppleWebKit/537.36"
192.168.1.183 - - [07/Jan/2024:10:35:02 +0000] "DELETE /admin HTTP/1.1" 500 1175 "https://twitter.com" "Mozilla/5.0 (Macintosh; Intel Mac OS X 10_15_7) AppleWebKit/537.36"
192.168.1.184 - - [07/Jan/2024:10:39:21 +0000] "PUT /api/data HTTP/1.1" 301 3756 "https://twitter.com" "Mozilla/5.0 (X11; Linux x86_64) AppleWebKit/537.36"
192.168.1.243 - - [07/Jan/2024:10:43:40 +0000] "POST /admin HTTP/1.1" 500 2700 "https://www.bing.com" "Mozilla/5.0 (Macintosh; Intel Mac OS X 10_15_7) AppleWebKit/537.36"
192.168.1.209 - - [07/Jan/2024:10:48:00 +0000] "POST /register HTTP/1.1" 200 3470 "https://facebook.com" "Mozilla/5.0 (X11; Linux x86_64) AppleWebKit/537.36"
192.168.1.144 - - [07/Jan/2024:10:52:19 +0000] "PUT /api/data HTTP/1.1" 301 1555 "direct" "Mozilla/5.0 (X11; Linux x86_64) AppleWebKit/537.36"
192.168.1.207 - - [07/Jan/2024:10:56:38 +0000] "PUT / HTTP/1.1" 200 1176 "https://www.google.com" "Mozilla/5.0 (Macintosh; Intel Mac OS X 10_15_7) AppleWebKit/537.36"
192.168.1.4 - - [07/Jan/2024:11:00:57 +0000] "POST /products/laptops HTTP/1.1" 200 4491 "https://linkedin.com" "Mozilla/5.0 (Windows NT 10.0; Win64; x64) AppleWebKit/537.36"
192.168.1.197 - - [07/Jan/2024:11:05:16 +0000] "DELETE /register HTTP/1.1" 404 1024 "https://www.bing.com" "Mozilla/5.0 (Windows NT 10.0; Win64; x64) AppleWebKit/537.36"
192.168.1.17 - - [07/Jan/2024:11:09:36 +0000] "PUT /login HTTP/1.1" 404 3015 "https://facebook.com" "Mozilla/5.0 (Windows NT 10.0; Win64; x64) AppleWebKit/537.36"
192.168.1.70 - - [07/Jan/2024:11:13:55 +0000] "POST /about HTTP/1.1" 200 3809 "https://twitter.com" "Mozilla/5.0 (Macintosh; Intel Mac OS X 10_15_7) AppleWebKit/537.36"
192.168.1.250 - - [07/Jan/2024:11:18:14 +0000] "DELETE /home HTTP/1.1" 404 1434 "direct" "Mozilla/5.0 (iPhone; CPU iPhone OS 14_0 like Mac OS X) AppleWebKit/605.1.15"
192.168.1.181 - - [07/Jan/2024:11:22:33 +0000] "DELETE /admin HTTP/1.1" 200 3180 "https://facebook.com" "Mozilla/5.0 (Windows NT 10.0; Win64; x64) AppleWebKit/537.36"
192.168.1.134 - - [07/Jan/2024:11:26:52 +0000] "GET /admin HTTP/1.1" 200 3262 "direct" "Mozilla/5.0 (Macintosh; Intel Mac OS X 10_15_7) AppleWebKit/537.36"
192.168.1.111 - - [07/Jan/2024:11:31:12 +0000] "DELETE /products HTTP/1.1" 404 577 "https://www.bing.com" "Mozilla/5.0 (Windows NT 10.0; Win64; x64) AppleWebKit/537.36"
192.168.1.57 - - [07/Jan/2024:11:35:31 +0000] "POST /admin HTTP/1.1" 301 4652 "https://facebook.com" "Mozilla/5.0 (iPhone; CPU iPhone OS 14_0 like Mac OS X) AppleWebKit/605.1.15"
192.168.1.109 - - [07/Jan/2024:11:39:50 +0000] "DELETE /blog HTTP/1.1" 200 2662 "https://facebook.com" "Mozilla/5.0 (X11; Linux x86_64) AppleWebKit/537.36"
192.168.1.73 - - [07/Jan/2024:11:44:09 +0000] "GET /products/laptops HTTP/1.1" 301 4527 "https://www.bing.com" "Mozilla/5.0 (iPhone; CPU iPhone OS 14_0 like Mac OS X) AppleWebKit/605.1.15"
192.168.1.205 - - [07/Jan/2024:11:48:28 +0000] "PUT /register HTTP/1.1" 200 3213 "https://twitter.com" "Mozilla/5.0 (iPhone; CPU iPhone OS 14_0 like Mac OS X) AppleWebKit/605.1.15"
192.168.1.114 - - [07/Jan/2024:11:52:48 +0000] "POST /register HTTP/1.1" 200 3735 "direct" "Mozilla/5.0 (Windows NT 10.0; Win64; x64) AppleWebKit/537.36"
192.168.1.74 - - [07/Jan/2024:11:57:07 +0000] "PUT /products/laptops HTTP/1.1" 200 2821 "https://facebook.com" "Mozilla/5.0 (iPhone; CPU iPhone OS 14_0 like Mac OS X) AppleWebKit/605.1.15"
192.168.1.233 - - [07/Jan/2024:12:01:26 +0000] "PUT /products/laptops HTTP/1.1" 404 3378 "https://facebook.com" "Mozilla/5.0 (X11; Linux x86_64) AppleWebKit/537.36"
192.168.1.42 - - [07/Jan/2024:12:05:45 +0000] "POST /register HTTP/1.1" 404 1298 "https://twitter.com" "Mozilla/5.0 (X11; Linux x86_64) AppleWebKit/537.36"
192.168.1.29 - - [07/Jan/2024:12:10:04 +0000] "GET /about HTTP/1.1" 404 3570 "https://facebook.com" "Mozilla/5.0 (iPhone; CPU iPhone OS 14_0 like Mac OS X) AppleWebKit/605.1.15"
192.168.1.246 - - [07/Jan/2024:12:14:24 +0000] "PUT /blog HTTP/1.1" 500 3275 "https://facebook.com" "Mozilla/5.0 (Windows NT 10.0; Win64; x64) AppleWebKit/537.36"
192.168.1.57 - - [07/Jan/2024:12:18:43 +0000] "DELETE /products/phones HTTP/1.1" 404 1510 "direct" "Mozilla/5.0 (iPhone; CPU iPhone OS 14_0 like Mac OS X) AppleWebKit/605.1.15"
192.168.1.245 - - [07/Jan/2024:12:23:02 +0000] "POST /contact HTTP/1.1" 500 4476 "https://www.google.com" "Mozilla/5.0 (Windows NT 10.0; Win64; x64) AppleWebKit/537.36"
192.168.1.181 - - [07/Jan/2024:12:27:21 +0000] "GET /register HTTP/1.1" 500 2819 "https://twitter.com" "Mozilla/5.0 (iPhone; CPU iPhone OS 14_0 like Mac OS X) AppleWebKit/605.1.15"
192.168.1.77 - - [07/Jan/2024:12:31:40 +0000] "GET /home HTTP/1.1" 500 635 "https://linkedin.com" "Mozilla/5.0 (iPhone; CPU iPhone OS 14_0 like Mac OS X) AppleWebKit/605.1.15"
192.168.1.55 - - [07/Jan/2024:12:36:00 +0000] "PUT /register HTTP/1.1" 404 4620 "https://twitter.com" "Mozilla/5.0 (Windows NT 10.0; Win64; x64) AppleWebKit/537.36"
192.168.1.215 - - [07/Jan/2024:12:40:19 +0000] "PUT /contact HTTP/1.1" 404 2766 "https://linkedin.com" "Mozilla/5.0 (iPhone; CPU iPhone OS 14_0 like Mac OS X) AppleWebKit/605.1.15"
192.168.1.54 - - [07/Jan/2024:12:44:38 +0000] "GET /products/laptops HTTP/1.1" 301 2961 "https://www.bing.com" "Mozilla/5.0 (Macintosh; Intel Mac OS X 10_15_7) AppleWebKit/537.36"
192.168.1.207 - - [07/Jan/2024:12:48:57 +0000] "GET /products/phones HTTP/1.1" 200 2938 "https://www.google.com" "Mozilla/5.0 (iPhone; CPU iPhone OS 14_0 like Mac OS X) AppleWebKit/605.1.15"
192.168.1.126 - - [07/Jan/2024:12:53:16 +0000] "DELETE /contact HTTP/1.1" 404 4416 "https://linkedin.com" "Mozilla/5.0 (iPhone; CPU iPhone OS 14_0 like Mac OS X) AppleWebKit/605.1.15"
192.168.1.111 - - [07/Jan/2024:12:57:36 +0000] "PUT /products HTTP/1.1" 200 1674 "https://linkedin.com" "Mozilla/5.0 (Macintosh; Intel Mac OS X 10_15_7) AppleWebKit/537.36"
192.168.1.215 - - [07/Jan/2024:13:01:55 +0000] "GET / HTTP/1.1" 500 4038 "https://www.google.com" "Mozilla/5.0 (Macintosh; Intel Mac OS X 10_15_7) AppleWebKit/537.36"
192.168.1.63 - - [07/Jan/2024:13:06:14 +0000] "PUT /blog HTTP/1.1" 404 4783 "direct" "Mozilla/5.0 (Windows NT 10.0; Win64; x64) AppleWebKit/537.36"
192.168.1.245 - - [07/Jan/2024:13:10:33 +0000] "GET /login HTTP/1.1" 404 2802 "https://facebook.com" "Mozilla/5.0 (Macintosh; Intel Mac OS X 10_15_7) AppleWebKit/537.36"
192.168.1.197 - - [07/Jan/2024:13:14:52 +0000] "POST /login HTTP/1.1" 200 3207 "https://facebook.com" "Mozilla/5.0 (Windows NT 10.0; Win64; x64) AppleWebKit/537.36"
192.168.1.30 - - [07/Jan/2024:13:19:12 +0000] "POST /products/laptops HTTP/1.1" 301 3778 "https://www.bing.com" "Mozilla/5.0 (iPhone; CPU iPhone OS 14_0 like Mac OS X) AppleWebKit/605.1.15"
192.168.1.207 - - [07/Jan/2024:13:23:31 +0000] "POST /products HTTP/1.1" 500 1731 "https://facebook.com" "Mozilla/5.0 (iPhone; CPU iPhone OS 14_0 like Mac OS X) AppleWebKit/605.1.15"
192.168.1.154 - - [07/Jan/2024:13:27:50 +0000] "PUT /products/phones HTTP/1.1" 404 4506 "https://facebook.com" "Mozilla/5.0 (Macintosh; Intel Mac OS X 10_15_7) AppleWebKit/537.36"
192.168.1.190 - - [07/Jan/2024:13:32:09 +0000] "POST /products/phones HTTP/1.1" 200 1667 "direct" "Mozilla/5.0 (Windows NT 10.0; Win64; x64) AppleWebKit/537.36"
192.168.1.190 - - [07/Jan/2024:13:36:28 +0000] "PUT /about HTTP/1.1" 200 991 "https://www.bing.com" "Mozilla/5.0 (Macintosh; Intel Mac OS X 10_15_7) AppleWebKit/537.36"
192.168.1.17 - - [07/Jan/2024:13:40:48 +0000] "PUT /products/phones HTTP/1.1" 301 3167 "https://linkedin.com" "Mozilla/5.0 (Macintosh; Intel Mac OS X 10_15_7) AppleWebKit/537.36"
192.168.1.63 - - [07/Jan/2024:13:45:07 +0000] "POST /home HTTP/1.1" 200 2769 "https://facebook.com" "Mozilla/5.0 (Macintosh; Intel Mac OS X 10_15_7) AppleWebKit/537.36"
192.168.1.37 - - [07/Jan/2024:13:49:26 +0000] "GET /register HTTP/1.1" 404 2377 "https://linkedin.com" "Mozilla/5.0 (Windows NT 10.0; Win64; x64) AppleWebKit/537.36"
192.168.1.247 - - [07/Jan/2024:13:53:45 +0000] "POST /register HTTP/1.1" 500 3833 "https://linkedin.com" "Mozilla/5.0 (iPhone; CPU iPhone OS 14_0 like Mac OS X) AppleWebKit/605.1.15"
192.168.1.114 - - [07/Jan/2024:13:58:04 +0000] "POST /register HTTP/1.1" 500 4103 "https://facebook.com" "Mozilla/5.0 (iPhone; CPU iPhone OS 14_0 like Mac OS X) AppleWebKit/605.1.15"
192.168.1.26 - - [07/Jan/2024:14:02:24 +0000] "POST /contact HTTP/1.1" 301 1213 "https://twitter.com" "Mozilla/5.0 (Windows NT 10.0; Win64; x64) AppleWebKit/537.36"
192.168.1.245 - - [07/Jan/2024:14:06:43 +0000] "PUT /about HTTP/1.1" 500 920 "https://linkedin.com" "Mozilla/5.0 (iPhone; CPU iPhone OS 14_0 like Mac OS X) AppleWebKit/605.1.15"
192.168.1.42 - - [07/Jan/2024:14:11:02 +0000] "PUT /home HTTP/1.1" 404 598 "https://facebook.com" "Mozilla/5.0 (iPhone; CPU iPhone OS 14_0 like Mac OS X) AppleWebKit/605.1.15"
192.168.1.12 - - [07/Jan/2024:14:15:21 +0000] "PUT /admin HTTP/1.1" 301 2971 "https://facebook.com" "Mozilla/5.0 (X11; Linux x86_64) AppleWebKit/537.36"
192.168.1.168 - - [07/Jan/2024:14:19:40 +0000] "PUT / HTTP/1.1" 200 4435 "https://twitter.com" "Mozilla/5.0 (Macintosh; Intel Mac OS X 10_15_7) AppleWebKit/537.36"
192.168.1.148 - - [07/Jan/2024:14:24:00 +0000] "DELETE /products/phones HTTP/1.1" 301 701 "https://facebook.com" "Mozilla/5.0 (Macintosh; Intel Mac OS X 10_15_7) AppleWebKit/537.36"
192.168.1.131 - - [07/Jan/2024:14:28:19 +0000] "PUT /products/laptops HTTP/1.1" 200 4417 "https://twitter.com" "Mozilla/5.0 (iPhone; CPU iPhone OS 14_0 like Mac OS X) AppleWebKit/605.1.15"
192.168.1.154 - - [07/Jan/2024:14:32:38 +0000] "GET /register HTTP/1.1" 404 2040 "https://linkedin.com" "Mozilla/5.0 (Windows NT 10.0; Win64; x64) AppleWebKit/537.36"
192.168.1.245 - - [07/Jan/2024:14:36:57 +0000] "PUT /products/laptops HTTP/1.1" 500 756 "https://www.bing.com" "Mozilla/5.0 (X11; Linux x86_64) AppleWebKit/537.36"
192.168.1.215 - - [07/Jan/2024:14:41:16 +0000] "GET /login HTTP/1.1" 500 4263 "https://www.bing.com" "Mozilla/5.0 (iPhone; CPU iPhone OS 14_0 like Mac OS X) AppleWebKit/605.1.15"
192.168.1.107 - - [07/Jan/2024:14:45:36 +0000] "POST /products/laptops HTTP/1.1" 301 862 "https://www.bing.com" "Mozilla/5.0 (Windows NT 10.0; Win64; x64) AppleWebKit/537.36"
192.168.1.235 - - [07/Jan/2024:14:49:55 +0000] "POST /api/data HTTP/1.1" 500 4915 "https://www.bing.com" "Mozilla/5.0 (Windows NT 10.0; Win64; x64) AppleWebKit/537.36"
192.168.1.55 - - [07/Jan/2024:14:54:14 +0000] "GET /about HTTP/1.1" 404 4063 "https://www.bing.com" "Mozilla/5.0 (X11; Linux x86_64) AppleWebKit/537.36"
192.168.1.73 - - [07/Jan/2024:14:58:33 +0000] "PUT /blog HTTP/1.1" 301 3608 "https://www.bing.com" "Mozilla/5.0 (Windows NT 10.0; Win64; x64) AppleWebKit/537.36"
192.168.1.216 - - [07/Jan/2024:15:02:52 +0000] "GET /products/laptops HTTP/1.1" 404 3733 "direct" "Mozilla/5.0 (iPhone; CPU iPhone OS 14_0 like Mac OS X) AppleWebKit/605.1.15"
192.168.1.130 - - [07/Jan/2024:15:07:12 +0000] "POST / HTTP/1.1" 301 876 "https://twitter.com" "Mozilla/5.0 (iPhone; CPU iPhone OS 14_0 like Mac OS X) AppleWebKit/605.1.15"
192.168.1.252 - - [07/Jan/2024:15:11:31 +0000] "PUT /home HTTP/1.1" 404 4622 "https://www.google.com" "Mozilla/5.0 (iPhone; CPU iPhone OS 14_0 like Mac OS X) AppleWebKit/605.1.15"
192.168.1.26 - - [07/Jan/2024:15:15:50 +0000] "DELETE /contact HTTP/1.1" 301 1454 "https://facebook.com" "Mozilla/5.0 (Macintosh; Intel Mac OS X 10_15_7) AppleWebKit/537.36"
192.168.1.29 - - [07/Jan/2024:15:20:09 +0000] "DELETE /contact HTTP/1.1" 301 3900 "https://www.bing.com" "Mozilla/5.0 (Macintosh; Intel Mac OS X 10_15_7) AppleWebKit/537.36"
192.168.1.107 - - [07/Jan/2024:15:24:28 +0000] "GET /home HTTP/1.1" 200 3823 "https://www.google.com" "Mozilla/5.0 (X11; Linux x86_64) AppleWebKit/537.36"
192.168.1.42 - - [07/Jan/2024:15:28:48 +0000] "GET /admin HTTP/1.1" 404 4952 "https://www.google.com" "Mozilla/5.0 (Macintosh; Intel Mac OS X 10_15_7) AppleWebKit/537.36"
192.168.1.253 - - [07/Jan/2024:15:33:07 +0000] "PUT /register HTTP/1.1" 404 3937 "https://www.google.com" "Mozilla/5.0 (X11; Linux x86_64) AppleWebKit/537.36"
192.168.1.250 - - [07/Jan/2024:15:37:26 +0000] "POST /login HTTP/1.1" 200 3518 "https://facebook.com" "Mozilla/5.0 (Windows NT 10.0; Win64; x64) AppleWebKit/537.36"
192.168.1.218 - - [07/Jan/2024:15:41:45 +0000] "GET /about HTTP/1.1" 200 1550 "https://twitter.com" "Mozilla/5.0 (Windows NT 10.0; Win64; x64) AppleWebKit/537.36"
192.168.1.144 - - [07/Jan/2024:15:46:04 +0000] "POST /products HTTP/1.1" 301 3143 "https://www.bing.com" "Mozilla/5.0 (iPhone; CPU iPhone OS 14_0 like Mac OS X) AppleWebKit/605.1.15"
192.168.1.207 - - [07/Jan/2024:15:50:24 +0000] "GET /products/laptops HTTP/1.1" 301 1797 "https://twitter.com" "Mozilla/5.0 (Macintosh; Intel Mac OS X 10_15_7) AppleWebKit/537.36"
192.168.1.114 - - [07/Jan/2024:15:54:43 +0000] "PUT / HTTP/1.1" 500 3240 "https://twitter.com" "Mozilla/5.0 (Windows NT 10.0; Win64; x64) AppleWebKit/537.36"
192.168.1.8 - - [07/Jan/2024:15:59:02 +0000] "PUT /home HTTP/1.1" 200 2946 "https://www.bing.com" "Mozilla/5.0 (Windows NT 10.0; Win64; x64) AppleWebKit/537.36"
192.168.1.173 - - [07/Jan/2024:16:03:21 +0000] "DELETE /api/data HTTP/1.1" 301 4708 "https://www.bing.com" "Mozilla/5.0 (X11; Linux x86_64) AppleWebKit/537.36"
192.168.1.247 - - [07/Jan/2024:16:07:40 +0000] "GET /login HTTP/1.1" 200 614 "https://linkedin.com" "Mozilla/5.0 (Windows NT 10.0; Win64; x64) AppleWebKit/537.36"
192.168.1.218 - - [07/Jan/2024:16:12:00 +0000] "POST / HTTP/1.1" 500 2463 "direct" "Mozilla/5.0 (iPhone; CPU iPhone OS 14_0 like Mac OS X) AppleWebKit/605.1.15"
192.168.1.42 - - [07/Jan/2024:16:16:19 +0000] "POST /login HTTP/1.1" 500 1867 "direct" "Mozilla/5.0 (X11; Linux x86_64) AppleWebKit/537.36"
192.168.1.191 - - [07/Jan/2024:16:20:38 +0000] "POST /blog HTTP/1.1" 200 1271 "https://www.bing.com" "Mozilla/5.0 (Windows NT 10.0; Win64; x64) AppleWebKit/537.36"
192.168.1.1 - - [07/Jan/2024:16:24:57 +0000] "POST /products/phones HTTP/1.1" 200 1915 "direct" "Mozilla/5.0 (Windows NT 10.0; Win64; x64) AppleWebKit/537.36"
192.168.1.168 - - [07/Jan/2024:16:29:16 +0000] "GET /home HTTP/1.1" 404 1320 "https://www.bing.com" "Mozilla/5.0 (X11; Linux x86_64) AppleWebKit/537.36"
192.168.1.51 - - [07/Jan/2024:16:33:36 +0000] "GET /admin HTTP/1.1" 301 2872 "https://www.google.com" "Mozilla/5.0 (Windows NT 10.0; Win64; x64) AppleWebKit/537.36"
192.168.1.163 - - [07/Jan/2024:16:37:55 +0000] "DELETE /products/phones HTTP/1.1" 301 861 "https://www.bing.com" "Mozilla/5.0 (Windows NT 10.0; Win64; x64) AppleWebKit/537.36"
192.168.1.124 - - [07/Jan/2024:16:42:14 +0000] "POST /blog HTTP/1.1" 200 2032 "https://www.google.com" "Mozilla/5.0 (Windows NT 10.0; Win64; x64) AppleWebKit/537.36"
192.168.1.74 - - [07/Jan/2024:16:46:33 +0000] "POST /home HTTP/1.1" 404 2735 "https://facebook.com" "Mozilla/5.0 (Windows NT 10.0; Win64; x64) AppleWebKit/537.36"
192.168.1.183 - - [07/Jan/2024:16:50:52 +0000] "POST /api/data HTTP/1.1" 500 2293 "https://www.google.com" "Mozilla/5.0 (Windows NT 10.0; Win64; x64) AppleWebKit/537.36"
192.168.1.213 - - [07/Jan/2024:16:55:12 +0000] "DELETE /products/phones HTTP/1.1" 200 3139 "https://twitter.com" "Mozilla/5.0 (iPhone; CPU iPhone OS 14_0 like Mac OS X) AppleWebKit/605.1.15"
192.168.1.235 - - [07/Jan/2024:16:59:31 +0000] "POST /blog HTTP/1.1" 500 2012 "https://www.bing.com" "Mozilla/5.0 (Macintosh; Intel Mac OS X 10_15_7) AppleWebKit/537.36"
192.168.1.134 - - [07/Jan/2024:17:03:50 +0000] "DELETE /api/data HTTP/1.1" 301 2820 "https://www.bing.com" "Mozilla/5.0 (iPhone; CPU iPhone OS 14_0 like Mac OS X) AppleWebKit/605.1.15"
192.168.1.107 - - [07/Jan/2024:17:08:09 +0000] "DELETE /admin HTTP/1.1" 404 2998 "direct" "Mozilla/5.0 (Windows NT 10.0; Win64; x64) AppleWebKit/537.36"
192.168.1.213 - - [07/Jan/2024:17:12:28 +0000] "POST /products/laptops HTTP/1.1" 404 1400 "direct" "Mozilla/5.0 (Macintosh; Intel Mac OS X 10_15_7) AppleWebKit/537.36"
192.168.1.42 - - [07/Jan/2024:17:16:48 +0000] "PUT /admin HTTP/1.1" 500 2684 "https://facebook.com" "Mozilla/5.0 (X11; Linux x86_64) AppleWebKit/537.36"
192.168.1.26 - - [07/Jan/2024:17:21:07 +0000] "DELETE /login HTTP/1.1" 500 1021 "https://linkedin.com" "Mozilla/5.0 (Macintosh; Intel Mac OS X 10_15_7) AppleWebKit/537.36"
192.168.1.189 - - [07/Jan/2024:17:25:26 +0000] "POST /products/laptops HTTP/1.1" 301 3373 "https://facebook.com" "Mozilla/5.0 (Windows NT 10.0; Win64; x64) AppleWebKit/537.36"
192.168.1.131 - - [07/Jan/2024:17:29:45 +0000] "POST / HTTP/1.1" 404 2914 "https://www.bing.com" "Mozilla/5.0 (X11; Linux x86_64) AppleWebKit/537.36"
192.168.1.220 - - [07/Jan/2024:17:34:04 +0000] "DELETE /blog HTTP/1.1" 200 4982 "https://twitter.com" "Mozilla/5.0 (Macintosh; Intel Mac OS X 10_15_7) AppleWebKit/537.36"
192.168.1.29 - - [07/Jan/2024:17:38:24 +0000] "GET /products/laptops HTTP/1.1" 404 2959 "https://www.bing.com" "Mozilla/5.0 (Windows NT 10.0; Win64; x64) AppleWebKit/537.36"
192.168.1.16 - - [07/Jan/2024:17:42:43 +0000] "POST /products/phones HTTP/1.1" 500 4393 "https://www.bing.com" "Mozilla/5.0 (X11; Linux x86_64) AppleWebKit/537.36"
192.168.1.216 - - [07/Jan/2024:17:47:02 +0000] "POST /products/phones HTTP/1.1" 404 4785 "https://linkedin.com" "Mozilla/5.0 (Windows NT 10.0; Win64; x64) AppleWebKit/537.36"
192.168.1.216 - - [07/Jan/2024:17:51:21 +0000] "GET /login HTTP/1.1" 301 3356 "https://linkedin.com" "Mozilla/5.0 (Windows NT 10.0; Win64; x64) AppleWebKit/537.36"
192.168.1.184 - - [07/Jan/2024:17:55:40 +0000] "GET /api/data HTTP/1.1" 500 3873 "https://www.bing.com" "Mozilla/5.0 (Windows NT 10.0; Win64; x64) AppleWebKit/537.36"
192.168.1.131 - - [07/Jan/2024:18:00:00 +0000] "PUT /products/phones HTTP/1.1" 404 2747 "https://www.google.com" "Mozilla/5.0 (X11; Linux x86_64) AppleWebKit/537.36"
192.168.1.163 - - [07/Jan/2024:18:04:19 +0000] "POST /products/phones HTTP/1.1" 200 4785 "https://twitter.com" "Mozilla/5.0 (Windows NT 10.0; Win64; x64) AppleWebKit/537.36"
192.168.1.57 - - [07/Jan/2024:18:08:38 +0000] "GET /products/laptops HTTP/1.1" 500 1746 "direct" "Mozilla/5.0 (Windows NT 10.0; Win64; x64) AppleWebKit/537.36"
192.168.1.25 - - [07/Jan/2024:18:12:57 +0000] "DELETE /about HTTP/1.1" 404 2167 "direct" "Mozilla/5.0 (Macintosh; Intel Mac OS X 10_15_7) AppleWebKit/537.36"
192.168.1.111 - - [07/Jan/2024:18:17:16 +0000] "GET /register HTTP/1.1" 500 4048 "https://twitter.com" "Mozilla/5.0 (Macintosh; Intel Mac OS X 10_15_7) AppleWebKit/537.36"
192.168.1.1 - - [07/Jan/2024:18:21:36 +0000] "DELETE /about HTTP/1.1" 404 2937 "https://twitter.com" "Mozilla/5.0 (Windows NT 10.0; Win64; x64) AppleWebKit/537.36"
192.168.1.173 - - [07/Jan/2024:18:25:55 +0000] "DELETE /about HTTP/1.1" 404 2682 "https://linkedin.com" "Mozilla/5.0 (Macintosh; Intel Mac OS X 10_15_7) AppleWebKit/537.36"
192.168.1.90 - - [07/Jan/2024:18:30:14 +0000] "POST /login HTTP/1.1" 404 1567 "https://linkedin.com" "Mozilla/5.0 (X11; Linux x86_64) AppleWebKit/537.36"
192.168.1.12 - - [07/Jan/2024:18:34:33 +0000] "PUT /products/laptops HTTP/1.1" 200 3586 "https://facebook.com" "Mozilla/5.0 (Macintosh; Intel Mac OS X 10_15_7) AppleWebKit/537.36"
192.168.1.163 - - [07/Jan/2024:18:38:52 +0000] "GET /products HTTP/1.1" 404 2876 "direct" "Mozilla/5.0 (X11; Linux x86_64) AppleWebKit/537.36"
192.168.1.215 - - [07/Jan/2024:18:43:12 +0000] "POST /register HTTP/1.1" 301 1395 "https://linkedin.com" "Mozilla/5.0 (Windows NT 10.0; Win64; x64) AppleWebKit/537.36"
192.168.1.154 - - [07/Jan/2024:18:47:31 +0000] "POST /home HTTP/1.1" 301 3843 "https://www.google.com" "Mozilla/5.0 (Windows NT 10.0; Win64; x64) AppleWebKit/537.36"
192.168.1.90 - - [07/Jan/2024:18:51:50 +0000] "GET /register HTTP/1.1" 500 2288 "https://linkedin.com" "Mozilla/5.0 (Windows NT 10.0; Win64; x64) AppleWebKit/537.36"
192.168.1.111 - - [07/Jan/2024:18:56:09 +0000] "GET /products/laptops HTTP/1.1" 301 1080 "https://linkedin.com" "Mozilla/5.0 (Windows NT 10.0; Win64; x64) AppleWebKit/537.36"
192.168.1.244 - - [07/Jan/2024:19:00:28 +0000] "GET /products HTTP/1.1" 200 2563 "direct" "Mozilla/5.0 (Macintosh; Intel Mac OS X 10_15_7) AppleWebKit/537.36"
192.168.1.144 - - [07/Jan/2024:19:04:48 +0000] "POST /about HTTP/1.1" 404 1373 "https://twitter.com" "Mozilla/5.0 (X11; Linux x86_64) AppleWebKit/537.36"
192.168.1.17 - - [07/Jan/2024:19:09:07 +0000] "DELETE /home HTTP/1.1" 301 4992 "https://www.google.com" "Mozilla/5.0 (Windows NT 10.0; Win64; x64) AppleWebKit/537.36"
192.168.1.205 - - [07/Jan/2024:19:13:26 +0000] "PUT /api/data HTTP/1.1" 404 565 "https://twitter.com" "Mozilla/5.0 (Windows NT 10.0; Win64; x64) AppleWebKit/537.36"
192.168.1.144 - - [07/Jan/2024:19:17:45 +0000] "GET / HTTP/1.1" 404 1261 "direct" "Mozilla/5.0 (Windows NT 10.0; Win64; x64) AppleWebKit/537.36"
192.168.1.235 - - [07/Jan/2024:19:22:04 +0000] "DELETE /login HTTP/1.1" 200 1945 "https://www.bing.com" "Mozilla/5.0 (X11; Linux x86_64) AppleWebKit/537.36"
192.168.1.155 - - [07/Jan/2024:19:26:24 +0000] "GET /products/phones HTTP/1.1" 301 4818 "https://linkedin.com" "Mozilla/5.0 (X11; Linux x86_64) AppleWebKit/537.36"
192.168.1.223 - - [07/Jan/2024:19:30:43 +0000] "POST /products/phones HTTP/1.1" 301 4487 "https://www.google.com" "Mozilla/5.0 (X11; Linux x86_64) AppleWebKit/537.36"
192.168.1.63 - - [07/Jan/2024:19:35:02 +0000] "PUT /products/phones HTTP/1.1" 200 3680 "https://twitter.com" "Mozilla/5.0 (Windows NT 10.0; Win64; x64) AppleWebKit/537.36"
192.168.1.197 - - [07/Jan/2024:19:39:21 +0000] "DELETE /contact HTTP/1.1" 404 4133 "https://www.bing.com" "Mozilla/5.0 (iPhone; CPU iPhone OS 14_0 like Mac OS X) AppleWebKit/605.1.15"
192.168.1.216 - - [07/Jan/2024:19:43:40 +0000] "POST /products HTTP/1.1" 200 1986 "https://linkedin.com" "Mozilla/5.0 (X11; Linux x86_64) AppleWebKit/537.36"
192.168.1.218 - - [07/Jan/2024:19:48:00 +0000] "PUT /home HTTP/1.1" 200 3538 "https://www.bing.com" "Mozilla/5.0 (Macintosh; Intel Mac OS X 10_15_7) AppleWebKit/537.36"
192.168.1.70 - - [07/Jan/2024:19:52:19 +0000] "DELETE /register HTTP/1.1" 200 739 "https://twitter.com" "Mozilla/5.0 (Macintosh; Intel Mac OS X 10_15_7) AppleWebKit/537.36"
192.168.1.161 - - [07/Jan/2024:19:56:38 +0000] "GET /products HTTP/1.1" 200 4359 "https://www.bing.com" "Mozilla/5.0 (Windows NT 10.0; Win64; x64) AppleWebKit/537.36"
192.168.1.247 - - [07/Jan/2024:20:00:57 +0000] "DELETE /products/phones HTTP/1.1" 500 2929 "https://www.google.com" "Mozilla/5.0 (Windows NT 10.0; Win64; x64) AppleWebKit/537.36"
192.168.1.240 - - [07/Jan/2024:20:05:16 +0000] "PUT /api/data HTTP/1.1" 200 3789 "https://linkedin.com" "Mozilla/5.0 (Windows NT 10.0; Win64; x64) AppleWebKit/537.36"
192.168.1.103 - - [07/Jan/2024:20:09:36 +0000] "PUT /blog HTTP/1.1" 404 3649 "https://facebook.com" "Mozilla/5.0 (iPhone; CPU iPhone OS 14_0 like Mac OS X) AppleWebKit/605.1.15"
192.168.1.29 - - [07/Jan/2024:20:13:55 +0000] "DELETE /admin HTTP/1.1" 200 3998 "direct" "Mozilla/5.0 (Windows NT 10.0; Win64; x64) AppleWebKit/537.36"
192.168.1.124 - - [07/Jan/2024:20:18:14 +0000] "PUT /admin HTTP/1.1" 404 3942 "https://facebook.com" "Mozilla/5.0 (Macintosh; Intel Mac OS X 10_15_7) AppleWebKit/537.36"
192.168.1.17 - - [07/Jan/2024:20:22:33 +0000] "POST /contact HTTP/1.1" 500 3021 "https://www.bing.com" "Mozilla/5.0 (Windows NT 10.0; Win64; x64) AppleWebKit/537.36"
192.168.1.1 - - [07/Jan/2024:20:26:52 +0000] "PUT /admin HTTP/1.1" 500 1636 "https://linkedin.com" "Mozilla/5.0 (X11; Linux x86_64) AppleWebKit/537.36"
192.168.1.103 - - [07/Jan/2024:20:31:12 +0000] "GET /about HTTP/1.1" 404 1292 "https://twitter.com" "Mozilla/5.0 (Macintosh; Intel Mac OS X 10_15_7) AppleWebKit/537.36"
192.168.1.1 - - [07/Jan/2024:20:35:31 +0000] "GET /register HTTP/1.1" 500 2913 "https://linkedin.com" "Mozilla/5.0 (iPhone; CPU iPhone OS 14_0 like Mac OS X) AppleWebKit/605.1.15"
192.168.1.63 - - [07/Jan/2024:20:39:50 +0000] "PUT /api/data HTTP/1.1" 200 866 "https://www.bing.com" "Mozilla/5.0 (iPhone; CPU iPhone OS 14_0 like Mac OS X) AppleWebKit/605.1.15"
192.168.1.163 - - [07/Jan/2024:20:44:09 +0000] "POST /register HTTP/1.1" 200 2057 "https://www.bing.com" "Mozilla/5.0 (X11; Linux x86_64) AppleWebKit/537.36"
192.168.1.250 - - [07/Jan/2024:20:48:28 +0000] "PUT /api/data HTTP/1.1" 500 3519 "https://www.google.com" "Mozilla/5.0 (iPhone; CPU iPhone OS 14_0 like Mac OS X) AppleWebKit/605.1.15"
192.168.1.233 - - [07/Jan/2024:20:52:48 +0000] "POST /contact HTTP/1.1" 301 2222 "https://www.bing.com" "Mozilla/5.0 (X11; Linux x86_64) AppleWebKit/537.36"
192.168.1.245 - - [07/Jan/2024:20:57:07 +0000] "POST /products/laptops HTTP/1.1" 301 687 "https://linkedin.com" "Mozilla/5.0 (Windows NT 10.0; Win64; x64) AppleWebKit/537.36"
192.168.1.103 - - [07/Jan/2024:21:01:26 +0000] "POST /products/phones HTTP/1.1" 200 3195 "direct" "Mozilla/5.0 (iPhone; CPU iPhone OS 14_0 like Mac OS X) AppleWebKit/605.1.15"
192.168.1.190 - - [07/Jan/2024:21:05:45 +0000] "DELETE /login HTTP/1.1" 200 4852 "https://www.google.com" "Mozilla/5.0 (X11; Linux x86_64) AppleWebKit/537.36"
192.168.1.51 - - [07/Jan/2024:21:10:04 +0000] "PUT /about HTTP/1.1" 200 633 "https://twitter.com" "Mozilla/5.0 (Macintosh; Intel Mac OS X 10_15_7) AppleWebKit/537.36"
192.168.1.134 - - [07/Jan/2024:21:14:24 +0000] "GET /about HTTP/1.1" 200 4496 "https://www.google.com" "Mozilla/5.0 (X11; Linux x86_64) AppleWebKit/537.36"
192.168.1.207 - - [07/Jan/2024:21:18:43 +0000] "POST /blog HTTP/1.1" 500 1121 "https://www.bing.com" "Mozilla/5.0 (Windows NT 10.0; Win64; x64) AppleWebKit/537.36"
192.168.1.63 - - [07/Jan/2024:21:23:02 +0000] "DELETE /admin HTTP/1.1" 301 1524 "https://www.bing.com" "Mozilla/5.0 (iPhone; CPU iPhone OS 14_0 like Mac OS X) AppleWebKit/605.1.15"
192.168.1.189 - - [07/Jan/2024:21:27:21 +0000] "GET /products HTTP/1.1" 200 2834 "direct" "Mozilla/5.0 (Windows NT 10.0; Win64; x64) AppleWebKit/537.36"
192.168.1.93 - - [07/Jan/2024:21:31:40 +0000] "POST /api/data HTTP/1.1" 404 3043 "https://linkedin.com" "Mozilla/5.0 (Macintosh; Intel Mac OS X 10_15_7) AppleWebKit/537.36"
192.168.1.57 - - [07/Jan/2024:21:36:00 +0000] "GET /login HTTP/1.1" 500 4176 "https://www.google.com" "Mozilla/5.0 (Macintosh; Intel Mac OS X 10_15_7) AppleWebKit/537.36"
192.168.1.195 - - [07/Jan/2024:21:40:19 +0000] "GET /contact HTTP/1.1" 500 2765 "direct" "Mozilla/5.0 (iPhone; CPU iPhone OS 14_0 like Mac OS X) AppleWebKit/605.1.15"
192.168.1.12 - - [07/Jan/2024:21:44:38 +0000] "POST /contact HTTP/1.1" 500 4400 "https://twitter.com" "Mozilla/5.0 (X11; Linux x86_64) AppleWebKit/537.36"
192.168.1.190 - - [07/Jan/2024:21:48:57 +0000] "DELETE /home HTTP/1.1" 200 2276 "direct" "Mozilla/5.0 (X11; Linux x86_64) AppleWebKit/537.36"
192.168.1.218 - - [07/Jan/2024:21:53:16 +0000] "POST /about HTTP/1.1" 301 2547 "https://www.bing.com" "Mozilla/5.0 (iPhone; CPU iPhone OS 14_0 like Mac OS X) AppleWebKit/605.1.15"
192.168.1.159 - - [07/Jan/2024:21:57:36 +0000] "POST / HTTP/1.1" 500 2372 "https://www.google.com" "Mozilla/5.0 (Macintosh; Intel Mac OS X 10_15_7) AppleWebKit/537.36"
192.168.1.253 - - [07/Jan/2024:22:01:55 +0000] "POST /blog HTTP/1.1" 404 2318 "direct" "Mozilla/5.0 (Windows NT 10.0; Win64; x64) AppleWebKit/537.36"
192.168.1.163 - - [07/Jan/2024:22:06:14 +0000] "POST /products/laptops HTTP/1.1" 500 3227 "https://www.google.com" "Mozilla/5.0 (X11; Linux x86_64) AppleWebKit/537.36"
192.168.1.4 - - [07/Jan/2024:22:10:33 +0000] "DELETE /contact HTTP/1.1" 200 1106 "https://linkedin.com" "Mozilla/5.0 (X11; Linux x86_64) AppleWebKit/537.36"
192.168.1.228 - - [07/Jan/2024:22:14:52 +0000] "DELETE /register HTTP/1.1" 301 3911 "https://www.bing.com" "Mozilla/5.0 (X11; Linux x86_64) AppleWebKit/537.36"
192.168.1.168 - - [07/Jan/2024:22:19:12 +0000] "GET /home HTTP/1.1" 404 4456 "https://www.google.com" "Mozilla/5.0 (Windows NT 10.0; Win64; x64) AppleWebKit/537.36"
192.168.1.181 - - [07/Jan/2024:22:23:31 +0000] "PUT /login HTTP/1.1" 500 3053 "direct" "Mozilla/5.0 (X11; Linux x86_64) AppleWebKit/537.36"
192.168.1.109 - - [07/Jan/2024:22:27:50 +0000] "POST /register HTTP/1.1" 404 4884 "direct" "Mozilla/5.0 (iPhone; CPU iPhone OS 14_0 like Mac OS X) AppleWebKit/605.1.15"
192.168.1.243 - - [07/Jan/2024:22:32:09 +0000] "POST /home HTTP/1.1" 404 4669 "https://twitter.com" "Mozilla/5.0 (Windows NT 10.0; Win64; x64) AppleWebKit/537.36"
192.168.1.247 - - [07/Jan/2024:22:36:28 +0000] "GET /products HTTP/1.1" 404 3182 "https://www.google.com" "Mozilla/5.0 (X11; Linux x86_64) AppleWebKit/537.36"
192.168.1.1 - - [07/Jan/2024:22:40:48 +0000] "POST /products HTTP/1.1" 200 3353 "https://linkedin.com" "Mozilla/5.0 (X11; Linux x86_64) AppleWebKit/537.36"
192.168.1.63 - - [07/Jan/2024:22:45:07 +0000] "POST /register HTTP/1.1" 301 3647 "https://facebook.com" "Mozilla/5.0 (Macintosh; Intel Mac OS X 10_15_7) AppleWebKit/537.36"
192.168.1.109 - - [07/Jan/2024:22:49:26 +0000] "DELETE /register HTTP/1.1" 404 4547 "direct" "Mozilla/5.0 (iPhone; CPU iPhone OS 14_0 like Mac OS X) AppleWebKit/605.1.15"
192.168.1.18 - - [07/Jan/2024:22:53:45 +0000] "POST /blog HTTP/1.1" 500 1314 "direct" "Mozilla/5.0 (Macintosh; Intel Mac OS X 10_15_7) AppleWebKit/537.36"
192.168.1.220 - - [07/Jan/2024:22:58:04 +0000] "POST /products/laptops HTTP/1.1" 301 1764 "https://linkedin.com" "Mozilla/5.0 (Macintosh; Intel Mac OS X 10_15_7) AppleWebKit/537.36"
192.168.1.209 - - [07/Jan/2024:23:02:24 +0000] "POST /api/data HTTP/1.1" 404 969 "https://facebook.com" "Mozilla/5.0 (Macintosh; Intel Mac OS X 10_15_7) AppleWebKit/537.36"
192.168.1.60 - - [07/Jan/2024:23:06:43 +0000] "PUT /contact HTTP/1.1" 301 1696 "https://linkedin.com" "Mozilla/5.0 (Macintosh; Intel Mac OS X 10_15_7) AppleWebKit/537.36"
192.168.1.220 - - [07/Jan/2024:23:11:02 +0000] "GET /products/laptops HTTP/1.1" 500 4507 "https://linkedin.com" "Mozilla/5.0 (Macintosh; Intel Mac OS X 10_15_7) AppleWebKit/537.36"
192.168.1.42 - - [07/Jan/2024:23:15:21 +0000] "PUT /contact HTTP/1.1" 500 4908 "https://linkedin.com" "Mozilla/5.0 (iPhone; CPU iPhone OS 14_0 like Mac OS X) AppleWebKit/605.1.15"
192.168.1.114 - - [07/Jan/2024:23:19:40 +0000] "POST /admin HTTP/1.1" 500 2639 "https://www.bing.com" "Mozilla/5.0 (X11; Linux x86_64) AppleWebKit/537.36"
192.168.1.42 - - [07/Jan/2024:23:24:00 +0000] "PUT /contact HTTP/1.1" 404 3252 "https://linkedin.com" "Mozilla/5.0 (Windows NT 10.0; Win64; x64) AppleWebKit/537.36"
192.168.1.90 - - [07/Jan/2024:23:28:19 +0000] "GET /products HTTP/1.1" 200 3056 "https://www.bing.com" "Mozilla/5.0 (Macintosh; Intel Mac OS X 10_15_7) AppleWebKit/537.36"
192.168.1.154 - - [07/Jan/2024:23:32:38 +0000] "POST /blog HTTP/1.1" 301 691 "https://facebook.com" "Mozilla/5.0 (Windows NT 10.0; Win64; x64) AppleWebKit/537.36"
192.168.1.161 - - [07/Jan/2024:23:36:57 +0000] "GET /login HTTP/1.1" 301 3689 "https://twitter.com" "Mozilla/5.0 (Macintosh; Intel Mac OS X 10_15_7) AppleWebKit/537.36"
192.168.1.93 - - [07/Jan/2024:23:41:16 +0000] "GET /register HTTP/1.1" 301 1765 "direct" "Mozilla/5.0 (iPhone; CPU iPhone OS 14_0 like Mac OS X) AppleWebKit/605.1.15"
192.168.1.240 - - [07/Jan/2024:23:45:36 +0000] "POST /admin HTTP/1.1" 200 2559 "https://www.bing.com" "Mozilla/5.0 (Macintosh; Intel Mac OS X 10_15_7) AppleWebKit/537.36"
192.168.1.161 - - [07/Jan/2024:23:49:55 +0000] "GET /contact HTTP/1.1" 500 3838 "https://www.bing.com" "Mozilla/5.0 (Macintosh; Intel Mac OS X 10_15_7) AppleWebKit/537.36"
192.168.1.207 - - [07/Jan/2024:23:54:14 +0000] "PUT /products/laptops HTTP/1.1" 500 2705 "https://facebook.com" "Mozilla/5.0 (Windows NT 10.0; Win64; x64) AppleWebKit/537.36"
192.168.1.195 - - [07/Jan/2024:23:58:33 +0000] "DELETE /blog HTTP/1.1" 500 3092 "https://www.google.com" "Mozilla/5.0 (iPhone; CPU iPhone OS 14_0 like Mac OS X) AppleWebKit/605.1.15"
192.168.1.154 - - [08/Jan/2024:00:02:52 +0000] "PUT /products/laptops HTTP/1.1" 404 4911 "https://www.bing.com" "Mozilla/5.0 (iPhone; CPU iPhone OS 14_0 like Mac OS X) AppleWebKit/605.1.15"
192.168.1.218 - - [08/Jan/2024:00:07:12 +0000] "DELETE /products HTTP/1.1" 200 2347 "https://www.google.com" "Mozilla/5.0 (X11; Linux x86_64) AppleWebKit/537.36"
192.168.1.161 - - [08/Jan/2024:00:11:31 +0000] "DELETE /products HTTP/1.1" 404 561 "https://www.bing.com" "Mozilla/5.0 (iPhone; CPU iPhone OS 14_0 like Mac OS X) AppleWebKit/605.1.15"
192.168.1.122 - - [08/Jan/2024:00:15:50 +0000] "DELETE /home HTTP/1.1" 404 4127 "https://linkedin.com" "Mozilla/5.0 (Windows NT 10.0; Win64; x64) AppleWebKit/537.36"
192.168.1.197 - - [08/Jan/2024:00:20:09 +0000] "PUT /admin HTTP/1.1" 301 2318 "https://linkedin.com" "Mozilla/5.0 (Macintosh; Intel Mac OS X 10_15_7) AppleWebKit/537.36"
192.168.1.197 - - [08/Jan/2024:00:24:28 +0000] "POST /register HTTP/1.1" 200 4042 "https://facebook.com" "Mozilla/5.0 (iPhone; CPU iPhone OS 14_0 like Mac OS X) AppleWebKit/605.1.15"
192.168.1.247 - - [08/Jan/2024:00:28:48 +0000] "GET /blog HTTP/1.1" 200 4428 "https://facebook.com" "Mozilla/5.0 (X11; Linux x86_64) AppleWebKit/537.36"
192.168.1.1 - - [08/Jan/2024:00:33:07 +0000] "GET /admin HTTP/1.1" 301 3760 "direct" "Mozilla/5.0 (Windows NT 10.0; Win64; x64) AppleWebKit/537.36"
192.168.1.57 - - [08/Jan/2024:00:37:26 +0000] "GET /api/data HTTP/1.1" 500 1205 "https://www.bing.com" "Mozilla/5.0 (Macintosh; Intel Mac OS X 10_15_7) AppleWebKit/537.36"
192.168.1.190 - - [08/Jan/2024:00:41:45 +0000] "POST /register HTTP/1.1" 500 1243 "direct" "Mozilla/5.0 (iPhone; CPU iPhone OS 14_0 like Mac OS X) AppleWebKit/605.1.15"
192.168.1.173 - - [08/Jan/2024:00:46:04 +0000] "GET /register HTTP/1.1" 404 1907 "https://twitter.com" "Mozilla/5.0 (iPhone; CPU iPhone OS 14_0 like Mac OS X) AppleWebKit/605.1.15"
192.168.1.250 - - [08/Jan/2024:00:50:24 +0000] "GET /admin HTTP/1.1" 200 1631 "https://www.bing.com" "Mozilla/5.0 (X11; Linux x86_64) AppleWebKit/537.36"
192.168.1.144 - - [08/Jan/2024:00:54:43 +0000] "POST /login HTTP/1.1" 301 4823 "https://linkedin.com" "Mozilla/5.0 (Windows NT 10.0; Win64; x64) AppleWebKit/537.36"
192.168.1.70 - - [08/Jan/2024:00:59:02 +0000] "POST /api/data HTTP/1.1" 404 2923 "https://www.google.com" "Mozilla/5.0 (Macintosh; Intel Mac OS X 10_15_7) AppleWebKit/537.36"
192.168.1.197 - - [08/Jan/2024:01:03:21 +0000] "DELETE / HTTP/1.1" 404 4505 "https://facebook.com" "Mozilla/5.0 (X11; Linux x86_64) AppleWebKit/537.36"
192.168.1.195 - - [08/Jan/2024:01:07:40 +0000] "DELETE /home HTTP/1.1" 500 1115 "https://facebook.com" "Mozilla/5.0 (Macintosh; Intel Mac OS X 10_15_7) AppleWebKit/537.36"
192.168.1.25 - - [08/Jan/2024:01:12:00 +0000] "GET /blog HTTP/1.1" 500 1246 "https://linkedin.com" "Mozilla/5.0 (iPhone; CPU iPhone OS 14_0 like Mac OS X) AppleWebKit/605.1.15"
192.168.1.181 - - [08/Jan/2024:01:16:19 +0000] "POST /about HTTP/1.1" 404 3751 "https://www.google.com" "Mozilla/5.0 (Macintosh; Intel Mac OS X 10_15_7) AppleWebKit/537.36"
192.168.1.114 - - [08/Jan/2024:01:20:38 +0000] "GET /register HTTP/1.1" 200 1336 "https://www.bing.com" "Mozilla/5.0 (iPhone; CPU iPhone OS 14_0 like Mac OS X) AppleWebKit/605.1.15"
192.168.1.103 - - [08/Jan/2024:01:24:57 +0000] "GET /blog HTTP/1.1" 500 2553 "https://www.bing.com" "Mozilla/5.0 (iPhone; CPU iPhone OS 14_0 like Mac OS X) AppleWebKit/605.1.15"
192.168.1.244 - - [08/Jan/2024:01:29:16 +0000] "GET /products HTTP/1.1" 200 4296 "https://twitter.com" "Mozilla/5.0 (Windows NT 10.0; Win64; x64) AppleWebKit/537.36"
192.168.1.235 - - [08/Jan/2024:01:33:36 +0000] "DELETE /register HTTP/1.1" 200 4117 "https://linkedin.com" "Mozilla/5.0 (X11; Linux x86_64) AppleWebKit/537.36"
192.168.1.111 - - [08/Jan/2024:01:37:55 +0000] "GET /admin HTTP/1.1" 404 2566 "https://www.bing.com" "Mozilla/5.0 (Windows NT 10.0; Win64; x64) AppleWebKit/537.36"
192.168.1.130 - - [08/Jan/2024:01:42:14 +0000] "GET / HTTP/1.1" 200 4417 "https://facebook.com" "Mozilla/5.0 (Macintosh; Intel Mac OS X 10_15_7) AppleWebKit/537.36"
192.168.1.57 - - [08/Jan/2024:01:46:33 +0000] "DELETE / HTTP/1.1" 301 979 "direct" "Mozilla/5.0 (Macintosh; Intel Mac OS X 10_15_7) AppleWebKit/537.36"
192.168.1.103 - - [08/Jan/2024:01:50:52 +0000] "PUT /login HTTP/1.1" 200 1648 "https://www.google.com" "Mozilla/5.0 (X11; Linux x86_64) AppleWebKit/537.36"
192.168.1.220 - - [08/Jan/2024:01:55:12 +0000] "PUT /api/data HTTP/1.1" 500 4015 "direct" "Mozilla/5.0 (Windows NT 10.0; Win64; x64) AppleWebKit/537.36"
192.168.1.114 - - [08/Jan/2024:01:59:31 +0000] "POST /products/laptops HTTP/1.1" 500 1295 "https://www.bing.com" "Mozilla/5.0 (Windows NT 10.0; Win64; x64) AppleWebKit/537.36"
192.168.1.144 - - [08/Jan/2024:02:03:50 +0000] "DELETE / HTTP/1.1" 404 1519 "https://linkedin.com" "Mozilla/5.0 (X11; Linux x86_64) AppleWebKit/537.36"
192.168.1.244 - - [08/Jan/2024:02:08:09 +0000] "PUT /contact HTTP/1.1" 404 3410 "https://www.bing.com" "Mozilla/5.0 (X11; Linux x86_64) AppleWebKit/537.36"
192.168.1.8 - - [08/Jan/2024:02:12:28 +0000] "POST /contact HTTP/1.1" 200 4026 "https://www.bing.com" "Mozilla/5.0 (Windows NT 10.0; Win64; x64) AppleWebKit/537.36"
192.168.1.252 - - [08/Jan/2024:02:16:48 +0000] "DELETE /home HTTP/1.1" 200 4051 "https://www.google.com" "Mozilla/5.0 (Macintosh; Intel Mac OS X 10_15_7) AppleWebKit/537.36"
192.168.1.154 - - [08/Jan/2024:02:21:07 +0000] "PUT /login HTTP/1.1" 200 2237 "https://facebook.com" "Mozilla/5.0 (Macintosh; Intel Mac OS X 10_15_7) AppleWebKit/537.36"
192.168.1.51 - - [08/Jan/2024:02:25:26 +0000] "POST /api/data HTTP/1.1" 404 3122 "https://facebook.com" "Mozilla/5.0 (X11; Linux x86_64) AppleWebKit/537.36"
192.168.1.37 - - [08/Jan/2024:02:29:45 +0000] "GET /register HTTP/1.1" 500 3945 "https://www.bing.com" "Mozilla/5.0 (X11; Linux x86_64) AppleWebKit/537.36"
192.168.1.109 - - [08/Jan/2024:02:34:04 +0000] "PUT /api/data HTTP/1.1" 404 2130 "https://linkedin.com" "Mozilla/5.0 (iPhone; CPU iPhone OS 14_0 like Mac OS X) AppleWebKit/605.1.15"
192.168.1.244 - - [08/Jan/2024:02:38:24 +0000] "GET /blog HTTP/1.1" 301 4404 "direct" "Mozilla/5.0 (X11; Linux x86_64) AppleWebKit/537.36"
192.168.1.159 - - [08/Jan/2024:02:42:43 +0000] "PUT / HTTP/1.1" 301 826 "https://twitter.com" "Mozilla/5.0 (iPhone; CPU iPhone OS 14_0 like Mac OS X) AppleWebKit/605.1.15"
192.168.1.103 - - [08/Jan/2024:02:47:02 +0000] "DELETE /login HTTP/1.1" 301 2818 "https://facebook.com" "Mozilla/5.0 (Windows NT 10.0; Win64; x64) AppleWebKit/537.36"
192.168.1.196 - - [08/Jan/2024:02:51:21 +0000] "GET /api/data HTTP/1.1" 500 2728 "https://facebook.com" "Mozilla/5.0 (iPhone; CPU iPhone OS 14_0 like Mac OS X) AppleWebKit/605.1.15"
192.168.1.37 - - [08/Jan/2024:02:55:40 +0000] "PUT /register HTTP/1.1" 200 2673 "https://www.bing.com" "Mozilla/5.0 (iPhone; CPU iPhone OS 14_0 like Mac OS X) AppleWebKit/605.1.15"
192.168.1.173 - - [08/Jan/2024:03:00:00 +0000] "DELETE /products/phones HTTP/1.1" 301 1100 "https://www.bing.com" "Mozilla/5.0 (iPhone; CPU iPhone OS 14_0 like Mac OS X) AppleWebKit/605.1.15"
192.168.1.223 - - [08/Jan/2024:03:04:19 +0000] "POST /products HTTP/1.1" 500 1404 "https://facebook.com" "Mozilla/5.0 (Macintosh; Intel Mac OS X 10_15_7) AppleWebKit/537.36"
192.168.1.245 - - [08/Jan/2024:03:08:38 +0000] "GET / HTTP/1.1" 500 4693 "https://facebook.com" "Mozilla/5.0 (iPhone; CPU iPhone OS 14_0 like Mac OS X) AppleWebKit/605.1.15"
192.168.1.211 - - [08/Jan/2024:03:12:57 +0000] "PUT /home HTTP/1.1" 301 2722 "https://www.bing.com" "Mozilla/5.0 (Windows NT 10.0; Win64; x64) AppleWebKit/537.36"
192.168.1.184 - - [08/Jan/2024:03:17:16 +0000] "DELETE /login HTTP/1.1" 404 3503 "https://www.google.com" "Mozilla/5.0 (Windows NT 10.0; Win64; x64) AppleWebKit/537.36"
192.168.1.13 - - [08/Jan/2024:03:21:36 +0000] "DELETE /products/laptops HTTP/1.1" 404 2083 "https://twitter.com" "Mozilla/5.0 (iPhone; CPU iPhone OS 14_0 like Mac OS X) AppleWebKit/605.1.15"
192.168.1.126 - - [08/Jan/2024:03:25:55 +0000] "DELETE /contact HTTP/1.1" 404 1348 "https://linkedin.com" "Mozilla/5.0 (Windows NT 10.0; Win64; x64) AppleWebKit/537.36"
192.168.1.54 - - [08/Jan/2024:03:30:14 +0000] "PUT /products/phones HTTP/1.1" 500 4610 "https://facebook.com" "Mozilla/5.0 (iPhone; CPU iPhone OS 14_0 like Mac OS X) AppleWebKit/605.1.15"
192.168.1.109 - - [08/Jan/2024:03:34:33 +0000] "DELETE /products/phones HTTP/1.1" 200 4991 "https://linkedin.com" "Mozilla/5.0 (iPhone; CPU iPhone OS 14_0 like Mac OS X) AppleWebKit/605.1.15"
192.168.1.189 - - [08/Jan/2024:03:38:52 +0000] "DELETE /admin HTTP/1.1" 404 2112 "https://twitter.com" "Mozilla/5.0 (X11; Linux x86_64) AppleWebKit/537.36"
192.168.1.252 - - [08/Jan/2024:03:43:12 +0000] "PUT /home HTTP/1.1" 404 2575 "https://twitter.com" "Mozilla/5.0 (Macintosh; Intel Mac OS X 10_15_7) AppleWebKit/537.36"
192.168.1.253 - - [08/Jan/2024:03:47:31 +0000] "DELETE /admin HTTP/1.1" 500 4825 "https://twitter.com" "Mozilla/5.0 (Windows NT 10.0; Win64; x64) AppleWebKit/537.36"
192.168.1.29 - - [08/Jan/2024:03:51:50 +0000] "DELETE /products/laptops HTTP/1.1" 301 884 "https://www.google.com" "Mozilla/5.0 (Macintosh; Intel Mac OS X 10_15_7) AppleWebKit/537.36"
192.168.1.131 - - [08/Jan/2024:03:56:09 +0000] "GET /home HTTP/1.1" 200 3975 "https://www.bing.com" "Mozilla/5.0 (iPhone; CPU iPhone OS 14_0 like Mac OS X) AppleWebKit/605.1.15"
192.168.1.183 - - [08/Jan/2024:04:00:28 +0000] "GET /api/data HTTP/1.1" 500 4964 "https://twitter.com" "Mozilla/5.0 (iPhone; CPU iPhone OS 14_0 like Mac OS X) AppleWebKit/605.1.15"
