192.168.1.30 - - [02/Jan/2024:18:59:02 +0000] "POST /contact HTTP/1.1" 404 2784 "https://twitter.com" "Mozilla/5.0 (iPhone; CPU iPhone OS 14_0 like Mac OS X) AppleWebKit/605.1.15"
192.168.1.42 - - [02/Jan/2024:19:03:21 +0000] "PUT /blog HTTP/1.1" 200 4684 "direct" "Mozilla/5.0 (iPhone; CPU iPhone OS 14_0 like Mac OS X) AppleWebKit/605.1.15"
192.168.1.54 - - [02/Jan/2024:19:07:40 +0000] "GET /home HTTP/1.1" 500 957 "https://twitter.com" "Mozilla/5.0 (iPhone; CPU iPhone OS 14_0 like Mac OS X) AppleWebKit/605.1.15"
192.168.1.228 - - [02/Jan/2024:19:12:00 +0000] "PUT /register HTTP/1.1" 500 3059 "https://linkedin.com" "Mozilla/5.0 (iPhone; CPU iPhone OS 14_0 like Mac OS X) AppleWebKit/605.1.15"
192.168.1.247 - - [02/Jan/2024:19:16:19 +0000] "GET / HTTP/1.1" 500 2395 "https://www.google.com" "Mozilla/5.0 (Macintosh; Intel Mac OS X 10_15_7) AppleWebKit/537.36"
192.168.1.26 - - [02/Jan/2024:19:20:38 +0000] "DELETE / HTTP/1.1" 500 4948 "https://www.google.com" "Mozilla/5.0 (Macintosh; Intel Mac OS X 10_15_7) AppleWebKit/537.36"
192.168.1.216 - - [02/Jan/2024:19:24:57 +0000] "POST /login HTTP/1.1" 500 2528 "direct" "Mozilla/5.0 (Macintosh; Intel Mac OS X 10_15_7) AppleWebKit/537.36"
192.168.1.235 - - [02/Jan/2024:19:29:16 +0000] "GET /home HTTP/1.1" 500 4773 "https://linkedin.com" "Mozilla/5.0 (Windows NT 10.0; Win64; x64) AppleWebKit/537.36"
192.168.1.247 - - [02/Jan/2024:19:33:36 +0000] "POST /api/data HTTP/1.1" 301 1302 "https://www.bing.com" "Mozilla/5.0 (Windows NT 10.0; Win64; x64) AppleWebKit/537.36"
192.168.1.233 - - [02/Jan/2024:19:37:55 +0000] "GET /home HTTP/1.1" 404 1341 "https://www.google.com" "Mozilla/5.0 (Macintosh; Intel Mac OS X 10_15_7) AppleWebKit/537.36"
192.168.1.25 - - [02/Jan/2024:19:42:14 +0000] "POST /contact HTTP/1.1" 404 3210 "https://www.bing.com" "Mozilla/5.0 (X11; Linux x86_64) AppleWebKit/537.36"
192.168.1.207 - - [02/Jan/2024:19:46:33 +0000] "DELETE /products/phones HTTP/1.1" 200 1132 "https://www.bing.com" "Mozilla/5.0 (Macintosh; Intel Mac OS X 10_15_7) AppleWebKit/537.36"
192.168.1.34 - - [02/Jan/2024:19:50:52 +0000] "PUT /admin HTTP/1.1" 301 3034 "https://www.google.com" "Mozilla/5.0 (iPhone; CPU iPhone OS 14_0 like Mac OS X) AppleWebKit/605.1.15"
192.168.1.111 - - [02/Jan/2024:19:55:12 +0000] "GET /products/phones HTTP/1.1" 404 3479 "https://www.bing.com" "Mozilla/5.0 (X11; Linux x86_64) AppleWebKit/537.36"
192.168.1.161 - - [02/Jan/2024:19:59:31 +0000] "PUT /blog HTTP/1.1" 500 2681 "https://linkedin.com" "Mozilla/5.0 (X11; Linux x86_64) AppleWebKit/537.36"
192.168.1.197 - - [02/Jan/2024:20:03:50 +0000] "GET /blog HTTP/1.1" 200 1530 "https://twitter.com" "Mozilla/5.0 (iPhone; CPU iPhone OS 14_0 like Mac OS X) AppleWebKit/605.1.15"
192.168.1.252 - - [02/Jan/2024:20:08:09 +0000] "GET /api/data HTTP/1.1" 200 1157 "direct" "Mozilla/5.0 (Windows NT 10.0; Win64; x64) AppleWebKit/537.36"
192.168.1.34 - - [02/Jan/2024:20:12:28 +0000] "PUT /products/laptops HTTP/1.1" 301 4137 "https://www.bing.com" "Mozilla/5.0 (Windows NT 10.0; Win64; x64) AppleWebKit/537.36"
192.168.1.60 - - [02/Jan/2024:20:16:48 +0000] "PUT /blog HTTP/1.1" 200 1143 "https://facebook.com" "Mozilla/5.0 (X11; Linux x86_64) AppleWebKit/537.36"
192.168.1.155 - - [02/Jan/2024:20:21:07 +0000] "PUT /api/data HTTP/1.1" 200 1452 "https://www.bing.com" "Mozilla/5.0 (iPhone; CPU iPhone OS 14_0 like Mac OS X) AppleWebKit/605.1.15"
192.168.1.107 - - [02/Jan/2024:20:25:26 +0000] "POST /admin HTTP/1.1" 404 2470 "https://www.bing.com" "Mozilla/5.0 (iPhone; CPU iPhone OS 14_0 like Mac OS X) AppleWebKit/605.1.15"
192.168.1.134 - - [02/Jan/2024:20:29:45 +0000] "DELETE /contact HTTP/1.1" 301 2122 "https://facebook.com" "Mozilla/5.0 (iPhone; CPU iPhone OS 14_0 like Mac OS X) AppleWebKit/605.1.15"
192.168.1.163 - - [02/Jan/2024:20:34:04 +0000] "PUT /contact HTTP/1.1" 404 4785 "direct" "Mozilla/5.0 (Windows NT 10.0; Win64; x64) AppleWebKit/537.36"
192.168.1.126 - - [02/Jan/2024:20:38:24 +0000] "PUT /products HTTP/1.1" 200 3434 "https://linkedin.com" "Mozilla/5.0 (iPhone; CPU iPhone OS 14_0 like Mac OS X) AppleWebKit/605.1.15"
192.168.1.190 - - [02/Jan/2024:20:42:43 +0000] "PUT /api/data HTTP/1.1" 301 1140 "https://www.google.com" "Mozilla/5.0 (Macintosh; Intel Mac OS X 10_15_7) AppleWebKit/537.36"
192.168.1.159 - - [02/Jan/2024:20:47:02 +0000] "GET /api/data HTTP/1.1" 200 3444 "https://twitter.com" "Mozilla/5.0 (X11; Linux x86_64) AppleWebKit/537.36"
192.168.1.25 - - [02/Jan/2024:20:51:21 +0000] "PUT /about HTTP/1.1" 500 523 "https://www.bing.com" "Mozilla/5.0 (iPhone; CPU iPhone OS 14_0 like Mac OS X) AppleWebKit/605.1.15"
192.168.1.26 - - [02/Jan/2024:20:55:40 +0000] "PUT / HTTP/1.1" 500 2104 "direct" "Mozilla/5.0 (iPhone; CPU iPhone OS 14_0 like Mac OS X) AppleWebKit/605.1.15"
192.168.1.240 - - [02/Jan/2024:21:00:00 +0000] "PUT /products/laptops HTTP/1.1" 200 2787 "direct" "Mozilla/5.0 (X11; Linux x86_64) AppleWebKit/537.36"
192.168.1.30 - - [02/Jan/2024:21:04:19 +0000] "GET /contact HTTP/1.1" 404 1106 "https://facebook.com" "Mozilla/5.0 (Windows NT 10.0; Win64; x64) AppleWebKit/537.36"
192.168.1.126 - - [02/Jan/2024:21:08:38 +0000] "POST /products/laptops HTTP/1.1" 404 1637 "https://www.google.com" "Mozilla/5.0 (Windows NT 10.0; Win64; x64) AppleWebKit/537.36"
192.168.1.223 - - [02/Jan/2024:21:12:57 +0000] "POST /login HTTP/1.1" 500 3426 "https://www.bing.com" "Mozilla/5.0 (X11; Linux x86_64) AppleWebKit/537.36"
192.168.1.150 - - [02/Jan/2024:21:17:16 +0000] "GET /home HTTP/1.1" 404 2098 "https://linkedin.com" "Mozilla/5.0 (Macintosh; Intel Mac OS X 10_15_7) AppleWebKit/537.36"
192.168.1.63 - - [02/Jan/2024:21:21:36 +0000] "PUT / HTTP/1.1" 200 4388 "direct" "Mozilla/5.0 (iPhone; CPU iPhone OS 14_0 like Mac OS X) AppleWebKit/605.1.15"
192.168.1.63 - - [02/Jan/2024:21:25:55 +0000] "DELETE / HTTP/1.1" 500 1059 "https://twitter.com" "Mozilla/5.0 (Windows NT 10.0; Win64; x64) AppleWebKit/537.36"
192.168.1.111 - - [02/Jan/2024:21:30:14 +0000] "DELETE /contact HTTP/1.1" 301 3470 "https://www.bing.com" "Mozilla/5.0 (Macintosh; Intel Mac OS X 10_15_7) AppleWebKit/537.36"
192.168.1.183 - - [02/Jan/2024:21:34:33 +0000] "GET /products/laptops HTTP/1.1" 404 3851 "https://www.bing.com" "Mozilla/5.0 (X11; Linux x86_64) AppleWebKit/537.36"
192.168.1.195 - - [02/Jan/2024:21:38:52 +0000] "POST /admin HTTP/1.1" 200 1925 "https://linkedin.com" "Mozilla/5.0 (Macintosh; Intel Mac OS X 10_15_7) AppleWebKit/537.36"
192.168.1.26 - - [02/Jan/2024:21:43:12 +0000] "PUT /about HTTP/1.1" 301 4812 "direct" "Mozilla/5.0 (Macintosh; Intel Mac OS X 10_15_7) AppleWebKit/537.36"
192.168.1.111 - - [02/Jan/2024:21:47:31 +0000] "GET /about HTTP/1.1" 200 4087 "https://facebook.com" "Mozilla/5.0 (Windows NT 10.0; Win64; x64) AppleWebKit/537.36"
192.168.1.252 - - [02/Jan/2024:21:51:50 +0000] "GET /login HTTP/1.1" 301 1845 "https://www.bing.com" "Mozilla/5.0 (Macintosh; Intel Mac OS X 10_15_7) AppleWebKit/537.36"
192.168.1.244 - - [02/Jan/2024:21:56:09 +0000] "PUT /login HTTP/1.1" 404 4703 "https://www.google.com" "Mozilla/5.0 (iPhone; CPU iPhone OS 14_0 like Mac OS X) AppleWebKit/605.1.15"
192.168.1.63 - - [02/Jan/2024:22:00:28 +0000] "DELETE / HTTP/1.1" 500 1124 "https://linkedin.com" "Mozilla/5.0 (iPhone; CPU iPhone OS 14_0 like Mac OS X) AppleWebKit/605.1.15"
192.168.1.111 - - [02/Jan/2024:22:04:48 +0000] "DELETE / HTTP/1.1" 301 1874 "https://www.google.com" "Mozilla/5.0 (Macintosh; Intel Mac OS X 10_15_7) AppleWebKit/537.36"
192.168.1.30 - - [02/Jan/2024:22:09:07 +0000] "DELETE /home HTTP/1.1" 404 2745 "https://twitter.com" "Mozilla/5.0 (iPhone; CPU iPhone OS 14_0 like Mac OS X) AppleWebKit/605.1.15"
192.168.1.199 - - [02/Jan/2024:22:13:26 +0000] "GET /api/data HTTP/1.1" 200 2087 "https://www.bing.com" "Mozilla/5.0 (X11; Linux x86_64) AppleWebKit/537.36"
192.168.1.17 - - [02/Jan/2024:22:17:45 +0000] "GET /products HTTP/1.1" 500 3199 "direct" "Mozilla/5.0 (X11; Linux x86_64) AppleWebKit/537.36"
192.168.1.126 - - [02/Jan/2024:22:22:04 +0000] "PUT /login HTTP/1.1" 404 1869 "direct" "Mozilla/5.0 (iPhone; CPU iPhone OS 14_0 like Mac OS X) AppleWebKit/605.1.15"
192.168.1.218 - - [02/Jan/2024:22:26:24 +0000] "GET /products HTTP/1.1" 301 1571 "https://www.google.com" "Mozilla/5.0 (X11; Linux x86_64) AppleWebKit/537.36"
192.168.1.30 - - [02/Jan/2024:22:30:43 +0000] "GET /admin HTTP/1.1" 404 1682 "https://linkedin.com" "Mozilla/5.0 (iPhone; CPU iPhone OS 14_0 like Mac OS X) AppleWebKit/605.1.15"
192.168.1.73 - - [02/Jan/2024:22:35:02 +0000] "POST /contact HTTP/1.1" 500 4439 "https://linkedin.com" "Mozilla/5.0 (Windows NT 10.0; Win64; x64) AppleWebKit/537.36"
192.168.1.247 - - [02/Jan/2024:22:39:21 +0000] "DELETE /products/laptops HTTP/1.1" 500 956 "https://www.google.com" "Mozilla/5.0 (iPhone; CPU iPhone OS 14_0 like Mac OS X) AppleWebKit/605.1.15"
192.168.1.34 - - [02/Jan/2024:22:43:40 +0000] "PUT /api/data HTTP/1.1" 500 2801 "direct" "Mozilla/5.0 (Macintosh; Intel Mac OS X 10_15_7) AppleWebKit/537.36"
192.168.1.196 - - [02/Jan/2024:22:48:00 +0000] "GET / HTTP/1.1" 404 3424 "https://linkedin.com" "Mozilla/5.0 (Macintosh; Intel Mac OS X 10_15_7) AppleWebKit/537.36"
192.168.1.246 - - [02/Jan/2024:22:52:19 +0000] "DELETE /products/phones HTTP/1.1" 500 2458 "direct" "Mozilla/5.0 (X11; Linux x86_64) AppleWebKit/537.36"
192.168.1.103 - - [02/Jan/2024:22:56:38 +0000] "POST /products HTTP/1.1" 404 3257 "https://www.google.com" "Mozilla/5.0 (Windows NT 10.0; Win64; x64) AppleWebKit/537.36"
192.168.1.215 - - [02/Jan/2024:23:00:57 +0000] "DELETE /contact HTTP/1.1" 404 1156 "https://www.bing.com" "Mozilla/5.0 (Windows NT 10.0; Win64; x64) AppleWebKit/537.36"
192.168.1.131 - - [02/Jan/2024:23:05:16 +0000] "GET /admin HTTP/1.1" 200 1094 "direct" "Mozilla/5.0 (X11; Linux x86_64) AppleWebKit/537.36"
192.168.1.57 - - [02/Jan/2024:23:09:36 +0000] "PUT /products HTTP/1.1" 404 2827 "direct" "Mozilla/5.0 (Windows NT 10.0; Win64; x64) AppleWebKit/537.36"
192.168.1.250 - - [02/Jan/2024:23:13:55 +0000] "PUT /register HTTP/1.1" 200 1352 "direct" "Mozilla/5.0 (X11; Linux x86_64) AppleWebKit/537.36"
192.168.1.161 - - [02/Jan/2024:23:18:14 +0000] "GET /products HTTP/1.1" 200 2986 "https://www.google.com" "Mozilla/5.0 (X11; Linux x86_64) AppleWebKit/537.36"
192.168.1.131 - - [02/Jan/2024:23:22:33 +0000] "POST /about HTTP/1.1" 301 4457 "direct" "Mozilla/5.0 (iPhone; CPU iPhone OS 14_0 like Mac OS X) AppleWebKit/605.1.15"
192.168.1.223 - - [02/Jan/2024:23:26:52 +0000] "POST /home HTTP/1.1" 200 3129 "https://facebook.com" "Mozilla/5.0 (X11; Linux x86_64) AppleWebKit/537.36"
192.168.1.235 - - [02/Jan/2024:23:31:12 +0000] "DELETE /contact HTTP/1.1" 301 3067 "https://linkedin.com" "Mozilla/5.0 (Macintosh; Intel Mac OS X 10_15_7) AppleWebKit/537.36"
192.168.1.77 - - [02/Jan/2024:23:35:31 +0000] "GET /products HTTP/1.1" 404 1133 "https://facebook.com" "Mozilla/5.0 (Windows NT 10.0; Win64; x64) AppleWebKit/537.36"
192.168.1.77 - - [02/Jan/2024:23:39:50 +0000] "DELETE / HTTP/1.1" 200 4226 "https://facebook.com" "Mozilla/5.0 (iPhone; CPU iPhone OS 14_0 like Mac OS X) AppleWebKit/605.1.15"
192.168.1.161 - - [02/Jan/2024:23:44:09 +0000] "DELETE /login HTTP/1.1" 200 4518 "https://twitter.com" "Mozilla/5.0 (Windows NT 10.0; Win64; x64) AppleWebKit/537.36"
192.168.1.247 - - [02/Jan/2024:23:48:28 +0000] "PUT /contact HTTP/1.1" 200 3486 "direct" "Mozilla/5.0 (iPhone; CPU iPhone OS 14_0 like Mac OS X) AppleWebKit/605.1.15"
192.168.1.184 - - [02/Jan/2024:23:52:48 +0000] "POST /about HTTP/1.1" 404 3259 "https://twitter.com" "Mozilla/5.0 (iPhone; CPU iPhone OS 14_0 like Mac OS X) AppleWebKit/605.1.15"
192.168.1.131 - - [02/Jan/2024:23:57:07 +0000] "GET /about HTTP/1.1" 200 1085 "https://www.bing.com" "Mozilla/5.0 (Windows NT 10.0; Win64; x64) AppleWebKit/537.36"
192.168.1.253 - - [03/Jan/2024:00:01:26 +0000] "PUT /products/laptops HTTP/1.1" 200 4528 "direct" "Mozilla/5.0 (X11; Linux x86_64) AppleWebKit/537.36"
192.168.1.55 - - [03/Jan/2024:00:05:45 +0000] "PUT /login HTTP/1.1" 200 4857 "https://twitter.com" "Mozilla/5.0 (X11; Linux x86_64) AppleWebKit/537.36"
192.168.1.103 - - [03/Jan/2024:00:10:04 +0000] "GET /about HTTP/1.1" 404 3208 "https://linkedin.com" "Mozilla/5.0 (X11; Linux x86_64) AppleWebKit/537.36"
192.168.1.211 - - [03/Jan/2024:00:14:24 +0000] "POST /about HTTP/1.1" 500 3795 "https://facebook.com" "Mozilla/5.0 (iPhone; CPU iPhone OS 14_0 like Mac OS X) AppleWebKit/605.1.15"
192.168.1.114 - - [03/Jan/2024:00:18:43 +0000] "PUT /home HTTP/1.1" 500 538 "direct" "Mozilla/5.0 (X11; Linux x86_64) AppleWebKit/537.36"
192.168.1.63 - - [03/Jan/2024:00:23:02 +0000] "POST /contact HTTP/1.1" 404 2505 "https://facebook.com" "Mozilla/5.0 (iPhone; CPU iPhone OS 14_0 like Mac OS X) AppleWebKit/605.1.15"
192.168.1.190 - - [03/Jan/2024:00:27:21 +0000] "POST / HTTP/1.1" 500 4404 "direct" "Mozilla/5.0 (iPhone; CPU iPhone OS 14_0 like Mac OS X) AppleWebKit/605.1.15"
192.168.1.150 - - [03/Jan/2024:00:31:40 +0000] "POST /api/data HTTP/1.1" 404 1443 "direct" "Mozilla/5.0 (Windows NT 10.0; Win64; x64) AppleWebKit/537.36"
192.168.1.111 - - [03/Jan/2024:00:36:00 +0000] "DELETE /blog HTTP/1.1" 301 3211 "direct" "Mozilla/5.0 (X11; Linux x86_64) AppleWebKit/537.36"
192.168.1.26 - - [03/Jan/2024:00:40:19 +0000] "POST /about HTTP/1.1" 200 3925 "https://twitter.com" "Mozilla/5.0 (Windows NT 10.0; Win64; x64) AppleWebKit/537.36"
192.168.1.25 - - [03/Jan/2024:00:44:38 +0000] "GET /register HTTP/1.1" 200 2087 "https://facebook.com" "Mozilla/5.0 (iPhone; CPU iPhone OS 14_0 like Mac OS X) AppleWebKit/605.1.15"
192.168.1.250 - - [03/Jan/2024:00:48:57 +0000] "POST /about HTTP/1.1" 301 2227 "https://linkedin.com" "Mozilla/5.0 (Macintosh; Intel Mac OS X 10_15_7) AppleWebKit/537.36"
192.168.1.60 - - [03/Jan/2024:00:53:16 +0000] "DELETE /about HTTP/1.1" 301 1568 "https://www.google.com" "Mozilla/5.0 (Windows NT 10.0; Win64; x64) AppleWebKit/537.36"
192.168.1.26 - - [03/Jan/2024:00:57:36 +0000] "POST /blog HTTP/1.1" 404 3725 "https://twitter.com" "Mozilla/5.0 (iPhone; CPU iPhone OS 14_0 like Mac OS X) AppleWebKit/605.1.15"
192.168.1.1 - - [03/Jan/2024:01:01:55 +0000] "POST /contact HTTP/1.1" 404 2270 "direct" "Mozilla/5.0 (Macintosh; Intel Mac OS X 10_15_7) AppleWebKit/537.36"
192.168.1.126 - - [03/Jan/2024:01:06:14 +0000] "POST /register HTTP/1.1" 301 2174 "https://www.bing.com" "Mozilla/5.0 (iPhone; CPU iPhone OS 14_0 like Mac OS X) AppleWebKit/605.1.15"
192.168.1.183 - - [03/Jan/2024:01:10:33 +0000] "GET /api/data HTTP/1.1" 301 4634 "https://linkedin.com" "Mozilla/5.0 (iPhone; CPU iPhone OS 14_0 like Mac OS X) AppleWebKit/605.1.15"
192.168.1.246 - - [03/Jan/2024:01:14:52 +0000] "POST / HTTP/1.1" 301 4971 "https://www.bing.com" "Mozilla/5.0 (Windows NT 10.0; Win64; x64) AppleWebKit/537.36"
192.168.1.228 - - [03/Jan/2024:01:19:12 +0000] "GET /products/laptops HTTP/1.1" 404 4750 "https://facebook.com" "Mozilla/5.0 (iPhone; CPU iPhone OS 14_0 like Mac OS X) AppleWebKit/605.1.15"
192.168.1.207 - - [03/Jan/2024:01:23:31 +0000] "POST /home HTTP/1.1" 301 4434 "https://twitter.com" "Mozilla/5.0 (X11; Linux x86_64) AppleWebKit/537.36"
192.168.1.197 - - [03/Jan/2024:01:27:50 +0000] "POST /api/data HTTP/1.1" 301 1847 "https://www.bing.com" "Mozilla/5.0 (Windows NT 10.0; Win64; x64) AppleWebKit/537.36"
192.168.1.189 - - [03/Jan/2024:01:32:09 +0000] "POST /products/laptops HTTP/1.1" 200 4373 "https://linkedin.com" "Mozilla/5.0 (iPhone; CPU iPhone OS 14_0 like Mac OS X) AppleWebKit/605.1.15"
192.168.1.17 - - [03/Jan/2024:01:36:28 +0000] "GET /blog HTTP/1.1" 404 2328 "direct" "Mozilla/5.0 (X11; Linux x86_64) AppleWebKit/537.36"
192.168.1.1 - - [03/Jan/2024:01:40:48 +0000] "POST /products/laptops HTTP/1.1" 301 1092 "https://twitter.com" "Mozilla/5.0 (X11; Linux x86_64) AppleWebKit/537.36"
192.168.1.26 - - [03/Jan/2024:01:45:07 +0000] "POST /login HTTP/1.1" 200 3890 "https://facebook.com" "Mozilla/5.0 (X11; Linux x86_64) AppleWebKit/537.36"
192.168.1.174 - - [03/Jan/2024:01:49:26 +0000] "POST /products/phones HTTP/1.1" 500 3591 "https://linkedin.com" "Mozilla/5.0 (iPhone; CPU iPhone OS 14_0 like Mac OS X) AppleWebKit/605.1.15"
192.168.1.215 - - [03/Jan/2024:01:53:45 +0000] "PUT /admin HTTP/1.1" 500 2585 "https://twitter.com" "Mozilla/5.0 (Macintosh; Intel Mac OS X 10_15_7) AppleWebKit/537.36"
192.168.1.37 - - [03/Jan/2024:01:58:04 +0000] "GET /blog HTTP/1.1" 301 3411 "https://facebook.com" "Mozilla/5.0 (X11; Linux x86_64) AppleWebKit/537.36"
192.168.1.130 - - [03/Jan/2024:02:02:24 +0000] "POST /products/laptops HTTP/1.1" 500 1328 "https://www.google.com" "Mozilla/5.0 (X11; Linux x86_64) AppleWebKit/537.36"
192.168.1.111 - - [03/Jan/2024:02:06:43 +0000] "GET /admin HTTP/1.1" 200 2423 "https://twitter.com" "Mozilla/5.0 (X11; Linux x86_64) AppleWebKit/537.36"
192.168.1.144 - - [03/Jan/2024:02:11:02 +0000] "POST /blog HTTP/1.1" 500 4521 "https://linkedin.com" "Mozilla/5.0 (iPhone; CPU iPhone OS 14_0 like Mac OS X) AppleWebKit/605.1.15"
192.168.1.25 - - [03/Jan/2024:02:15:21 +0000] "DELETE /admin HTTP/1.1" 404 2629 "https://linkedin.com" "Mozilla/5.0 (Windows NT 10.0; Win64; x64) AppleWebKit/537.36"
192.168.1.174 - - [03/Jan/2024:02:19:40 +0000] "GET /admin HTTP/1.1" 200 1697 "https://linkedin.com" "Mozilla/5.0 (iPhone; CPU iPhone OS 14_0 like Mac OS X) AppleWebKit/605.1.15"
192.168.1.220 - - [03/Jan/2024:02:24:00 +0000] "DELETE /products/laptops HTTP/1.1" 500 2350 "https://twitter.com" "Mozilla/5.0 (X11; Linux x86_64) AppleWebKit/537.36"
192.168.1.25 - - [03/Jan/2024:02:28:19 +0000] "PUT /api/data HTTP/1.1" 200 1954 "https://twitter.com" "Mozilla/5.0 (iPhone; CPU iPhone OS 14_0 like Mac OS X) AppleWebKit/605.1.15"
192.168.1.233 - - [03/Jan/2024:02:32:38 +0000] "GET /blog HTTP/1.1" 301 3562 "https://www.google.com" "Mozilla/5.0 (X11; Linux x86_64) AppleWebKit/537.36"
192.168.1.148 - - [03/Jan/2024:02:36:57 +0000] "POST /home HTTP/1.1" 404 4212 "direct" "Mozilla/5.0 (iPhone; CPU iPhone OS 14_0 like Mac OS X) AppleWebKit/605.1.15"
192.168.1.252 - - [03/Jan/2024:02:41:16 +0000] "PUT /home HTTP/1.1" 301 4347 "https://twitter.com" "Mozilla/5.0 (Macintosh; Intel Mac OS X 10_15_7) AppleWebKit/537.36"
192.168.1.12 - - [03/Jan/2024:02:45:36 +0000] "PUT /contact HTTP/1.1" 500 3318 "direct" "Mozilla/5.0 (Macintosh; Intel Mac OS X 10_15_7) AppleWebKit/537.36"
192.168.1.154 - - [03/Jan/2024:02:49:55 +0000] "POST /blog HTTP/1.1" 200 4407 "https://facebook.com" "Mozilla/5.0 (X11; Linux x86_64) AppleWebKit/537.36"
192.168.1.30 - - [03/Jan/2024:02:54:14 +0000] "POST /products/phones HTTP/1.1" 404 923 "https://facebook.com" "Mozilla/5.0 (iPhone; CPU iPhone OS 14_0 like Mac OS X) AppleWebKit/605.1.15"
192.168.1.17 - - [03/Jan/2024:02:58:33 +0000] "POST /api/data HTTP/1.1" 200 731 "https://facebook.com" "Mozilla/5.0 (iPhone; CPU iPhone OS 14_0 like Mac OS X) AppleWebKit/605.1.15"
192.168.1.252 - - [03/Jan/2024:03:02:52 +0000] "GET /admin HTTP/1.1" 301 728 "https://www.google.com" "Mozilla/5.0 (X11; Linux x86_64) AppleWebKit/537.36"
192.168.1.51 - - [03/Jan/2024:03:07:12 +0000] "DELETE /register HTTP/1.1" 200 4623 "https://facebook.com" "Mozilla/5.0 (Windows NT 10.0; Win64; x64) AppleWebKit/537.36"
192.168.1.244 - - [03/Jan/2024:03:11:31 +0000] "DELETE /blog HTTP/1.1" 200 1443 "https://linkedin.com" "Mozilla/5.0 (iPhone; CPU iPhone OS 14_0 like Mac OS X) AppleWebKit/605.1.15"
192.168.1.184 - - [03/Jan/2024:03:15:50 +0000] "DELETE /api/data HTTP/1.1" 301 1466 "https://facebook.com" "Mozilla/5.0 (Windows NT 10.0; Win64; x64) AppleWebKit/537.36"
192.168.1.90 - - [03/Jan/2024:03:20:09 +0000] "PUT /home HTTP/1.1" 404 2878 "https://linkedin.com" "Mozilla/5.0 (iPhone; CPU iPhone OS 14_0 like Mac OS X) AppleWebKit/605.1.15"
192.168.1.244 - - [03/Jan/2024:03:24:28 +0000] "PUT / HTTP/1.1" 301 2498 "https://www.bing.com" "Mozilla/5.0 (X11; Linux x86_64) AppleWebKit/537.36"
192.168.1.244 - - [03/Jan/2024:03:28:48 +0000] "DELETE /home HTTP/1.1" 200 1276 "https://www.bing.com" "Mozilla/5.0 (X11; Linux x86_64) AppleWebKit/537.36"
192.168.1.60 - - [03/Jan/2024:03:33:07 +0000] "POST /admin HTTP/1.1" 404 2645 "direct" "Mozilla/5.0 (iPhone; CPU iPhone OS 14_0 like Mac OS X) AppleWebKit/605.1.15"
192.168.1.150 - - [03/Jan/2024:03:37:26 +0000] "POST /admin HTTP/1.1" 404 4920 "https://facebook.com" "Mozilla/5.0 (Macintosh; Intel Mac OS X 10_15_7) AppleWebKit/537.36"
192.168.1.26 - - [03/Jan/2024:03:41:45 +0000] "GET /products/laptops HTTP/1.1" 500 3887 "https://facebook.com" "Mozilla/5.0 (Windows NT 10.0; Win64; x64) AppleWebKit/537.36"
192.168.1.161 - - [03/Jan/2024:03:46:04 +0000] "POST /register HTTP/1.1" 200 3773 "https://linkedin.com" "Mozilla/5.0 (X11; Linux x86_64) AppleWebKit/537.36"
192.168.1.184 - - [03/Jan/2024:03:50:24 +0000] "POST /login HTTP/1.1" 404 2115 "direct" "Mozilla/5.0 (Windows NT 10.0; Win64; x64) AppleWebKit/537.36"
192.168.1.190 - - [03/Jan/2024:03:54:43 +0000] "POST /admin HTTP/1.1" 200 2983 "https://facebook.com" "Mozilla/5.0 (Macintosh; Intel Mac OS X 10_15_7) AppleWebKit/537.36"
192.168.1.26 - - [03/Jan/2024:03:59:02 +0000] "DELETE /about HTTP/1.1" 500 1635 "https://www.google.com" "Mozilla/5.0 (Macintosh; Intel Mac OS X 10_15_7) AppleWebKit/537.36"
192.168.1.34 - - [03/Jan/2024:04:03:21 +0000] "DELETE /register HTTP/1.1" 301 1227 "https://linkedin.com" "Mozilla/5.0 (Macintosh; Intel Mac OS X 10_15_7) AppleWebKit/537.36"
192.168.1.235 - - [03/Jan/2024:04:07:40 +0000] "PUT /blog HTTP/1.1" 500 3566 "direct" "Mozilla/5.0 (X11; Linux x86_64) AppleWebKit/537.36"
192.168.1.8 - - [03/Jan/2024:04:12:00 +0000] "PUT / HTTP/1.1" 404 1161 "https://www.bing.com" "Mozilla/5.0 (Macintosh; Intel Mac OS X 10_15_7) AppleWebKit/537.36"
192.168.1.150 - - [03/Jan/2024:04:16:19 +0000] "PUT /contact HTTP/1.1" 200 2290 "direct" "Mozilla/5.0 (X11; Linux x86_64) AppleWebKit/537.36"
192.168.1.191 - - [03/Jan/2024:04:20:38 +0000] "POST /api/data HTTP/1.1" 200 4275 "https://www.google.com" "Mozilla/5.0 (X11; Linux x86_64) AppleWebKit/537.36"
192.168.1.26 - - [03/Jan/2024:04:24:57 +0000] "POST /products HTTP/1.1" 500 1232 "https://twitter.com" "Mozilla/5.0 (iPhone; CPU iPhone OS 14_0 like Mac OS X) AppleWebKit/605.1.15"
192.168.1.235 - - [03/Jan/2024:04:29:16 +0000] "POST /contact HTTP/1.1" 301 2740 "https://linkedin.com" "Mozilla/5.0 (Windows NT 10.0; Win64; x64) AppleWebKit/537.36"
192.168.1.16 - - [03/Jan/2024:04:33:36 +0000] "POST /admin HTTP/1.1" 404 4690 "https://www.bing.com" "Mozilla/5.0 (Macintosh; Intel Mac OS X 10_15_7) AppleWebKit/537.36"
192.168.1.17 - - [03/Jan/2024:04:37:55 +0000] "GET /products/laptops HTTP/1.1" 404 1227 "https://www.bing.com" "Mozilla/5.0 (X11; Linux x86_64) AppleWebKit/537.36"
192.168.1.195 - - [03/Jan/2024:04:42:14 +0000] "PUT /admin HTTP/1.1" 301 2933 "direct" "Mozilla/5.0 (X11; Linux x86_64) AppleWebKit/537.36"
192.168.1.103 - - [03/Jan/2024:04:46:33 +0000] "PUT /admin HTTP/1.1" 404 3114 "https://linkedin.com" "Mozilla/5.0 (Windows NT 10.0; Win64; x64) AppleWebKit/537.36"
192.168.1.18 - - [03/Jan/2024:04:50:52 +0000] "POST /login HTTP/1.1" 200 2935 "direct" "Mozilla/5.0 (X11; Linux x86_64) AppleWebKit/537.36"
192.168.1.25 - - [03/Jan/2024:04:55:12 +0000] "DELETE /api/data HTTP/1.1" 500 876 "direct" "Mozilla/5.0 (X11; Linux x86_64) AppleWebKit/537.36"
192.168.1.154 - - [03/Jan/2024:04:59:31 +0000] "POST /contact HTTP/1.1" 500 3938 "https://www.google.com" "Mozilla/5.0 (X11; Linux x86_64) AppleWebKit/537.36"
192.168.1.245 - - [03/Jan/2024:05:03:50 +0000] "DELETE /about HTTP/1.1" 200 4741 "https://www.bing.com" "Mozilla/5.0 (iPhone; CPU iPhone OS 14_0 like Mac OS X) AppleWebKit/605.1.15"
192.168.1.150 - - [03/Jan/2024:05:08:09 +0000] "DELETE /products HTTP/1.1" 200 1126 "https://facebook.com" "Mozilla/5.0 (Windows NT 10.0; Win64; x64) AppleWebKit/537.36"
192.168.1.243 - - [03/Jan/2024:05:12:28 +0000] "GET /api/data HTTP/1.1" 301 560 "https://twitter.com" "Mozilla/5.0 (iPhone; CPU iPhone OS 14_0 like Mac OS X) AppleWebKit/605.1.15"
192.168.1.26 - - [03/Jan/2024:05:16:48 +0000] "DELETE /admin HTTP/1.1" 301 921 "https://linkedin.com" "Mozilla/5.0 (Macintosh; Intel Mac OS X 10_15_7) AppleWebKit/537.36"
192.168.1.1 - - [03/Jan/2024:05:21:07 +0000] "GET /products/phones HTTP/1.1" 200 2307 "https://linkedin.com" "Mozilla/5.0 (iPhone; CPU iPhone OS 14_0 like Mac OS X) AppleWebKit/605.1.15"
192.168.1.144 - - [03/Jan/2024:05:25:26 +0000] "PUT /login HTTP/1.1" 404 3392 "https://www.bing.com" "Mozilla/5.0 (Macintosh; Intel Mac OS X 10_15_7) AppleWebKit/537.36"
192.168.1.250 - - [03/Jan/2024:05:29:45 +0000] "POST /register HTTP/1.1" 200 1077 "https://twitter.com" "Mozilla/5.0 (Windows NT 10.0; Win64; x64) AppleWebKit/537.36"
192.168.1.124 - - [03/Jan/2024:05:34:04 +0000] "POST / HTTP/1.1" 500 1246 "direct" "Mozilla/5.0 (X11; Linux x86_64) AppleWebKit/537.36"
192.168.1.252 - - [03/Jan/2024:05:38:24 +0000] "PUT /admin HTTP/1.1" 500 3088 "direct" "Mozilla/5.0 (Windows NT 10.0; Win64; x64) AppleWebKit/537.36"
192.168.1.90 - - [03/Jan/2024:05:42:43 +0000] "GET /products/laptops HTTP/1.1" 301 2596 "https://www.bing.com" "Mozilla/5.0 (X11; Linux x86_64) AppleWebKit/537.36"
192.168.1.150 - - [03/Jan/2024:05:47:02 +0000] "PUT /blog HTTP/1.1" 200 2941 "https://facebook.com" "Mozilla/5.0 (Windows NT 10.0; Win64; x64) AppleWebKit/537.36"
192.168.1.243 - - [03/Jan/2024:05:51:21 +0000] "POST /products HTTP/1.1" 200 1040 "https://twitter.com" "Mozilla/5.0 (Macintosh; Intel Mac OS X 10_15_7) AppleWebKit/537.36"
192.168.1.235 - - [03/Jan/2024:05:55:40 +0000] "DELETE /blog HTTP/1.1" 404 3351 "https://www.google.com" "Mozilla/5.0 (iPhone; CPU iPhone OS 14_0 like Mac OS X) AppleWebKit/605.1.15"
192.168.1.244 - - [03/Jan/2024:06:00:00 +0000] "PUT /products/laptops HTTP/1.1" 301 575 "https://www.bing.com" "Mozilla/5.0 (Windows NT 10.0; Win64; x64) AppleWebKit/537.36"
192.168.1.14 - - [03/Jan/2024:06:04:19 +0000] "PUT /login HTTP/1.1" 301 2553 "https://www.bing.com" "Mozilla/5.0 (Macintosh; Intel Mac OS X 10_15_7) AppleWebKit/537.36"
192.168.1.196 - - [03/Jan/2024:06:08:38 +0000] "PUT /products HTTP/1.1" 404 3116 "https://twitter.com" "Mozilla/5.0 (X11; Linux x86_64) AppleWebKit/537.36"
192.168.1.197 - - [03/Jan/2024:06:12:57 +0000] "POST /products HTTP/1.1" 200 1802 "direct" "Mozilla/5.0 (iPhone; CPU iPhone OS 14_0 like Mac OS X) AppleWebKit/605.1.15"
192.168.1.73 - - [03/Jan/2024:06:17:16 +0000] "POST /home HTTP/1.1" 200 3373 "https://facebook.com" "Mozilla/5.0 (iPhone; CPU iPhone OS 14_0 like Mac OS X) AppleWebKit/605.1.15"
192.168.1.216 - - [03/Jan/2024:06:21:36 +0000] "DELETE /contact HTTP/1.1" 404 3061 "https://www.bing.com" "Mozilla/5.0 (Macintosh; Intel Mac OS X 10_15_7) AppleWebKit/537.36"
192.168.1.253 - - [03/Jan/2024:06:25:55 +0000] "POST /contact HTTP/1.1" 404 2214 "https://facebook.com" "Mozilla/5.0 (Windows NT 10.0; Win64; x64) AppleWebKit/537.36"
192.168.1.134 - - [03/Jan/2024:06:30:14 +0000] "DELETE /products/phones HTTP/1.1" 500 1598 "https://twitter.com" "Mozilla/5.0 (Macintosh; Intel Mac OS X 10_15_7) AppleWebKit/537.36"
192.168.1.211 - - [03/Jan/2024:06:34:33 +0000] "POST /contact HTTP/1.1" 200 2041 "https://www.bing.com" "Mozilla/5.0 (Windows NT 10.0; Win64; x64) AppleWebKit/537.36"
192.168.1.161 - - [03/Jan/2024:06:38:52 +0000] "GET /admin HTTP/1.1" 200 2995 "direct" "Mozilla/5.0 (iPhone; CPU iPhone OS 14_0 like Mac OS X) AppleWebKit/605.1.15"
192.168.1.8 - - [03/Jan/2024:06:43:12 +0000] "PUT /admin HTTP/1.1" 404 4996 "direct" "Mozilla/5.0 (iPhone; CPU iPhone OS 14_0 like Mac OS X) AppleWebKit/605.1.15"
192.168.1.131 - - [03/Jan/2024:06:47:31 +0000] "PUT /contact HTTP/1.1" 500 1344 "https://twitter.com" "Mozilla/5.0 (Macintosh; Intel Mac OS X 10_15_7) AppleWebKit/537.36"
192.168.1.250 - - [03/Jan/2024:06:51:50 +0000] "GET /home HTTP/1.1" 404 4127 "https://linkedin.com" "Mozilla/5.0 (iPhone; CPU iPhone OS 14_0 like Mac OS X) AppleWebKit/605.1.15"
192.168.1.30 - - [03/Jan/2024:06:56:09 +0000] "PUT /login HTTP/1.1" 301 4792 "https://twitter.com" "Mozilla/5.0 (iPhone; CPU iPhone OS 14_0 like Mac OS X) AppleWebKit/605.1.15"
192.168.1.107 - - [03/Jan/2024:07:00:28 +0000] "POST /login HTTP/1.1" 500 649 "https://www.bing.com" "Mozilla/5.0 (iPhone; CPU iPhone OS 14_0 like Mac OS X) AppleWebKit/605.1.15"
192.168.1.37 - - [03/Jan/2024:07:04:48 +0000] "DELETE / HTTP/1.1" 200 1706 "https://www.bing.com" "Mozilla/5.0 (iPhone; CPU iPhone OS 14_0 like Mac OS X) AppleWebKit/605.1.15"
192.168.1.57 - - [03/Jan/2024:07:09:07 +0000] "DELETE /about HTTP/1.1" 200 3966 "https://linkedin.com" "Mozilla/5.0 (X11; Linux x86_64) AppleWebKit/537.36"
192.168.1.77 - - [03/Jan/2024:07:13:26 +0000] "PUT / HTTP/1.1" 500 3409 "https://linkedin.com" "Mozilla/5.0 (iPhone; CPU iPhone OS 14_0 like Mac OS X) AppleWebKit/605.1.15"
192.168.1.244 - - [03/Jan/2024:07:17:45 +0000] "GET /register HTTP/1.1" 200 3163 "https://facebook.com" "Mozilla/5.0 (Windows NT 10.0; Win64; x64) AppleWebKit/537.36"
192.168.1.4 - - [03/Jan/2024:07:22:04 +0000] "POST /contact HTTP/1.1" 200 4245 "direct" "Mozilla/5.0 (X11; Linux x86_64) AppleWebKit/537.36"
192.168.1.173 - - [03/Jan/2024:07:26:24 +0000] "GET /products/phones HTTP/1.1" 301 3345 "https://facebook.com" "Mozilla/5.0 (Windows NT 10.0; Win64; x64) AppleWebKit/537.36"
192.168.1.197 - - [03/Jan/2024:07:30:43 +0000] "DELETE /blog HTTP/1.1" 301 1463 "https://www.bing.com" "Mozilla/5.0 (Windows NT 10.0; Win64; x64) AppleWebKit/537.36"
192.168.1.12 - - [03/Jan/2024:07:35:02 +0000] "DELETE /blog HTTP/1.1" 500 2798 "https://facebook.com" "Mozilla/5.0 (Macintosh; Intel Mac OS X 10_15_7) AppleWebKit/537.36"
192.168.1.4 - - [03/Jan/2024:07:39:21 +0000] "DELETE /api/data HTTP/1.1" 500 4660 "https://www.bing.com" "Mozilla/5.0 (Windows NT 10.0; Win64; x64) AppleWebKit/537.36"
192.168.1.55 - - [03/Jan/2024:07:43:40 +0000] "POST /products/laptops HTTP/1.1" 500 1954 "direct" "Mozilla/5.0 (X11; Linux x86_64) AppleWebKit/537.36"
192.168.1.29 - - [03/Jan/2024:07:48:00 +0000] "DELETE /home HTTP/1.1" 301 4454 "https://facebook.com" "Mozilla/5.0 (iPhone; CPU iPhone OS 14_0 like Mac OS X) AppleWebKit/605.1.15"
192.168.1.74 - - [03/Jan/2024:07:52:19 +0000] "PUT /register HTTP/1.1" 500 3183 "https://twitter.com" "Mozilla/5.0 (Windows NT 10.0; Win64; x64) AppleWebKit/537.36"
192.168.1.211 - - [03/Jan/2024:07:56:38 +0000] "GET /products/phones HTTP/1.1" 404 4639 "https://twitter.com" "Mozilla/5.0 (X11; Linux x86_64) AppleWebKit/537.36"
192.168.1.57 - - [03/Jan/2024:08:00:57 +0000] "DELETE /products/laptops HTTP/1.1" 404 4874 "https://linkedin.com" "Mozilla/5.0 (iPhone; CPU iPhone OS 14_0 like Mac OS X) AppleWebKit/605.1.15"
192.168.1.111 - - [03/Jan/2024:08:05:16 +0000] "PUT /admin HTTP/1.1" 404 1398 "https://www.bing.com" "Mozilla/5.0 (X11; Linux x86_64) AppleWebKit/537.36"
192.168.1.235 - - [03/Jan/2024:08:09:36 +0000] "GET /contact HTTP/1.1" 404 1326 "direct" "Mozilla/5.0 (Windows NT 10.0; Win64; x64) AppleWebKit/537.36"
192.168.1.252 - - [03/Jan/2024:08:13:55 +0000] "POST /home HTTP/1.1" 301 1049 "direct" "Mozilla/5.0 (iPhone; CPU iPhone OS 14_0 like Mac OS X) AppleWebKit/605.1.15"
192.168.1.1 - - [03/Jan/2024:08:18:14 +0000] "DELETE /home HTTP/1.1" 404 4098 "https://www.bing.com" "Mozilla/5.0 (iPhone; CPU iPhone OS 14_0 like Mac OS X) AppleWebKit/605.1.15"
192.168.1.218 - - [03/Jan/2024:08:22:33 +0000] "PUT /login HTTP/1.1" 500 1212 "https://linkedin.com" "Mozilla/5.0 (Windows NT 10.0; Win64; x64) AppleWebKit/537.36"
192.168.1.213 - - [03/Jan/2024:08:26:52 +0000] "DELETE /blog HTTP/1.1" 500 4942 "https://twitter.com" "Mozilla/5.0 (Windows NT 10.0; Win64; x64) AppleWebKit/537.36"
192.168.1.233 - - [03/Jan/2024:08:31:12 +0000] "POST /blog HTTP/1.1" 200 4146 "https://www.bing.com" "Mozilla/5.0 (Windows NT 10.0; Win64; x64) AppleWebKit/537.36"
192.168.1.63 - - [03/Jan/2024:08:35:31 +0000] "PUT /login HTTP/1.1" 500 839 "direct" "Mozilla/5.0 (Macintosh; Intel Mac OS X 10_15_7) AppleWebKit/537.36"
192.168.1.17 - - [03/Jan/2024:08:39:50 +0000] "GET /products/laptops HTTP/1.1" 200 3672 "direct" "Mozilla/5.0 (Windows NT 10.0; Win64; x64) AppleWebKit/537.36"
192.168.1.197 - - [03/Jan/2024:08:44:09 +0000] "DELETE /login HTTP/1.1" 500 2787 "https://linkedin.com" "Mozilla/5.0 (X11; Linux x86_64) AppleWebKit/537.36"
192.168.1.73 - - [03/Jan/2024:08:48:28 +0000] "GET /products/phones HTTP/1.1" 301 965 "direct" "Mozilla/5.0 (Windows NT 10.0; Win64; x64) AppleWebKit/537.36"
192.168.1.150 - - [03/Jan/2024:08:52:48 +0000] "POST /contact HTTP/1.1" 301 790 "https://www.google.com" "Mozilla/5.0 (X11; Linux x86_64) AppleWebKit/537.36"
192.168.1.247 - - [03/Jan/2024:08:57:07 +0000] "DELETE /api/data HTTP/1.1" 200 2972 "https://www.google.com" "Mozilla/5.0 (Macintosh; Intel Mac OS X 10_15_7) AppleWebKit/537.36"
192.168.1.247 - - [03/Jan/2024:09:01:26 +0000] "POST /admin HTTP/1.1" 500 4383 "https://facebook.com" "Mozilla/5.0 (iPhone; CPU iPhone OS 14_0 like Mac OS X) AppleWebKit/605.1.15"
192.168.1.253 - - [03/Jan/2024:09:05:45 +0000] "POST /products/laptops HTTP/1.1" 500 680 "https://www.google.com" "Mozilla/5.0 (X11; Linux x86_64) AppleWebKit/537.36"
192.168.1.207 - - [03/Jan/2024:09:10:04 +0000] "GET /products/laptops HTTP/1.1" 200 1483 "https://www.bing.com" "Mozilla/5.0 (Macintosh; Intel Mac OS X 10_15_7) AppleWebKit/537.36"
192.168.1.60 - - [03/Jan/2024:09:14:24 +0000] "DELETE /admin HTTP/1.1" 404 3440 "https://twitter.com" "Mozilla/5.0 (iPhone; CPU iPhone OS 14_0 like Mac OS X) AppleWebKit/605.1.15"
192.168.1.168 - - [03/Jan/2024:09:18:43 +0000] "PUT /login HTTP/1.1" 200 3030 "https://linkedin.com" "Mozilla/5.0 (Windows NT 10.0; Win64; x64) AppleWebKit/537.36"
192.168.1.207 - - [03/Jan/2024:09:23:02 +0000] "GET /home HTTP/1.1" 404 511 "direct" "Mozilla/5.0 (Windows NT 10.0; Win64; x64) AppleWebKit/537.36"
192.168.1.161 - - [03/Jan/2024:09:27:21 +0000] "PUT /home HTTP/1.1" 200 746 "https://twitter.com" "Mozilla/5.0 (Macintosh; Intel Mac OS X 10_15_7) AppleWebKit/537.36"
192.168.1.93 - - [03/Jan/2024:09:31:40 +0000] "GET /products/laptops HTTP/1.1" 404 4843 "https://www.google.com" "Mozilla/5.0 (iPhone; CPU iPhone OS 14_0 like Mac OS X) AppleWebKit/605.1.15"
192.168.1.245 - - [03/Jan/2024:09:36:00 +0000] "DELETE / HTTP/1.1" 500 4643 "https://www.bing.com" "Mozilla/5.0 (Windows NT 10.0; Win64; x64) AppleWebKit/537.36"
192.168.1.77 - - [03/Jan/2024:09:40:19 +0000] "PUT /products/laptops HTTP/1.1" 301 574 "https://facebook.com" "Mozilla/5.0 (iPhone; CPU iPhone OS 14_0 like Mac OS X) AppleWebKit/605.1.15"
192.168.1.228 - - [03/Jan/2024:09:44:38 +0000] "PUT /contact HTTP/1.1" 404 4127 "https://www.bing.com" "Mozilla/5.0 (Windows NT 10.0; Win64; x64) AppleWebKit/537.36"
192.168.1.199 - - [03/Jan/2024:09:48:57 +0000] "PUT /products HTTP/1.1" 301 4728 "https://www.bing.com" "Mozilla/5.0 (X11; Linux x86_64) AppleWebKit/537.36"
192.168.1.247 - - [03/Jan/2024:09:53:16 +0000] "GET /api/data HTTP/1.1" 301 667 "https://facebook.com" "Mozilla/5.0 (iPhone; CPU iPhone OS 14_0 like Mac OS X) AppleWebKit/605.1.15"
192.168.1.190 - - [03/Jan/2024:09:57:36 +0000] "PUT /home HTTP/1.1" 404 1585 "https://linkedin.com" "Mozilla/5.0 (iPhone; CPU iPhone OS 14_0 like Mac OS X) AppleWebKit/605.1.15"
192.168.1.247 - - [03/Jan/2024:10:01:55 +0000] "GET /register HTTP/1.1" 404 2864 "https://twitter.com" "Mozilla/5.0 (X11; Linux x86_64) AppleWebKit/537.36"
192.168.1.17 - - [03/Jan/2024:10:06:14 +0000] "GET /products HTTP/1.1" 500 3597 "direct" "Mozilla/5.0 (Windows NT 10.0; Win64; x64) AppleWebKit/537.36"
192.168.1.218 - - [03/Jan/2024:10:10:33 +0000] "GET /login HTTP/1.1" 301 3171 "https://www.bing.com" "Mozilla/5.0 (iPhone; CPU iPhone OS 14_0 like Mac OS X) AppleWebKit/605.1.15"
192.168.1.74 - - [03/Jan/2024:10:14:52 +0000] "GET /products/phones HTTP/1.1" 301 575 "https://www.google.com" "Mozilla/5.0 (iPhone; CPU iPhone OS 14_0 like Mac OS X) AppleWebKit/605.1.15"
192.168.1.163 - - [03/Jan/2024:10:19:12 +0000] "POST /home HTTP/1.1" 404 2939 "https://linkedin.com" "Mozilla/5.0 (Windows NT 10.0; Win64; x64) AppleWebKit/537.36"
192.168.1.246 - - [03/Jan/2024:10:23:31 +0000] "GET /register HTTP/1.1" 200 4890 "direct" "Mozilla/5.0 (Macintosh; Intel Mac OS X 10_15_7) AppleWebKit/537.36"
192.168.1.159 - - [03/Jan/2024:10:27:50 +0000] "POST /login HTTP/1.1" 404 1870 "https://linkedin.com" "Mozilla/5.0 (Macintosh; Intel Mac OS X 10_15_7) AppleWebKit/537.36"
192.168.1.184 - - [03/Jan/2024:10:32:09 +0000] "POST /about HTTP/1.1" 301 3277 "direct" "Mozilla/5.0 (X11; Linux x86_64) AppleWebKit/537.36"
192.168.1.131 - - [03/Jan/2024:10:36:28 +0000] "DELETE /admin HTTP/1.1" 301 610 "https://facebook.com" "Mozilla/5.0 (X11; Linux x86_64) AppleWebKit/537.36"
192.168.1.159 - - [03/Jan/2024:10:40:48 +0000] "DELETE /contact HTTP/1.1" 200 3097 "direct" "Mozilla/5.0 (iPhone; CPU iPhone OS 14_0 like Mac OS X) AppleWebKit/605.1.15"
192.168.1.29 - - [03/Jan/2024:10:45:07 +0000] "PUT /register HTTP/1.1" 301 1832 "https://linkedin.com" "Mozilla/5.0 (Macintosh; Intel Mac OS X 10_15_7) AppleWebKit/537.36"
192.168.1.247 - - [03/Jan/2024:10:49:26 +0000] "DELETE /register HTTP/1.1" 404 4348 "https://facebook.com" "Mozilla/5.0 (iPhone; CPU iPhone OS 14_0 like Mac OS X) AppleWebKit/605.1.15"
192.168.1.148 - - [03/Jan/2024:10:53:45 +0000] "POST /login HTTP/1.1" 500 1709 "https://www.google.com" "Mozilla/5.0 (Macintosh; Intel Mac OS X 10_15_7) AppleWebKit/537.36"
192.168.1.57 - - [03/Jan/2024:10:58:04 +0000] "POST /products/phones HTTP/1.1" 301 3891 "direct" "Mozilla/5.0 (X11; Linux x86_64) AppleWebKit/537.36"
192.168.1.51 - - [03/Jan/2024:11:02:24 +0000] "POST /products/phones HTTP/1.1" 301 1684 "direct" "Mozilla/5.0 (iPhone; CPU iPhone OS 14_0 like Mac OS X) AppleWebKit/605.1.15"
192.168.1.183 - - [03/Jan/2024:11:06:43 +0000] "PUT /contact HTTP/1.1" 200 1611 "https://linkedin.com" "Mozilla/5.0 (Windows NT 10.0; Win64; x64) AppleWebKit/537.36"
192.168.1.57 - - [03/Jan/2024:11:11:02 +0000] "POST /login HTTP/1.1" 404 2691 "https://facebook.com" "Mozilla/5.0 (X11; Linux x86_64) AppleWebKit/537.36"
192.168.1.26 - - [03/Jan/2024:11:15:21 +0000] "GET /contact HTTP/1.1" 301 2773 "https://facebook.com" "Mozilla/5.0 (Macintosh; Intel Mac OS X 10_15_7) AppleWebKit/537.36"
192.168.1.163 - - [03/Jan/2024:11:19:40 +0000] "DELETE /contact HTTP/1.1" 200 3778 "https://linkedin.com" "Mozilla/5.0 (Windows NT 10.0; Win64; x64) AppleWebKit/537.36"
192.168.1.247 - - [03/Jan/2024:11:24:00 +0000] "POST /products/phones HTTP/1.1" 200 2531 "https://www.google.com" "Mozilla/5.0 (X11; Linux x86_64) AppleWebKit/537.36"
192.168.1.209 - - [03/Jan/2024:11:28:19 +0000] "PUT / HTTP/1.1" 200 3552 "https://linkedin.com" "Mozilla/5.0 (X11; Linux x86_64) AppleWebKit/537.36"
192.168.1.216 - - [03/Jan/2024:11:32:38 +0000] "PUT /admin HTTP/1.1" 404 4571 "direct" "Mozilla/5.0 (Macintosh; Intel Mac OS X 10_15_7) AppleWebKit/537.36"
192.168.1.253 - - [03/Jan/2024:11:36:57 +0000] "DELETE /products/laptops HTTP/1.1" 301 1168 "direct" "Mozilla/5.0 (Macintosh; Intel Mac OS X 10_15_7) AppleWebKit/537.36"
192.168.1.144 - - [03/Jan/2024:11:41:16 +0000] "POST /products HTTP/1.1" 500 3896 "direct" "Mozilla/5.0 (Macintosh; Intel Mac OS X 10_15_7) AppleWebKit/537.36"
192.168.1.124 - - [03/Jan/2024:11:45:36 +0000] "PUT /login HTTP/1.1" 200 3879 "https://www.bing.com" "Mozilla/5.0 (Macintosh; Intel Mac OS X 10_15_7) AppleWebKit/537.36"
192.168.1.93 - - [03/Jan/2024:11:49:55 +0000] "POST /products/laptops HTTP/1.1" 500 2239 "https://twitter.com" "Mozilla/5.0 (Windows NT 10.0; Win64; x64) AppleWebKit/537.36"
192.168.1.60 - - [03/Jan/2024:11:54:14 +0000] "GET / HTTP/1.1" 301 847 "https://facebook.com" "Mozilla/5.0 (X11; Linux x86_64) AppleWebKit/537.36"
192.168.1.228 - - [03/Jan/2024:11:58:33 +0000] "PUT /contact HTTP/1.1" 301 3766 "https://www.bing.com" "Mozilla/5.0 (X11; Linux x86_64) AppleWebKit/537.36"
192.168.1.220 - - [03/Jan/2024:12:02:52 +0000] "GET /api/data HTTP/1.1" 500 1775 "direct" "Mozilla/5.0 (Macintosh; Intel Mac OS X 10_15_7) AppleWebKit/537.36"
192.168.1.246 - - [03/Jan/2024:12:07:12 +0000] "DELETE /login HTTP/1.1" 301 4517 "https://facebook.com" "Mozilla/5.0 (Macintosh; Intel Mac OS X 10_15_7) AppleWebKit/537.36"
192.168.1.196 - - [03/Jan/2024:12:11:31 +0000] "GET /contact HTTP/1.1" 200 2466 "https://www.google.com" "Mozilla/5.0 (iPhone; CPU iPhone OS 14_0 like Mac OS X) AppleWebKit/605.1.15"
192.168.1.54 - - [03/Jan/2024:12:15:50 +0000] "PUT /products/laptops HTTP/1.1" 301 1299 "https://www.bing.com" "Mozilla/5.0 (X11; Linux x86_64) AppleWebKit/537.36"
192.168.1.60 - - [03/Jan/2024:12:20:09 +0000] "GET /products HTTP/1.1" 200 1353 "https://www.google.com" "Mozilla/5.0 (X11; Linux x86_64) AppleWebKit/537.36"
192.168.1.107 - - [03/Jan/2024:12:24:28 +0000] "PUT /about HTTP/1.1" 500 2093 "https://www.bing.com" "Mozilla/5.0 (iPhone; CPU iPhone OS 14_0 like Mac OS X) AppleWebKit/605.1.15"
192.168.1.213 - - [03/Jan/2024:12:28:48 +0000] "POST /api/data HTTP/1.1" 500 2732 "direct" "Mozilla/5.0 (X11; Linux x86_64) AppleWebKit/537.36"
192.168.1.245 - - [03/Jan/2024:12:33:07 +0000] "DELETE /contact HTTP/1.1" 500 4966 "https://linkedin.com" "Mozilla/5.0 (Macintosh; Intel Mac OS X 10_15_7) AppleWebKit/537.36"
192.168.1.26 - - [03/Jan/2024:12:37:26 +0000] "POST / HTTP/1.1" 301 1102 "https://twitter.com" "Mozilla/5.0 (Macintosh; Intel Mac OS X 10_15_7) AppleWebKit/537.36"
192.168.1.51 - - [03/Jan/2024:12:41:45 +0000] "PUT /login HTTP/1.1" 301 3876 "https://facebook.com" "Mozilla/5.0 (Macintosh; Intel Mac OS X 10_15_7) AppleWebKit/537.36"
192.168.1.111 - - [03/Jan/2024:12:46:04 +0000] "DELETE /login HTTP/1.1" 404 2034 "https://www.bing.com" "Mozilla/5.0 (Macintosh; Intel Mac OS X 10_15_7) AppleWebKit/537.36"
192.168.1.199 - - [03/Jan/2024:12:50:24 +0000] "DELETE /api/data HTTP/1.1" 200 2608 "https://linkedin.com" "Mozilla/5.0 (Macintosh; Intel Mac OS X 10_15_7) AppleWebKit/537.36"
192.168.1.163 - - [03/Jan/2024:12:54:43 +0000] "POST /blog HTTP/1.1" 500 1745 "https://linkedin.com" "Mozilla/5.0 (Windows NT 10.0; Win64; x64) AppleWebKit/537.36"
192.168.1.6 - - [03/Jan/2024:12:59:02 +0000] "POST /contact HTTP/1.1" 200 1422 "https://linkedin.com" "Mozilla/5.0 (Windows NT 10.0; Win64; x64) AppleWebKit/537.36"
192.168.1.253 - - [03/Jan/2024:13:03:21 +0000] "DELETE /products/laptops HTTP/1.1" 404 4293 "direct" "Mozilla/5.0 (X11; Linux x86_64) AppleWebKit/537.36"
192.168.1.55 - - [03/Jan/2024:13:07:40 +0000] "PUT /login HTTP/1.1" 301 1492 "https://twitter.com" "Mozilla/5.0 (Macintosh; Intel Mac OS X 10_15_7) AppleWebKit/537.36"
192.168.1.54 - - [03/Jan/2024:13:12:00 +0000] "POST /contact HTTP/1.1" 200 4095 "https://www.google.com" "Mozilla/5.0 (Windows NT 10.0; Win64; x64) AppleWebKit/537.36"
192.168.1.37 - - [03/Jan/2024:13:16:19 +0000] "POST /login HTTP/1.1" 500 3467 "https://linkedin.com" "Mozilla/5.0 (iPhone; CPU iPhone OS 14_0 like Mac OS X) AppleWebKit/605.1.15"
192.168.1.168 - - [03/Jan/2024:13:20:38 +0000] "PUT /admin HTTP/1.1" 500 4633 "https://www.google.com" "Mozilla/5.0 (Macintosh; Intel Mac OS X 10_15_7) AppleWebKit/537.36"
192.168.1.109 - - [03/Jan/2024:13:24:57 +0000] "PUT /home HTTP/1.1" 404 4983 "https://facebook.com" "Mozilla/5.0 (iPhone; CPU iPhone OS 14_0 like Mac OS X) AppleWebKit/605.1.15"
192.168.1.74 - - [03/Jan/2024:13:29:16 +0000] "DELETE /about HTTP/1.1" 404 4481 "https://www.google.com" "Mozilla/5.0 (iPhone; CPU iPhone OS 14_0 like Mac OS X) AppleWebKit/605.1.15"
192.168.1.247 - - [03/Jan/2024:13:33:36 +0000] "PUT /api/data HTTP/1.1" 404 3996 "https://www.google.com" "Mozilla/5.0 (iPhone; CPU iPhone OS 14_0 like Mac OS X) AppleWebKit/605.1.15"
192.168.1.196 - - [03/Jan/2024:13:37:55 +0000] "GET /admin HTTP/1.1" 200 2545 "https://www.bing.com" "Mozilla/5.0 (Windows NT 10.0; Win64; x64) AppleWebKit/537.36"
192.168.1.189 - - [03/Jan/2024:13:42:14 +0000] "DELETE /products HTTP/1.1" 500 3701 "direct" "Mozilla/5.0 (iPhone; CPU iPhone OS 14_0 like Mac OS X) AppleWebKit/605.1.15"
192.168.1.168 - - [03/Jan/2024:13:46:33 +0000] "GET /admin HTTP/1.1" 301 1293 "https://www.google.com" "Mozilla/5.0 (Macintosh; Intel Mac OS X 10_15_7) AppleWebKit/537.36"
192.168.1.26 - - [03/Jan/2024:13:50:52 +0000] "DELETE / HTTP/1.1" 200 4894 "https://linkedin.com" "Mozilla/5.0 (X11; Linux x86_64) AppleWebKit/537.36"
192.168.1.190 - - [03/Jan/2024:13:55:12 +0000] "GET /admin HTTP/1.1" 200 2848 "https://linkedin.com" "Mozilla/5.0 (Macintosh; Intel Mac OS X 10_15_7) AppleWebKit/537.36"
192.168.1.17 - - [03/Jan/2024:13:59:31 +0000] "GET /blog HTTP/1.1" 404 2195 "https://twitter.com" "Mozilla/5.0 (iPhone; CPU iPhone OS 14_0 like Mac OS X) AppleWebKit/605.1.15"
192.168.1.57 - - [03/Jan/2024:14:03:50 +0000] "DELETE /products/laptops HTTP/1.1" 301 2637 "https://www.google.com" "Mozilla/5.0 (X11; Linux x86_64) AppleWebKit/537.36"
192.168.1.51 - - [03/Jan/2024:14:08:09 +0000] "DELETE /about HTTP/1.1" 200 1626 "https://www.google.com" "Mozilla/5.0 (Windows NT 10.0; Win64; x64) AppleWebKit/537.36"
192.168.1.17 - - [03/Jan/2024:14:12:28 +0000] "DELETE /register HTTP/1.1" 301 2335 "https://facebook.com" "Mozilla/5.0 (Macintosh; Intel Mac OS X 10_15_7) AppleWebKit/537.36"
192.168.1.197 - - [03/Jan/2024:14:16:48 +0000] "GET /api/data HTTP/1.1" 500 1354 "https://twitter.com" "Mozilla/5.0 (Windows NT 10.0; Win64; x64) AppleWebKit/537.36"
192.168.1.63 - - [03/Jan/2024:14:21:07 +0000] "PUT / HTTP/1.1" 500 2265 "https://linkedin.com" "Mozilla/5.0 (Windows NT 10.0; Win64; x64) AppleWebKit/537.36"
192.168.1.57 - - [03/Jan/2024:14:25:26 +0000] "GET /contact HTTP/1.1" 301 3763 "direct" "Mozilla/5.0 (X11; Linux x86_64) AppleWebKit/537.36"
192.168.1.220 - - [03/Jan/2024:14:29:45 +0000] "PUT /about HTTP/1.1" 404 1171 "https://linkedin.com" "Mozilla/5.0 (X11; Linux x86_64) AppleWebKit/537.36"
192.168.1.161 - - [03/Jan/2024:14:34:04 +0000] "POST / HTTP/1.1" 301 2508 "https://linkedin.com" "Mozilla/5.0 (X11; Linux x86_64) AppleWebKit/537.36"
192.168.1.155 - - [03/Jan/2024:14:38:24 +0000] "PUT / HTTP/1.1" 500 925 "direct" "Mozilla/5.0 (Macintosh; Intel Mac OS X 10_15_7) AppleWebKit/537.36"
192.168.1.124 - - [03/Jan/2024:14:42:43 +0000] "POST /login HTTP/1.1" 301 1705 "direct" "Mozilla/5.0 (Windows NT 10.0; Win64; x64) AppleWebKit/537.36"
192.168.1.60 - - [03/Jan/2024:14:47:02 +0000] "POST /about HTTP/1.1" 500 4653 "direct" "Mozilla/5.0 (X11; Linux x86_64) AppleWebKit/537.36"
192.168.1.253 - - [03/Jan/2024:14:51:21 +0000] "POST /products HTTP/1.1" 200 998 "direct" "Mozilla/5.0 (Macintosh; Intel Mac OS X 10_15_7) AppleWebKit/537.36"
192.168.1.18 - - [03/Jan/2024:14:55:40 +0000] "DELETE / HTTP/1.1" 200 4091 "https://linkedin.com" "Mozilla/5.0 (Macintosh; Intel Mac OS X 10_15_7) AppleWebKit/537.36"
192.168.1.216 - - [03/Jan/2024:15:00:00 +0000] "PUT /products HTTP/1.1" 404 2964 "https://www.google.com" "Mozilla/5.0 (Macintosh; Intel Mac OS X 10_15_7) AppleWebKit/537.36"
192.168.1.246 - - [03/Jan/2024:15:04:19 +0000] "DELETE /login HTTP/1.1" 404 4852 "https://www.google.com" "Mozilla/5.0 (X11; Linux x86_64) AppleWebKit/537.36"
192.168.1.13 - - [03/Jan/2024:15:08:38 +0000] "GET /home HTTP/1.1" 301 4269 "https://www.bing.com" "Mozilla/5.0 (X11; Linux x86_64) AppleWebKit/537.36"
192.168.1.1 - - [03/Jan/2024:15:12:57 +0000] "POST /products/phones HTTP/1.1" 404 1729 "https://www.google.com" "Mozilla/5.0 (Windows NT 10.0; Win64; x64) AppleWebKit/537.36"
192.168.1.57 - - [03/Jan/2024:15:17:16 +0000] "GET /contact HTTP/1.1" 500 3291 "https://www.google.com" "Mozilla/5.0 (Macintosh; Intel Mac OS X 10_15_7) AppleWebKit/537.36"
192.168.1.245 - - [03/Jan/2024:15:21:36 +0000] "PUT /login HTTP/1.1" 404 2852 "direct" "Mozilla/5.0 (X11; Linux x86_64) AppleWebKit/537.36"
192.168.1.37 - - [03/Jan/2024:15:25:55 +0000] "GET /home HTTP/1.1" 500 2442 "https://linkedin.com" "Mozilla/5.0 (Windows NT 10.0; Win64; x64) AppleWebKit/537.36"
192.168.1.196 - - [03/Jan/2024:15:30:14 +0000] "POST /about HTTP/1.1" 500 4163 "https://linkedin.com" "Mozilla/5.0 (Macintosh; Intel Mac OS X 10_15_7) AppleWebKit/537.36"
192.168.1.16 - - [03/Jan/2024:15:34:33 +0000] "PUT /blog HTTP/1.1" 404 4804 "https://linkedin.com" "Mozilla/5.0 (Macintosh; Intel Mac OS X 10_15_7) AppleWebKit/537.36"
192.168.1.130 - - [03/Jan/2024:15:38:52 +0000] "DELETE / HTTP/1.1" 404 4597 "https://www.bing.com" "Mozilla/5.0 (X11; Linux x86_64) AppleWebKit/537.36"
192.168.1.154 - - [03/Jan/2024:15:43:12 +0000] "DELETE / HTTP/1.1" 301 1360 "https://www.google.com" "Mozilla/5.0 (X11; Linux x86_64) AppleWebKit/537.36"
192.168.1.174 - - [03/Jan/2024:15:47:31 +0000] "POST / HTTP/1.1" 301 4107 "https://facebook.com" "Mozilla/5.0 (iPhone; CPU iPhone OS 14_0 like Mac OS X) AppleWebKit/605.1.15"
192.168.1.13 - - [03/Jan/2024:15:51:50 +0000] "POST /products/phones HTTP/1.1" 301 4721 "https://facebook.com" "Mozilla/5.0 (Windows NT 10.0; Win64; x64) AppleWebKit/537.36"
192.168.1.1 - - [03/Jan/2024:15:56:09 +0000] "GET /contact HTTP/1.1" 404 4011 "direct" "Mozilla/5.0 (Windows NT 10.0; Win64; x64) AppleWebKit/537.36"
192.168.1.184 - - [03/Jan/2024:16:00:28 +0000] "PUT /about HTTP/1.1" 301 4374 "https://www.bing.com" "Mozilla/5.0 (Windows NT 10.0; Win64; x64) AppleWebKit/537.36"
192.168.1.6 - - [03/Jan/2024:16:04:48 +0000] "POST / HTTP/1.1" 301 1906 "https://linkedin.com" "Mozilla/5.0 (Windows NT 10.0; Win64; x64) AppleWebKit/537.36"
192.168.1.245 - - [03/Jan/2024:16:09:07 +0000] "GET /contact HTTP/1.1" 500 2224 "https://linkedin.com" "Mozilla/5.0 (X11; Linux x86_64) AppleWebKit/537.36"
192.168.1.1 - - [03/Jan/2024:16:13:26 +0000] "DELETE /home HTTP/1.1" 301 4105 "direct" "Mozilla/5.0 (X11; Linux x86_64) AppleWebKit/537.36"
192.168.1.6 - - [03/Jan/2024:16:17:45 +0000] "DELETE /blog HTTP/1.1" 301 3925 "https://twitter.com" "Mozilla/5.0 (Macintosh; Intel Mac OS X 10_15_7) AppleWebKit/537.36"
192.168.1.154 - - [03/Jan/2024:16:22:04 +0000] "PUT /login HTTP/1.1" 404 2124 "direct" "Mozilla/5.0 (Macintosh; Intel Mac OS X 10_15_7) AppleWebKit/537.36"
192.168.1.228 - - [03/Jan/2024:16:26:24 +0000] "DELETE /blog HTTP/1.1" 500 3981 "https://www.google.com" "Mozilla/5.0 (X11; Linux x86_64) AppleWebKit/537.36"
192.168.1.93 - - [03/Jan/2024:16:30:43 +0000] "POST /home HTTP/1.1" 301 2832 "https://linkedin.com" "Mozilla/5.0 (Macintosh; Intel Mac OS X 10_15_7) AppleWebKit/537.36"
192.168.1.183 - - [03/Jan/2024:16:35:02 +0000] "POST /contact HTTP/1.1" 301 1201 "https://www.google.com" "Mozilla/5.0 (Windows NT 10.0; Win64; x64) AppleWebKit/537.36"
