192.168.1.244 - - [05/Jan/2024:11:42:43 +0000] "POST /products HTTP/1.1" 301 3930 "https://facebook.com" "Mozilla/5.0 (iPhone; CPU iPhone OS 14_0 like Mac OS X) AppleWebKit/605.1.15"
192.168.1.63 - - [05/Jan/2024:11:47:02 +0000] "DELETE /contact HTTP/1.1" 200 4281 "direct" "Mozilla/5.0 (X11; Linux x86_64) AppleWebKit/537.36"
192.168.1.163 - - [05/Jan/2024:11:51:21 +0000] "PUT /register HTTP/1.1" 200 3714 "https://facebook.com" "Mozilla/5.0 (Windows NT 10.0; Win64; x64) AppleWebKit/537.36"
192.168.1.126 - - [05/Jan/2024:11:55:40 +0000] "GET / HTTP/1.1" 500 3581 "https://www.google.com" "Mozilla/5.0 (iPhone; CPU iPhone OS 14_0 like Mac OS X) AppleWebKit/605.1.15"
192.168.1.26 - - [05/Jan/2024:12:00:00 +0000] "PUT /contact HTTP/1.1" 301 4637 "https://www.bing.com" "Mozilla/5.0 (X11; Linux x86_64) AppleWebKit/537.36"
192.168.1.51 - - [05/Jan/2024:12:04:19 +0000] "GET /contact HTTP/1.1" 200 3430 "https://www.google.com" "Mozilla/5.0 (X11; Linux x86_64) AppleWebKit/537.36"
192.168.1.4 - - [05/Jan/2024:12:08:38 +0000] "GET /register HTTP/1.1" 200 3845 "https://facebook.com" "Mozilla/5.0 (iPhone; CPU iPhone OS 14_0 like Mac OS X) AppleWebKit/605.1.15"
192.168.1.70 - - [05/Jan/2024:12:12:57 +0000] "DELETE /home HTTP/1.1" 200 1287 "https://twitter.com" "Mozilla/5.0 (Windows NT 10.0; Win64; x64) AppleWebKit/537.36"
192.168.1.205 - - [05/Jan/2024:12:17:16 +0000] "DELETE /admin HTTP/1.1" 500 1171 "https://www.bing.com" "Mozilla/5.0 (Macintosh; Intel Mac OS X 10_15_7) AppleWebKit/537.36"
192.168.1.163 - - [05/Jan/2024:12:21:36 +0000] "GET /products HTTP/1.1" 200 1280 "https://linkedin.com" "Mozilla/5.0 (iPhone; CPU iPhone OS 14_0 like Mac OS X) AppleWebKit/605.1.15"
192.168.1.109 - - [05/Jan/2024:12:25:55 +0000] "GET /api/data HTTP/1.1" 404 1972 "https://linkedin.com" "Mozilla/5.0 (Macintosh; Intel Mac OS X 10_15_7) AppleWebKit/537.36"
192.168.1.190 - - [05/Jan/2024:12:30:14 +0000] "PUT /products/phones HTTP/1.1" 200 3399 "https://twitter.com" "Mozilla/5.0 (X11; Linux x86_64) AppleWebKit/537.36"
192.168.1.173 - - [05/Jan/2024:12:34:33 +0000] "PUT /contact HTTP/1.1" 500 1509 "direct" "Mozilla/5.0 (Windows NT 10.0; Win64; x64) AppleWebKit/537.36"
192.168.1.223 - - [05/Jan/2024:12:38:52 +0000] "DELETE /login HTTP/1.1" 301 4641 "https://www.google.com" "Mozilla/5.0 (Windows NT 10.0; Win64; x64) AppleWebKit/537.36"
192.168.1.30 - - [05/Jan/2024:12:43:12 +0000] "DELETE /about HTTP/1.1" 200 2674 "direct" "Mozilla/5.0 (Windows NT 10.0; Win64; x64) AppleWebKit/537.36"
192.168.1.34 - - [05/Jan/2024:12:47:31 +0000] "POST /about HTTP/1.1" 200 1713 "https://linkedin.com" "Mozilla/5.0 (iPhone; CPU iPhone OS 14_0 like Mac OS X) AppleWebKit/605.1.15"
192.168.1.63 - - [05/Jan/2024:12:51:50 +0000] "DELETE / HTTP/1.1" 500 4619 "direct" "Mozilla/5.0 (X11; Linux x86_64) AppleWebKit/537.36"
192.168.1.245 - - [05/Jan/2024:12:56:09 +0000] "GET /products/phones HTTP/1.1" 500 3450 "https://facebook.com" "Mozilla/5.0 (Macintosh; Intel Mac OS X 10_15_7) AppleWebKit/537.36"
192.168.1.126 - - [05/Jan/2024:13:00:28 +0000] "PUT /login HTTP/1.1" 404 1642 "https://linkedin.com" "Mozilla/5.0 (Macintosh; Intel Mac OS X 10_15_7) AppleWebKit/537.36"
192.168.1.51 - - [05/Jan/2024:13:04:48 +0000] "POST /blog HTTP/1.1" 301 3319 "https://facebook.com" "Mozilla/5.0 (Macintosh; Intel Mac OS X 10_15_7) AppleWebKit/537.36"
192.168.1.4 - - [05/Jan/2024:13:09:07 +0000] "PUT /api/data HTTP/1.1" 404 4236 "https://twitter.com" "Mozilla/5.0 (Windows NT 10.0; Win64; x64) AppleWebKit/537.36"
192.168.1.247 - - [05/Jan/2024:13:13:26 +0000] "DELETE /register HTTP/1.1" 500 968 "https://facebook.com" "Mozilla/5.0 (X11; Linux x86_64) AppleWebKit/537.36"
192.168.1.233 - - [05/Jan/2024:13:17:45 +0000] "PUT /products/laptops HTTP/1.1" 404 1705 "direct" "Mozilla/5.0 (iPhone; CPU iPhone OS 14_0 like Mac OS X) AppleWebKit/605.1.15"
192.168.1.51 - - [05/Jan/2024:13:22:04 +0000] "DELETE /api/data HTTP/1.1" 404 4133 "https://www.google.com" "Mozilla/5.0 (Windows NT 10.0; Win64; x64) AppleWebKit/537.36"
192.168.1.190 - - [05/Jan/2024:13:26:24 +0000] "DELETE / HTTP/1.1" 301 2412 "direct" "Mozilla/5.0 (Macintosh; Intel Mac OS X 10_15_7) AppleWebKit/537.36"
192.168.1.18 - - [05/Jan/2024:13:30:43 +0000] "POST /admin HTTP/1.1" 200 4789 "https://facebook.com" "Mozilla/5.0 (iPhone; CPU iPhone OS 14_0 like Mac OS X) AppleWebKit/605.1.15"
192.168.1.60 - - [05/Jan/2024:13:35:02 +0000] "GET /register HTTP/1.1" 404 790 "https://linkedin.com" "Mozilla/5.0 (Macintosh; Intel Mac OS X 10_15_7) AppleWebKit/537.36"
192.168.1.34 - - [05/Jan/2024:13:39:21 +0000] "GET /login HTTP/1.1" 301 840 "https://linkedin.com" "Mozilla/5.0 (Macintosh; Intel Mac OS X 10_15_7) AppleWebKit/537.36"
192.168.1.144 - - [05/Jan/2024:13:43:40 +0000] "POST /products HTTP/1.1" 301 3171 "direct" "Mozilla/5.0 (Windows NT 10.0; Win64; x64) AppleWebKit/537.36"
192.168.1.73 - - [05/Jan/2024:13:48:00 +0000] "GET /products HTTP/1.1" 301 4034 "https://facebook.com" "Mozilla/5.0 (X11; Linux x86_64) AppleWebKit/537.36"
192.168.1.57 - - [05/Jan/2024:13:52:19 +0000] "POST /api/data HTTP/1.1" 404 3794 "https://twitter.com" "Mozilla/5.0 (Windows NT 10.0; Win64; x64) AppleWebKit/537.36"
192.168.1.8 - - [05/Jan/2024:13:56:38 +0000] "POST /products/laptops HTTP/1.1" 200 2182 "https://facebook.com" "Mozilla/5.0 (Windows NT 10.0; Win64; x64) AppleWebKit/537.36"
192.168.1.213 - - [05/Jan/2024:14:00:57 +0000] "GET /products HTTP/1.1" 404 4048 "https://www.google.com" "Mozilla/5.0 (Windows NT 10.0; Win64; x64) AppleWebKit/537.36"
192.168.1.51 - - [05/Jan/2024:14:05:16 +0000] "PUT /about HTTP/1.1" 301 714 "https://twitter.com" "Mozilla/5.0 (Macintosh; Intel Mac OS X 10_15_7) AppleWebKit/537.36"
192.168.1.51 - - [05/Jan/2024:14:09:36 +0000] "PUT /blog HTTP/1.1" 200 3151 "https://www.bing.com" "Mozilla/5.0 (Macintosh; Intel Mac OS X 10_15_7) AppleWebKit/537.36"
192.168.1.235 - - [05/Jan/2024:14:13:55 +0000] "PUT /admin HTTP/1.1" 500 1825 "https://facebook.com" "Mozilla/5.0 (iPhone; CPU iPhone OS 14_0 like Mac OS X) AppleWebKit/605.1.15"
192.168.1.197 - - [05/Jan/2024:14:18:14 +0000] "PUT /contact HTTP/1.1" 200 1255 "https://linkedin.com" "Mozilla/5.0 (Windows NT 10.0; Win64; x64) AppleWebKit/537.36"
192.168.1.181 - - [05/Jan/2024:14:22:33 +0000] "POST /products/laptops HTTP/1.1" 404 1858 "https://facebook.com" "Mozilla/5.0 (iPhone; CPU iPhone OS 14_0 like Mac OS X) AppleWebKit/605.1.15"
192.168.1.190 - - [05/Jan/2024:14:26:52 +0000] "POST /products/laptops HTTP/1.1" 404 3199 "https://www.google.com" "Mozilla/5.0 (Macintosh; Intel Mac OS X 10_15_7) AppleWebKit/537.36"
192.168.1.25 - - [05/Jan/2024:14:31:12 +0000] "GET /login HTTP/1.1" 200 4297 "https://twitter.com" "Mozilla/5.0 (Macintosh; Intel Mac OS X 10_15_7) AppleWebKit/537.36"
192.168.1.209 - - [05/Jan/2024:14:35:31 +0000] "DELETE /api/data HTTP/1.1" 404 4576 "https://twitter.com" "Mozilla/5.0 (Windows NT 10.0; Win64; x64) AppleWebKit/537.36"
192.168.1.246 - - [05/Jan/2024:14:39:50 +0000] "POST /home HTTP/1.1" 301 4800 "https://facebook.com" "Mozilla/5.0 (iPhone; CPU iPhone OS 14_0 like Mac OS X) AppleWebKit/605.1.15"
192.168.1.60 - - [05/Jan/2024:14:44:09 +0000] "PUT /blog HTTP/1.1" 301 1514 "https://www.google.com" "Mozilla/5.0 (Macintosh; Intel Mac OS X 10_15_7) AppleWebKit/537.36"
192.168.1.4 - - [05/Jan/2024:14:48:28 +0000] "POST /login HTTP/1.1" 200 848 "https://linkedin.com" "Mozilla/5.0 (X11; Linux x86_64) AppleWebKit/537.36"
192.168.1.1 - - [05/Jan/2024:14:52:48 +0000] "PUT /admin HTTP/1.1" 404 1881 "https://facebook.com" "Mozilla/5.0 (Windows NT 10.0; Win64; x64) AppleWebKit/537.36"
192.168.1.93 - - [05/Jan/2024:14:57:07 +0000] "POST /contact HTTP/1.1" 301 4226 "https://linkedin.com" "Mozilla/5.0 (Macintosh; Intel Mac OS X 10_15_7) AppleWebKit/537.36"
192.168.1.111 - - [05/Jan/2024:15:01:26 +0000] "PUT /about HTTP/1.1" 404 3466 "direct" "Mozilla/5.0 (Windows NT 10.0; Win64; x64) AppleWebKit/537.36"
192.168.1.184 - - [05/Jan/2024:15:05:45 +0000] "GET /products/laptops HTTP/1.1" 200 4222 "https://twitter.com" "Mozilla/5.0 (Windows NT 10.0; Win64; x64) AppleWebKit/537.36"
192.168.1.103 - - [05/Jan/2024:15:10:04 +0000] "GET /contact HTTP/1.1" 200 3543 "https://facebook.com" "Mozilla/5.0 (Windows NT 10.0; Win64; x64) AppleWebKit/537.36"
192.168.1.216 - - [05/Jan/2024:15:14:24 +0000] "DELETE /blog HTTP/1.1" 500 4607 "https://facebook.com" "Mozilla/5.0 (Macintosh; Intel Mac OS X 10_15_7) AppleWebKit/537.36"
192.168.1.17 - - [05/Jan/2024:15:18:43 +0000] "PUT /register HTTP/1.1" 500 3015 "direct" "Mozilla/5.0 (X11; Linux x86_64) AppleWebKit/537.36"
192.168.1.191 - - [05/Jan/2024:15:23:02 +0000] "PUT /products/laptops HTTP/1.1" 200 3342 "https://twitter.com" "Mozilla/5.0 (X11; Linux x86_64) AppleWebKit/537.36"
192.168.1.12 - - [05/Jan/2024:15:27:21 +0000] "GET /api/data HTTP/1.1" 200 2814 "https://www.bing.com" "Mozilla/5.0 (iPhone; CPU iPhone OS 14_0 like Mac OS X) AppleWebKit/605.1.15"
192.168.1.18 - - [05/Jan/2024:15:31:40 +0000] "POST /products HTTP/1.1" 500 1752 "https://twitter.com" "Mozilla/5.0 (iPhone; CPU iPhone OS 14_0 like Mac OS X) AppleWebKit/605.1.15"
192.168.1.131 - - [05/Jan/2024:15:36:00 +0000] "POST /api/data HTTP/1.1" 404 574 "https://www.bing.com" "Mozilla/5.0 (Macintosh; Intel Mac OS X 10_15_7) AppleWebKit/537.36"
192.168.1.17 - - [05/Jan/2024:15:40:19 +0000] "DELETE /about HTTP/1.1" 404 3655 "direct" "Mozilla/5.0 (Windows NT 10.0; Win64; x64) AppleWebKit/537.36"
192.168.1.26 - - [05/Jan/2024:15:44:38 +0000] "POST /about HTTP/1.1" 500 688 "https://www.google.com" "Mozilla/5.0 (Macintosh; Intel Mac OS X 10_15_7) AppleWebKit/537.36"
192.168.1.183 - - [05/Jan/2024:15:48:57 +0000] "GET /products HTTP/1.1" 301 3849 "https://twitter.com" "Mozilla/5.0 (Windows NT 10.0; Win64; x64) AppleWebKit/537.36"
192.168.1.63 - - [05/Jan/2024:15:53:16 +0000] "DELETE /home HTTP/1.1" 301 4501 "https://twitter.com" "Mozilla/5.0 (Macintosh; Intel Mac OS X 10_15_7) AppleWebKit/537.36"
192.168.1.55 - - [05/Jan/2024:15:57:36 +0000] "POST / HTTP/1.1" 404 4329 "https://www.google.com" "Mozilla/5.0 (Windows NT 10.0; Win64; x64) AppleWebKit/537.36"
192.168.1.207 - - [05/Jan/2024:16:01:55 +0000] "GET /products HTTP/1.1" 200 4413 "direct" "Mozilla/5.0 (Macintosh; Intel Mac OS X 10_15_7) AppleWebKit/537.36"
192.168.1.60 - - [05/Jan/2024:16:06:14 +0000] "GET /admin HTTP/1.1" 404 3420 "direct" "Mozilla/5.0 (X11; Linux x86_64) AppleWebKit/537.36"
192.168.1.131 - - [05/Jan/2024:16:10:33 +0000] "PUT /home HTTP/1.1" 301 2803 "https://facebook.com" "Mozilla/5.0 (Windows NT 10.0; Win64; x64) AppleWebKit/537.36"
192.168.1.184 - - [05/Jan/2024:16:14:52 +0000] "DELETE /products/phones HTTP/1.1" 301 1683 "https://www.bing.com" "Mozilla/5.0 (iPhone; CPU iPhone OS 14_0 like Mac OS X) AppleWebKit/605.1.15"
192.168.1.93 - - [05/Jan/2024:16:19:12 +0000] "POST /admin HTTP/1.1" 301 917 "https://linkedin.com" "Mozilla/5.0 (Macintosh; Intel Mac OS X 10_15_7) AppleWebKit/537.36"
192.168.1.111 - - [05/Jan/2024:16:23:31 +0000] "GET /blog HTTP/1.1" 404 889 "https://facebook.com" "Mozilla/5.0 (Windows NT 10.0; Win64; x64) AppleWebKit/537.36"
192.168.1.247 - - [05/Jan/2024:16:27:50 +0000] "PUT /products/laptops HTTP/1.1" 404 1474 "https://www.bing.com" "Mozilla/5.0 (Macintosh; Intel Mac OS X 10_15_7) AppleWebKit/537.36"
192.168.1.235 - - [05/Jan/2024:16:32:09 +0000] "GET /register HTTP/1.1" 301 2771 "direct" "Mozilla/5.0 (iPhone; CPU iPhone OS 14_0 like Mac OS X) AppleWebKit/605.1.15"
192.168.1.37 - - [05/Jan/2024:16:36:28 +0000] "POST /api/data HTTP/1.1" 301 4194 "https://linkedin.com" "Mozilla/5.0 (X11; Linux x86_64) AppleWebKit/537.36"
192.168.1.148 - - [05/Jan/2024:16:40:48 +0000] "GET /api/data HTTP/1.1" 200 1868 "https://linkedin.com" "Mozilla/5.0 (iPhone; CPU iPhone OS 14_0 like Mac OS X) AppleWebKit/605.1.15"
192.168.1.161 - - [05/Jan/2024:16:45:07 +0000] "GET /products HTTP/1.1" 200 3870 "https://linkedin.com" "Mozilla/5.0 (Windows NT 10.0; Win64; x64) AppleWebKit/537.36"
192.168.1.174 - - [05/Jan/2024:16:49:26 +0000] "POST /about HTTP/1.1" 200 1323 "https://linkedin.com" "Mozilla/5.0 (Macintosh; Intel Mac OS X 10_15_7) AppleWebKit/537.36"
192.168.1.211 - - [05/Jan/2024:16:53:45 +0000] "GET /register HTTP/1.1" 301 2383 "direct" "Mozilla/5.0 (Windows NT 10.0; Win64; x64) AppleWebKit/537.36"
192.168.1.14 - - [05/Jan/2024:16:58:04 +0000] "POST /admin HTTP/1.1" 200 2921 "https://twitter.com" "Mozilla/5.0 (X11; Linux x86_64) AppleWebKit/537.36"
192.168.1.131 - - [05/Jan/2024:17:02:24 +0000] "PUT /register HTTP/1.1" 500 1885 "https://facebook.com" "Mozilla/5.0 (Macintosh; Intel Mac OS X 10_15_7) AppleWebKit/537.36"
192.168.1.195 - - [05/Jan/2024:17:06:43 +0000] "POST /products HTTP/1.1" 404 3980 "https://twitter.com" "Mozilla/5.0 (Windows NT 10.0; Win64; x64) AppleWebKit/537.36"
192.168.1.131 - - [05/Jan/2024:17:11:02 +0000] "PUT /products HTTP/1.1" 301 4496 "https://linkedin.com" "Mozilla/5.0 (iPhone; CPU iPhone OS 14_0 like Mac OS X) AppleWebKit/605.1.15"
192.168.1.126 - - [05/Jan/2024:17:15:21 +0000] "DELETE /register HTTP/1.1" 301 4675 "https://www.bing.com" "Mozilla/5.0 (Windows NT 10.0; Win64; x64) AppleWebKit/537.36"
192.168.1.42 - - [05/Jan/2024:17:19:40 +0000] "PUT / HTTP/1.1" 500 3090 "https://www.bing.com" "Mozilla/5.0 (X11; Linux x86_64) AppleWebKit/537.36"
192.168.1.57 - - [05/Jan/2024:17:24:00 +0000] "GET /about HTTP/1.1" 301 2346 "https://facebook.com" "Mozilla/5.0 (X11; Linux x86_64) AppleWebKit/537.36"
192.168.1.26 - - [05/Jan/2024:17:28:19 +0000] "POST /home HTTP/1.1" 301 1388 "direct" "Mozilla/5.0 (iPhone; CPU iPhone OS 14_0 like Mac OS X) AppleWebKit/605.1.15"
192.168.1.197 - - [05/Jan/2024:17:32:38 +0000] "DELETE /about HTTP/1.1" 404 3750 "https://twitter.com" "Mozilla/5.0 (iPhone; CPU iPhone OS 14_0 like Mac OS X) AppleWebKit/605.1.15"
192.168.1.107 - - [05/Jan/2024:17:36:57 +0000] "DELETE /contact HTTP/1.1" 500 4823 "https://twitter.com" "Mozilla/5.0 (X11; Linux x86_64) AppleWebKit/537.36"
192.168.1.4 - - [05/Jan/2024:17:41:16 +0000] "POST /blog HTTP/1.1" 200 1757 "https://www.google.com" "Mozilla/5.0 (iPhone; CPU iPhone OS 14_0 like Mac OS X) AppleWebKit/605.1.15"
192.168.1.247 - - [05/Jan/2024:17:45:36 +0000] "DELETE /api/data HTTP/1.1" 200 4487 "https://www.bing.com" "Mozilla/5.0 (Macintosh; Intel Mac OS X 10_15_7) AppleWebKit/537.36"
192.168.1.220 - - [05/Jan/2024:17:49:55 +0000] "DELETE /home HTTP/1.1" 500 2515 "https://facebook.com" "Mozilla/5.0 (iPhone; CPU iPhone OS 14_0 like Mac OS X) AppleWebKit/605.1.15"
192.168.1.114 - - [05/Jan/2024:17:54:14 +0000] "POST /admin HTTP/1.1" 301 2877 "https://facebook.com" "Mozilla/5.0 (iPhone; CPU iPhone OS 14_0 like Mac OS X) AppleWebKit/605.1.15"
192.168.1.1 - - [05/Jan/2024:17:58:33 +0000] "DELETE /products/laptops HTTP/1.1" 301 1218 "direct" "Mozilla/5.0 (iPhone; CPU iPhone OS 14_0 like Mac OS X) AppleWebKit/605.1.15"
192.168.1.103 - - [05/Jan/2024:18:02:52 +0000] "POST /admin HTTP/1.1" 301 2092 "https://twitter.com" "Mozilla/5.0 (Macintosh; Intel Mac OS X 10_15_7) AppleWebKit/537.36"
192.168.1.124 - - [05/Jan/2024:18:07:12 +0000] "GET /about HTTP/1.1" 301 2894 "https://www.bing.com" "Mozilla/5.0 (X11; Linux x86_64) AppleWebKit/537.36"
192.168.1.243 - - [05/Jan/2024:18:11:31 +0000] "DELETE /register HTTP/1.1" 500 945 "direct" "Mozilla/5.0 (Macintosh; Intel Mac OS X 10_15_7) AppleWebKit/537.36"
192.168.1.126 - - [05/Jan/2024:18:15:50 +0000] "GET /admin HTTP/1.1" 200 3116 "https://facebook.com" "Mozilla/5.0 (X11; Linux x86_64) AppleWebKit/537.36"
192.168.1.60 - - [05/Jan/2024:18:20:09 +0000] "GET /login HTTP/1.1" 200 1162 "https://www.bing.com" "Mozilla/5.0 (Macintosh; Intel Mac OS X 10_15_7) AppleWebKit/537.36"
192.168.1.17 - - [05/Jan/2024:18:24:28 +0000] "GET /contact HTTP/1.1" 301 4456 "https://twitter.com" "Mozilla/5.0 (Windows NT 10.0; Win64; x64) AppleWebKit/537.36"
192.168.1.246 - - [05/Jan/2024:18:28:48 +0000] "GET /login HTTP/1.1" 500 3583 "https://www.google.com" "Mozilla/5.0 (X11; Linux x86_64) AppleWebKit/537.36"
192.168.1.63 - - [05/Jan/2024:18:33:07 +0000] "GET /login HTTP/1.1" 404 1015 "https://facebook.com" "Mozilla/5.0 (iPhone; CPU iPhone OS 14_0 like Mac OS X) AppleWebKit/605.1.15"
192.168.1.144 - - [05/Jan/2024:18:37:26 +0000] "GET /products/phones HTTP/1.1" 404 1108 "https://www.bing.com" "Mozilla/5.0 (Windows NT 10.0; Win64; x64) AppleWebKit/537.36"
192.168.1.233 - - [05/Jan/2024:18:41:45 +0000] "PUT /api/data HTTP/1.1" 404 1118 "https://www.bing.com" "Mozilla/5.0 (Macintosh; Intel Mac OS X 10_15_7) AppleWebKit/537.36"
192.168.1.73 - - [05/Jan/2024:18:46:04 +0000] "PUT / HTTP/1.1" 200 726 "direct" "Mozilla/5.0 (iPhone; CPU iPhone OS 14_0 like Mac OS X) AppleWebKit/605.1.15"
192.168.1.213 - - [05/Jan/2024:18:50:24 +0000] "DELETE /products HTTP/1.1" 200 1579 "https://www.google.com" "Mozilla/5.0 (Windows NT 10.0; Win64; x64) AppleWebKit/537.36"
192.168.1.57 - - [05/Jan/2024:18:54:43 +0000] "POST /products/laptops HTTP/1.1" 500 4486 "https://linkedin.com" "Mozilla/5.0 (Windows NT 10.0; Win64; x64) AppleWebKit/537.36"
192.168.1.168 - - [05/Jan/2024:18:59:02 +0000] "GET /register HTTP/1.1" 200 3152 "https://www.bing.com" "Mozilla/5.0 (Macintosh; Intel Mac OS X 10_15_7) AppleWebKit/537.36"
192.168.1.124 - - [05/Jan/2024:19:03:21 +0000] "DELETE /contact HTTP/1.1" 200 709 "direct" "Mozilla/5.0 (X11; Linux x86_64) AppleWebKit/537.36"
192.168.1.42 - - [05/Jan/2024:19:07:40 +0000] "PUT /admin HTTP/1.1" 500 3082 "https://twitter.com" "Mozilla/5.0 (Macintosh; Intel Mac OS X 10_15_7) AppleWebKit/537.36"
192.168.1.114 - - [05/Jan/2024:19:12:00 +0000] "PUT /login HTTP/1.1" 200 1072 "https://facebook.com" "Mozilla/5.0 (iPhone; CPU iPhone OS 14_0 like Mac OS X) AppleWebKit/605.1.15"
192.168.1.107 - - [05/Jan/2024:19:16:19 +0000] "PUT /contact HTTP/1.1" 301 1982 "https://www.google.com" "Mozilla/5.0 (iPhone; CPU iPhone OS 14_0 like Mac OS X) AppleWebKit/605.1.15"
192.168.1.243 - - [05/Jan/2024:19:20:38 +0000] "GET /products/laptops HTTP/1.1" 301 2317 "https://facebook.com" "Mozilla/5.0 (Macintosh; Intel Mac OS X 10_15_7) AppleWebKit/537.36"
192.168.1.109 - - [05/Jan/2024:19:24:57 +0000] "POST /contact HTTP/1.1" 200 3573 "https://linkedin.com" "Mozilla/5.0 (Macintosh; Intel Mac OS X 10_15_7) AppleWebKit/537.36"
192.168.1.233 - - [05/Jan/2024:19:29:16 +0000] "PUT / HTTP/1.1" 301 3035 "https://twitter.com" "Mozilla/5.0 (X11; Linux x86_64) AppleWebKit/537.36"
192.168.1.30 - - [05/Jan/2024:19:33:36 +0000] "GET /products/phones HTTP/1.1" 200 548 "https://linkedin.com" "Mozilla/5.0 (iPhone; CPU iPhone OS 14_0 like Mac OS X) AppleWebKit/605.1.15"
192.168.1.13 - - [05/Jan/2024:19:37:55 +0000] "POST / HTTP/1.1" 500 1368 "https://linkedin.com" "Mozilla/5.0 (Windows NT 10.0; Win64; x64) AppleWebKit/537.36"
192.168.1.154 - - [05/Jan/2024:19:42:14 +0000] "GET /blog HTTP/1.1" 301 4161 "https://www.google.com" "Mozilla/5.0 (Macintosh; Intel Mac OS X 10_15_7) AppleWebKit/537.36"
192.168.1.17 - - [05/Jan/2024:19:46:33 +0000] "POST /contact HTTP/1.1" 500 1351 "direct" "Mozilla/5.0 (Macintosh; Intel Mac OS X 10_15_7) AppleWebKit/537.36"
192.168.1.25 - - [05/Jan/2024:19:50:52 +0000] "DELETE /blog HTTP/1.1" 200 898 "https://facebook.com" "Mozilla/5.0 (Macintosh; Intel Mac OS X 10_15_7) AppleWebKit/537.36"
192.168.1.218 - - [05/Jan/2024:19:55:12 +0000] "DELETE /contact HTTP/1.1" 301 960 "https://facebook.com" "Mozilla/5.0 (iPhone; CPU iPhone OS 14_0 like Mac OS X) AppleWebKit/605.1.15"
192.168.1.205 - - [05/Jan/2024:19:59:31 +0000] "GET /admin HTTP/1.1" 301 4484 "https://www.google.com" "Mozilla/5.0 (Windows NT 10.0; Win64; x64) AppleWebKit/537.36"
192.168.1.233 - - [05/Jan/2024:20:03:50 +0000] "GET / HTTP/1.1" 404 2189 "https://facebook.com" "Mozilla/5.0 (iPhone; CPU iPhone OS 14_0 like Mac OS X) AppleWebKit/605.1.15"
192.168.1.109 - - [05/Jan/2024:20:08:09 +0000] "POST /products/laptops HTTP/1.1" 404 529 "https://www.google.com" "Mozilla/5.0 (Macintosh; Intel Mac OS X 10_15_7) AppleWebKit/537.36"
192.168.1.122 - - [05/Jan/2024:20:12:28 +0000] "PUT /contact HTTP/1.1" 200 4019 "https://twitter.com" "Mozilla/5.0 (Windows NT 10.0; Win64; x64) AppleWebKit/537.36"
192.168.1.90 - - [05/Jan/2024:20:16:48 +0000] "GET /home HTTP/1.1" 404 4113 "https://www.google.com" "Mozilla/5.0 (iPhone; CPU iPhone OS 14_0 like Mac OS X) AppleWebKit/605.1.15"
192.168.1.218 - - [05/Jan/2024:20:21:07 +0000] "PUT /about HTTP/1.1" 200 4429 "https://www.bing.com" "Mozilla/5.0 (iPhone; CPU iPhone OS 14_0 like Mac OS X) AppleWebKit/605.1.15"
192.168.1.6 - - [05/Jan/2024:20:25:26 +0000] "DELETE /blog HTTP/1.1" 404 3583 "https://www.bing.com" "Mozilla/5.0 (Macintosh; Intel Mac OS X 10_15_7) AppleWebKit/537.36"
192.168.1.51 - - [05/Jan/2024:20:29:45 +0000] "POST /blog HTTP/1.1" 500 2320 "https://www.bing.com" "Mozilla/5.0 (iPhone; CPU iPhone OS 14_0 like Mac OS X) AppleWebKit/605.1.15"
192.168.1.161 - - [05/Jan/2024:20:34:04 +0000] "PUT /api/data HTTP/1.1" 200 3788 "https://www.bing.com" "Mozilla/5.0 (Macintosh; Intel Mac OS X 10_15_7) AppleWebKit/537.36"
192.168.1.1 - - [05/Jan/2024:20:38:24 +0000] "POST /contact HTTP/1.1" 200 1267 "https://facebook.com" "Mozilla/5.0 (Windows NT 10.0; Win64; x64) AppleWebKit/537.36"
192.168.1.159 - - [05/Jan/2024:20:42:43 +0000] "POST /api/data HTTP/1.1" 200 3484 "direct" "Mozilla/5.0 (Macintosh; Intel Mac OS X 10_15_7) AppleWebKit/537.36"
192.168.1.63 - - [05/Jan/2024:20:47:02 +0000] "PUT / HTTP/1.1" 404 1807 "https://facebook.com" "Mozilla/5.0 (iPhone; CPU iPhone OS 14_0 like Mac OS X) AppleWebKit/605.1.15"
192.168.1.211 - - [05/Jan/2024:20:51:21 +0000] "POST /contact HTTP/1.1" 301 4980 "https://www.google.com" "Mozilla/5.0 (X11; Linux x86_64) AppleWebKit/537.36"
192.168.1.163 - - [05/Jan/2024:20:55:40 +0000] "DELETE /blog HTTP/1.1" 404 2350 "https://twitter.com" "Mozilla/5.0 (iPhone; CPU iPhone OS 14_0 like Mac OS X) AppleWebKit/605.1.15"
192.168.1.215 - - [05/Jan/2024:21:00:00 +0000] "DELETE /register HTTP/1.1" 404 1682 "https://linkedin.com" "Mozilla/5.0 (Windows NT 10.0; Win64; x64) AppleWebKit/537.36"
192.168.1.250 - - [05/Jan/2024:21:04:19 +0000] "DELETE /contact HTTP/1.1" 500 3750 "https://twitter.com" "Mozilla/5.0 (X11; Linux x86_64) AppleWebKit/537.36"
192.168.1.12 - - [05/Jan/2024:21:08:38 +0000] "POST /blog HTTP/1.1" 404 4488 "https://facebook.com" "Mozilla/5.0 (Windows NT 10.0; Win64; x64) AppleWebKit/537.36"
192.168.1.26 - - [05/Jan/2024:21:12:57 +0000] "GET / HTTP/1.1" 404 1417 "https://twitter.com" "Mozilla/5.0 (Windows NT 10.0; Win64; x64) AppleWebKit/537.36"
192.168.1.243 - - [05/Jan/2024:21:17:16 +0000] "PUT /blog HTTP/1.1" 301 1840 "https://www.google.com" "Mozilla/5.0 (Macintosh; Intel Mac OS X 10_15_7) AppleWebKit/537.36"
192.168.1.244 - - [05/Jan/2024:21:21:36 +0000] "PUT /admin HTTP/1.1" 500 2775 "https://facebook.com" "Mozilla/5.0 (X11; Linux x86_64) AppleWebKit/537.36"
192.168.1.199 - - [05/Jan/2024:21:25:55 +0000] "POST /about HTTP/1.1" 200 542 "https://facebook.com" "Mozilla/5.0 (iPhone; CPU iPhone OS 14_0 like Mac OS X) AppleWebKit/605.1.15"
192.168.1.122 - - [05/Jan/2024:21:30:14 +0000] "PUT /admin HTTP/1.1" 500 3042 "https://www.bing.com" "Mozilla/5.0 (iPhone; CPU iPhone OS 14_0 like Mac OS X) AppleWebKit/605.1.15"
192.168.1.26 - - [05/Jan/2024:21:34:33 +0000] "DELETE /products/phones HTTP/1.1" 301 1143 "https://www.bing.com" "Mozilla/5.0 (Macintosh; Intel Mac OS X 10_15_7) AppleWebKit/537.36"
192.168.1.211 - - [05/Jan/2024:21:38:52 +0000] "PUT /register HTTP/1.1" 500 1486 "direct" "Mozilla/5.0 (Windows NT 10.0; Win64; x64) AppleWebKit/537.36"
192.168.1.26 - - [05/Jan/2024:21:43:12 +0000] "PUT /products HTTP/1.1" 500 4686 "https://twitter.com" "Mozilla/5.0 (Macintosh; Intel Mac OS X 10_15_7) AppleWebKit/537.36"
192.168.1.216 - - [05/Jan/2024:21:47:31 +0000] "POST /login HTTP/1.1" 200 2044 "https://www.bing.com" "Mozilla/5.0 (X11; Linux x86_64) AppleWebKit/537.36"
192.168.1.54 - - [05/Jan/2024:21:51:50 +0000] "DELETE /api/data HTTP/1.1" 404 2137 "https://twitter.com" "Mozilla/5.0 (Windows NT 10.0; Win64; x64) AppleWebKit/537.36"
192.168.1.77 - - [05/Jan/2024:21:56:09 +0000] "POST /products/laptops HTTP/1.1" 404 3796 "https://linkedin.com" "Mozilla/5.0 (iPhone; CPU iPhone OS 14_0 like Mac OS X) AppleWebKit/605.1.15"
192.168.1.247 - - [05/Jan/2024:22:00:28 +0000] "DELETE /products/phones HTTP/1.1" 500 1260 "https://facebook.com" "Mozilla/5.0 (Macintosh; Intel Mac OS X 10_15_7) AppleWebKit/537.36"
192.168.1.57 - - [05/Jan/2024:22:04:48 +0000] "GET /home HTTP/1.1" 200 1618 "direct" "Mozilla/5.0 (Macintosh; Intel Mac OS X 10_15_7) AppleWebKit/537.36"
192.168.1.181 - - [05/Jan/2024:22:09:07 +0000] "DELETE /blog HTTP/1.1" 301 2785 "direct" "Mozilla/5.0 (Macintosh; Intel Mac OS X 10_15_7) AppleWebKit/537.36"
192.168.1.60 - - [05/Jan/2024:22:13:26 +0000] "PUT /register HTTP/1.1" 404 3281 "https://www.google.com" "Mozilla/5.0 (iPhone; CPU iPhone OS 14_0 like Mac OS X) AppleWebKit/605.1.15"
192.168.1.168 - - [05/Jan/2024:22:17:45 +0000] "GET / HTTP/1.1" 200 2016 "https://www.bing.com" "Mozilla/5.0 (Windows NT 10.0; Win64; x64) AppleWebKit/537.36"
192.168.1.161 - - [05/Jan/2024:22:22:04 +0000] "GET /register HTTP/1.1" 500 4145 "https://www.bing.com" "Mozilla/5.0 (X11; Linux x86_64) AppleWebKit/537.36"
192.168.1.4 - - [05/Jan/2024:22:26:24 +0000] "GET /products/laptops HTTP/1.1" 301 1693 "https://linkedin.com" "Mozilla/5.0 (Macintosh; Intel Mac OS X 10_15_7) AppleWebKit/537.36"
192.168.1.34 - - [05/Jan/2024:22:30:43 +0000] "DELETE /about HTTP/1.1" 404 2423 "https://www.google.com" "Mozilla/5.0 (Windows NT 10.0; Win64; x64) AppleWebKit/537.36"
192.168.1.191 - - [05/Jan/2024:22:35:02 +0000] "GET /admin HTTP/1.1" 301 4517 "https://linkedin.com" "Mozilla/5.0 (iPhone; CPU iPhone OS 14_0 like Mac OS X) AppleWebKit/605.1.15"
192.168.1.247 - - [05/Jan/2024:22:39:21 +0000] "GET /products HTTP/1.1" 404 3749 "direct" "Mozilla/5.0 (X11; Linux x86_64) AppleWebKit/537.36"
192.168.1.190 - - [05/Jan/2024:22:43:40 +0000] "GET /login HTTP/1.1" 301 4673 "https://www.bing.com" "Mozilla/5.0 (X11; Linux x86_64) AppleWebKit/537.36"
192.168.1.246 - - [05/Jan/2024:22:48:00 +0000] "GET /contact HTTP/1.1" 301 2166 "https://twitter.com" "Mozilla/5.0 (X11; Linux x86_64) AppleWebKit/537.36"
192.168.1.114 - - [05/Jan/2024:22:52:19 +0000] "GET /api/data HTTP/1.1" 404 2246 "https://www.bing.com" "Mozilla/5.0 (X11; Linux x86_64) AppleWebKit/537.36"
192.168.1.173 - - [05/Jan/2024:22:56:38 +0000] "GET /products HTTP/1.1" 404 1034 "https://www.google.com" "Mozilla/5.0 (Windows NT 10.0; Win64; x64) AppleWebKit/537.36"
192.168.1.90 - - [05/Jan/2024:23:00:57 +0000] "DELETE /products/laptops HTTP/1.1" 404 1078 "https://www.google.com" "Mozilla/5.0 (Macintosh; Intel Mac OS X 10_15_7) AppleWebKit/537.36"
192.168.1.243 - - [05/Jan/2024:23:05:16 +0000] "GET /admin HTTP/1.1" 500 1943 "https://www.google.com" "Mozilla/5.0 (Macintosh; Intel Mac OS X 10_15_7) AppleWebKit/537.36"
192.168.1.247 - - [05/Jan/2024:23:09:36 +0000] "DELETE /products/phones HTTP/1.1" 200 3687 "https://twitter.com" "Mozilla/5.0 (Macintosh; Intel Mac OS X 10_15_7) AppleWebKit/537.36"
192.168.1.209 - - [05/Jan/2024:23:13:55 +0000] "POST /admin HTTP/1.1" 404 1307 "https://www.google.com" "Mozilla/5.0 (iPhone; CPU iPhone OS 14_0 like Mac OS X) AppleWebKit/605.1.15"
192.168.1.18 - - [05/Jan/2024:23:18:14 +0000] "PUT /home HTTP/1.1" 200 1383 "https://facebook.com" "Mozilla/5.0 (Windows NT 10.0; Win64; x64) AppleWebKit/537.36"
192.168.1.16 - - [05/Jan/2024:23:22:33 +0000] "DELETE /products HTTP/1.1" 500 2768 "https://twitter.com" "Mozilla/5.0 (X11; Linux x86_64) AppleWebKit/537.36"
192.168.1.244 - - [05/Jan/2024:23:26:52 +0000] "PUT /api/data HTTP/1.1" 301 1820 "https://facebook.com" "Mozilla/5.0 (iPhone; CPU iPhone OS 14_0 like Mac OS X) AppleWebKit/605.1.15"
192.168.1.74 - - [05/Jan/2024:23:31:12 +0000] "DELETE /home HTTP/1.1" 404 768 "direct" "Mozilla/5.0 (iPhone; CPU iPhone OS 14_0 like Mac OS X) AppleWebKit/605.1.15"
192.168.1.34 - - [05/Jan/2024:23:35:31 +0000] "GET /products/laptops HTTP/1.1" 200 2405 "https://twitter.com" "Mozilla/5.0 (Macintosh; Intel Mac OS X 10_15_7) AppleWebKit/537.36"
192.168.1.131 - - [05/Jan/2024:23:39:50 +0000] "DELETE / HTTP/1.1" 404 2897 "https://www.bing.com" "Mozilla/5.0 (Windows NT 10.0; Win64; x64) AppleWebKit/537.36"
192.168.1.6 - - [05/Jan/2024:23:44:09 +0000] "GET /api/data HTTP/1.1" 500 4169 "https://facebook.com" "Mozilla/5.0 (Windows NT 10.0; Win64; x64) AppleWebKit/537.36"
192.168.1.17 - - [05/Jan/2024:23:48:28 +0000] "POST /products/laptops HTTP/1.1" 200 897 "https://www.bing.com" "Mozilla/5.0 (Windows NT 10.0; Win64; x64) AppleWebKit/537.36"
192.168.1.220 - - [05/Jan/2024:23:52:48 +0000] "GET /products/laptops HTTP/1.1" 404 1611 "https://facebook.com" "Mozilla/5.0 (iPhone; CPU iPhone OS 14_0 like Mac OS X) AppleWebKit/605.1.15"
192.168.1.235 - - [05/Jan/2024:23:57:07 +0000] "POST /contact HTTP/1.1" 200 1738 "https://www.bing.com" "Mozilla/5.0 (iPhone; CPU iPhone OS 14_0 like Mac OS X) AppleWebKit/605.1.15"
192.168.1.26 - - [06/Jan/2024:00:01:26 +0000] "POST /home HTTP/1.1" 301 2948 "https://twitter.com" "Mozilla/5.0 (X11; Linux x86_64) AppleWebKit/537.36"
192.168.1.243 - - [06/Jan/2024:00:05:45 +0000] "POST /contact HTTP/1.1" 200 3834 "https://facebook.com" "Mozilla/5.0 (iPhone; CPU iPhone OS 14_0 like Mac OS X) AppleWebKit/605.1.15"
192.168.1.155 - - [06/Jan/2024:00:10:04 +0000] "POST /register HTTP/1.1" 200 3348 "https://www.bing.com" "Mozilla/5.0 (Windows NT 10.0; Win64; x64) AppleWebKit/537.36"
192.168.1.1 - - [06/Jan/2024:00:14:24 +0000] "POST /home HTTP/1.1" 500 3027 "https://www.google.com" "Mozilla/5.0 (Macintosh; Intel Mac OS X 10_15_7) AppleWebKit/537.36"
192.168.1.196 - - [06/Jan/2024:00:18:43 +0000] "DELETE /blog HTTP/1.1" 404 3704 "https://www.google.com" "Mozilla/5.0 (X11; Linux x86_64) AppleWebKit/537.36"
192.168.1.220 - - [06/Jan/2024:00:23:02 +0000] "DELETE /products/laptops HTTP/1.1" 500 2147 "https://facebook.com" "Mozilla/5.0 (Windows NT 10.0; Win64; x64) AppleWebKit/537.36"
192.168.1.34 - - [06/Jan/2024:00:27:21 +0000] "PUT /products/laptops HTTP/1.1" 301 2851 "https://www.bing.com" "Mozilla/5.0 (Windows NT 10.0; Win64; x64) AppleWebKit/537.36"
192.168.1.190 - - [06/Jan/2024:00:31:40 +0000] "PUT /login HTTP/1.1" 200 2919 "https://linkedin.com" "Mozilla/5.0 (Macintosh; Intel Mac OS X 10_15_7) AppleWebKit/537.36"
192.168.1.70 - - [06/Jan/2024:00:36:00 +0000] "GET / HTTP/1.1" 301 3900 "https://www.bing.com" "Mozilla/5.0 (Windows NT 10.0; Win64; x64) AppleWebKit/537.36"
192.168.1.134 - - [06/Jan/2024:00:40:19 +0000] "DELETE /register HTTP/1.1" 200 3371 "https://www.bing.com" "Mozilla/5.0 (iPhone; CPU iPhone OS 14_0 like Mac OS X) AppleWebKit/605.1.15"
192.168.1.17 - - [06/Jan/2024:00:44:38 +0000] "PUT /admin HTTP/1.1" 200 3153 "https://twitter.com" "Mozilla/5.0 (iPhone; CPU iPhone OS 14_0 like Mac OS X) AppleWebKit/605.1.15"
192.168.1.1 - - [06/Jan/2024:00:48:57 +0000] "DELETE /about HTTP/1.1" 200 2745 "https://www.bing.com" "Mozilla/5.0 (X11; Linux x86_64) AppleWebKit/537.36"
192.168.1.220 - - [06/Jan/2024:00:53:16 +0000] "POST /products/laptops HTTP/1.1" 500 3752 "https://www.google.com" "Mozilla/5.0 (X11; Linux x86_64) AppleWebKit/537.36"
192.168.1.13 - - [06/Jan/2024:00:57:36 +0000] "DELETE /register HTTP/1.1" 500 4984 "https://www.google.com" "Mozilla/5.0 (X11; Linux x86_64) AppleWebKit/537.36"
192.168.1.215 - - [06/Jan/2024:01:01:55 +0000] "POST /login HTTP/1.1" 404 1883 "https://facebook.com" "Mozilla/5.0 (Macintosh; Intel Mac OS X 10_15_7) AppleWebKit/537.36"
192.168.1.247 - - [06/Jan/2024:01:06:14 +0000] "PUT /api/data HTTP/1.1" 404 1189 "https://facebook.com" "Mozilla/5.0 (X11; Linux x86_64) AppleWebKit/537.36"
192.168.1.103 - - [06/Jan/2024:01:10:33 +0000] "PUT /home HTTP/1.1" 301 3477 "https://twitter.com" "Mozilla/5.0 (Windows NT 10.0; Win64; x64) AppleWebKit/537.36"
192.168.1.122 - - [06/Jan/2024:01:14:52 +0000] "DELETE /api/data HTTP/1.1" 404 4016 "https://facebook.com" "Mozilla/5.0 (Windows NT 10.0; Win64; x64) AppleWebKit/537.36"
192.168.1.42 - - [06/Jan/2024:01:19:12 +0000] "PUT /admin HTTP/1.1" 200 1406 "https://facebook.com" "Mozilla/5.0 (Windows NT 10.0; Win64; x64) AppleWebKit/537.36"
192.168.1.51 - - [06/Jan/2024:01:23:31 +0000] "PUT /contact HTTP/1.1" 200 3920 "https://www.google.com" "Mozilla/5.0 (X11; Linux x86_64) AppleWebKit/537.36"
192.168.1.159 - - [06/Jan/2024:01:27:50 +0000] "DELETE /products/laptops HTTP/1.1" 200 2872 "https://www.bing.com" "Mozilla/5.0 (iPhone; CPU iPhone OS 14_0 like Mac OS X) AppleWebKit/605.1.15"
192.168.1.25 - - [06/Jan/2024:01:32:09 +0000] "GET /home HTTP/1.1" 301 1598 "https://www.bing.com" "Mozilla/5.0 (Windows NT 10.0; Win64; x64) AppleWebKit/537.36"
192.168.1.13 - - [06/Jan/2024:01:36:28 +0000] "GET / HTTP/1.1" 200 2019 "https://twitter.com" "Mozilla/5.0 (Macintosh; Intel Mac OS X 10_15_7) AppleWebKit/537.36"
192.168.1.243 - - [06/Jan/2024:01:40:48 +0000] "GET /admin HTTP/1.1" 404 4836 "https://twitter.com" "Mozilla/5.0 (Windows NT 10.0; Win64; x64) AppleWebKit/537.36"
192.168.1.168 - - [06/Jan/2024:01:45:07 +0000] "POST /products/laptops HTTP/1.1" 200 1753 "https://twitter.com" "Mozilla/5.0 (Windows NT 10.0; Win64; x64) AppleWebKit/537.36"
192.168.1.14 - - [06/Jan/2024:01:49:26 +0000] "POST /blog HTTP/1.1" 500 1396 "https://facebook.com" "Mozilla/5.0 (Windows NT 10.0; Win64; x64) AppleWebKit/537.36"
192.168.1.155 - - [06/Jan/2024:01:53:45 +0000] "DELETE / HTTP/1.1" 301 794 "https://twitter.com" "Mozilla/5.0 (iPhone; CPU iPhone OS 14_0 like Mac OS X) AppleWebKit/605.1.15"
192.168.1.6 - - [06/Jan/2024:01:58:04 +0000] "POST /contact HTTP/1.1" 404 4214 "https://www.bing.com" "Mozilla/5.0 (Windows NT 10.0; Win64; x64) AppleWebKit/537.36"
192.168.1.216 - - [06/Jan/2024:02:02:24 +0000] "PUT /login HTTP/1.1" 500 801 "https://www.bing.com" "Mozilla/5.0 (iPhone; CPU iPhone OS 14_0 like Mac OS X) AppleWebKit/605.1.15"
192.168.1.8 - - [06/Jan/2024:02:06:43 +0000] "GET /contact HTTP/1.1" 200 3355 "https://facebook.com" "Mozilla/5.0 (X11; Linux x86_64) AppleWebKit/537.36"
192.168.1.90 - - [06/Jan/2024:02:11:02 +0000] "PUT /products/laptops HTTP/1.1" 200 4450 "https://linkedin.com" "Mozilla/5.0 (iPhone; CPU iPhone OS 14_0 like Mac OS X) AppleWebKit/605.1.15"
192.168.1.250 - - [06/Jan/2024:02:15:21 +0000] "PUT / HTTP/1.1" 404 2552 "https://www.bing.com" "Mozilla/5.0 (Windows NT 10.0; Win64; x64) AppleWebKit/537.36"
192.168.1.34 - - [06/Jan/2024:02:19:40 +0000] "POST /about HTTP/1.1" 500 3956 "https://www.google.com" "Mozilla/5.0 (X11; Linux x86_64) AppleWebKit/537.36"
192.168.1.183 - - [06/Jan/2024:02:24:00 +0000] "GET / HTTP/1.1" 200 3459 "https://www.google.com" "Mozilla/5.0 (Windows NT 10.0; Win64; x64) AppleWebKit/537.36"
192.168.1.190 - - [06/Jan/2024:02:28:19 +0000] "POST /about HTTP/1.1" 301 766 "https://www.google.com" "Mozilla/5.0 (X11; Linux x86_64) AppleWebKit/537.36"
192.168.1.213 - - [06/Jan/2024:02:32:38 +0000] "GET /products/phones HTTP/1.1" 404 3842 "direct" "Mozilla/5.0 (X11; Linux x86_64) AppleWebKit/537.36"
192.168.1.122 - - [06/Jan/2024:02:36:57 +0000] "GET /products/phones HTTP/1.1" 404 2372 "https://linkedin.com" "Mozilla/5.0 (X11; Linux x86_64) AppleWebKit/537.36"
192.168.1.51 - - [06/Jan/2024:02:41:16 +0000] "POST /products/laptops HTTP/1.1" 500 2536 "https://www.google.com" "Mozilla/5.0 (iPhone; CPU iPhone OS 14_0 like Mac OS X) AppleWebKit/605.1.15"
192.168.1.114 - - [06/Jan/2024:02:45:36 +0000] "PUT /products/laptops HTTP/1.1" 200 3490 "https://www.bing.com" "Mozilla/5.0 (iPhone; CPU iPhone OS 14_0 like Mac OS X) AppleWebKit/605.1.15"
192.168.1.6 - - [06/Jan/2024:02:49:55 +0000] "PUT /register HTTP/1.1" 404 2089 "https://twitter.com" "Mozilla/5.0 (Macintosh; Intel Mac OS X 10_15_7) AppleWebKit/537.36"
192.168.1.213 - - [06/Jan/2024:02:54:14 +0000] "DELETE /admin HTTP/1.1" 404 2291 "https://facebook.com" "Mozilla/5.0 (Windows NT 10.0; Win64; x64) AppleWebKit/537.36"
192.168.1.235 - - [06/Jan/2024:02:58:33 +0000] "PUT /products/laptops HTTP/1.1" 500 2791 "https://facebook.com" "Mozilla/5.0 (iPhone; CPU iPhone OS 14_0 like Mac OS X) AppleWebKit/605.1.15"
192.168.1.73 - - [06/Jan/2024:03:02:52 +0000] "POST /products/laptops HTTP/1.1" 404 2613 "direct" "Mozilla/5.0 (Macintosh; Intel Mac OS X 10_15_7) AppleWebKit/537.36"
192.168.1.131 - - [06/Jan/2024:03:07:12 +0000] "GET /admin HTTP/1.1" 200 3625 "https://linkedin.com" "Mozilla/5.0 (iPhone; CPU iPhone OS 14_0 like Mac OS X) AppleWebKit/605.1.15"
192.168.1.184 - - [06/Jan/2024:03:11:31 +0000] "PUT /contact HTTP/1.1" 200 3310 "https://www.google.com" "Mozilla/5.0 (iPhone; CPU iPhone OS 14_0 like Mac OS X) AppleWebKit/605.1.15"
192.168.1.150 - - [06/Jan/2024:03:15:50 +0000] "PUT /contact HTTP/1.1" 200 765 "https://www.google.com" "Mozilla/5.0 (X11; Linux x86_64) AppleWebKit/537.36"
192.168.1.215 - - [06/Jan/2024:03:20:09 +0000] "POST / HTTP/1.1" 200 4603 "https://linkedin.com" "Mozilla/5.0 (iPhone; CPU iPhone OS 14_0 like Mac OS X) AppleWebKit/605.1.15"
192.168.1.168 - - [06/Jan/2024:03:24:28 +0000] "DELETE /products/laptops HTTP/1.1" 301 3028 "https://linkedin.com" "Mozilla/5.0 (X11; Linux x86_64) AppleWebKit/537.36"
192.168.1.163 - - [06/Jan/2024:03:28:48 +0000] "DELETE /register HTTP/1.1" 301 3994 "direct" "Mozilla/5.0 (Windows NT 10.0; Win64; x64) AppleWebKit/537.36"
192.168.1.114 - - [06/Jan/2024:03:33:07 +0000] "DELETE /api/data HTTP/1.1" 301 1339 "https://facebook.com" "Mozilla/5.0 (X11; Linux x86_64) AppleWebKit/537.36"
192.168.1.196 - - [06/Jan/2024:03:37:26 +0000] "DELETE /home HTTP/1.1" 301 3178 "https://linkedin.com" "Mozilla/5.0 (iPhone; CPU iPhone OS 14_0 like Mac OS X) AppleWebKit/605.1.15"
192.168.1.163 - - [06/Jan/2024:03:41:45 +0000] "POST /contact HTTP/1.1" 301 3026 "https://linkedin.com" "Mozilla/5.0 (Macintosh; Intel Mac OS X 10_15_7) AppleWebKit/537.36"
192.168.1.205 - - [06/Jan/2024:03:46:04 +0000] "POST /blog HTTP/1.1" 301 3055 "https://twitter.com" "Mozilla/5.0 (X11; Linux x86_64) AppleWebKit/537.36"
192.168.1.161 - - [06/Jan/2024:03:50:24 +0000] "POST /products HTTP/1.1" 500 3667 "direct" "Mozilla/5.0 (Macintosh; Intel Mac OS X 10_15_7) AppleWebKit/537.36"
192.168.1.191 - - [06/Jan/2024:03:54:43 +0000] "GET /contact HTTP/1.1" 404 2453 "https://linkedin.com" "Mozilla/5.0 (Windows NT 10.0; Win64; x64) AppleWebKit/537.36"
192.168.1.191 - - [06/Jan/2024:03:59:02 +0000] "GET /products/phones HTTP/1.1" 200 3761 "direct" "Mozilla/5.0 (iPhone; CPU iPhone OS 14_0 like Mac OS X) AppleWebKit/605.1.15"
192.168.1.13 - - [06/Jan/2024:04:03:21 +0000] "POST /contact HTTP/1.1" 301 2328 "https://www.google.com" "Mozilla/5.0 (iPhone; CPU iPhone OS 14_0 like Mac OS X) AppleWebKit/605.1.15"
192.168.1.190 - - [06/Jan/2024:04:07:40 +0000] "POST /contact HTTP/1.1" 500 3041 "https://facebook.com" "Mozilla/5.0 (X11; Linux x86_64) AppleWebKit/537.36"
192.168.1.199 - - [06/Jan/2024:04:12:00 +0000] "POST /register HTTP/1.1" 301 3058 "https://facebook.com" "Mozilla/5.0 (Windows NT 10.0; Win64; x64) AppleWebKit/537.36"
192.168.1.150 - - [06/Jan/2024:04:16:19 +0000] "POST /products HTTP/1.1" 404 4069 "https://www.google.com" "Mozilla/5.0 (iPhone; CPU iPhone OS 14_0 like Mac OS X) AppleWebKit/605.1.15"
192.168.1.109 - - [06/Jan/2024:04:20:38 +0000] "POST /home HTTP/1.1" 301 1184 "https://facebook.com" "Mozilla/5.0 (iPhone; CPU iPhone OS 14_0 like Mac OS X) AppleWebKit/605.1.15"
192.168.1.190 - - [06/Jan/2024:04:24:57 +0000] "GET /blog HTTP/1.1" 404 4741 "https://www.google.com" "Mozilla/5.0 (X11; Linux x86_64) AppleWebKit/537.36"
192.168.1.207 - - [06/Jan/2024:04:29:16 +0000] "POST /login HTTP/1.1" 301 3292 "https://facebook.com" "Mozilla/5.0 (Macintosh; Intel Mac OS X 10_15_7) AppleWebKit/537.36"
192.168.1.17 - - [06/Jan/2024:04:33:36 +0000] "PUT /api/data HTTP/1.1" 404 4269 "https://facebook.com" "Mozilla/5.0 (Macintosh; Intel Mac OS X 10_15_7) AppleWebKit/537.36"
192.168.1.154 - - [06/Jan/2024:04:37:55 +0000] "DELETE /home HTTP/1.1" 200 1742 "https://linkedin.com" "Mozilla/5.0 (Macintosh; Intel Mac OS X 10_15_7) AppleWebKit/537.36"
192.168.1.122 - - [06/Jan/2024:04:42:14 +0000] "POST /login HTTP/1.1" 404 1806 "https://facebook.com" "Mozilla/5.0 (iPhone; CPU iPhone OS 14_0 like Mac OS X) AppleWebKit/605.1.15"
192.168.1.126 - - [06/Jan/2024:04:46:33 +0000] "POST /register HTTP/1.1" 404 1374 "direct" "Mozilla/5.0 (iPhone; CPU iPhone OS 14_0 like Mac OS X) AppleWebKit/605.1.15"
192.168.1.77 - - [06/Jan/2024:04:50:52 +0000] "GET / HTTP/1.1" 500 3840 "https://linkedin.com" "Mozilla/5.0 (Windows NT 10.0; Win64; x64) AppleWebKit/537.36"
192.168.1.189 - - [06/Jan/2024:04:55:12 +0000] "POST / HTTP/1.1" 200 760 "https://www.google.com" "Mozilla/5.0 (Macintosh; Intel Mac OS X 10_15_7) AppleWebKit/537.36"
192.168.1.18 - - [06/Jan/2024:04:59:31 +0000] "POST /api/data HTTP/1.1" 200 3139 "https://linkedin.com" "Mozilla/5.0 (X11; Linux x86_64) AppleWebKit/537.36"
192.168.1.144 - - [06/Jan/2024:05:03:50 +0000] "GET /products/phones HTTP/1.1" 301 2909 "https://facebook.com" "Mozilla/5.0 (X11; Linux x86_64) AppleWebKit/537.36"
192.168.1.245 - - [06/Jan/2024:05:08:09 +0000] "DELETE /about HTTP/1.1" 404 2205 "https://linkedin.com" "Mozilla/5.0 (Windows NT 10.0; Win64; x64) AppleWebKit/537.36"
192.168.1.134 - - [06/Jan/2024:05:12:28 +0000] "POST /register HTTP/1.1" 500 2289 "https://twitter.com" "Mozilla/5.0 (Windows NT 10.0; Win64; x64) AppleWebKit/537.36"
192.168.1.247 - - [06/Jan/2024:05:16:48 +0000] "PUT /products HTTP/1.1" 500 3089 "https://www.bing.com" "Mozilla/5.0 (Macintosh; Intel Mac OS X 10_15_7) AppleWebKit/537.36"
192.168.1.51 - - [06/Jan/2024:05:21:07 +0000] "DELETE /products/phones HTTP/1.1" 200 690 "direct" "Mozilla/5.0 (Macintosh; Intel Mac OS X 10_15_7) AppleWebKit/537.36"
192.168.1.168 - - [06/Jan/2024:05:25:26 +0000] "GET /blog HTTP/1.1" 500 1433 "https://linkedin.com" "Mozilla/5.0 (Windows NT 10.0; Win64; x64) AppleWebKit/537.36"
192.168.1.250 - - [06/Jan/2024:05:29:45 +0000] "DELETE /login HTTP/1.1" 301 2500 "https://facebook.com" "Mozilla/5.0 (iPhone; CPU iPhone OS 14_0 like Mac OS X) AppleWebKit/605.1.15"
192.168.1.57 - - [06/Jan/2024:05:34:04 +0000] "POST /products/phones HTTP/1.1" 200 4335 "https://www.google.com" "Mozilla/5.0 (X11; Linux x86_64) AppleWebKit/537.36"
192.168.1.13 - - [06/Jan/2024:05:38:24 +0000] "DELETE /api/data HTTP/1.1" 500 4665 "https://linkedin.com" "Mozilla/5.0 (iPhone; CPU iPhone OS 14_0 like Mac OS X) AppleWebKit/605.1.15"
192.168.1.77 - - [06/Jan/2024:05:42:43 +0000] "DELETE /products HTTP/1.1" 500 3937 "https://twitter.com" "Mozilla/5.0 (Macintosh; Intel Mac OS X 10_15_7) AppleWebKit/537.36"
192.168.1.148 - - [06/Jan/2024:05:47:02 +0000] "PUT /products HTTP/1.1" 301 3576 "https://www.google.com" "Mozilla/5.0 (X11; Linux x86_64) AppleWebKit/537.36"
192.168.1.228 - - [06/Jan/2024:05:51:21 +0000] "POST /api/data HTTP/1.1" 500 679 "https://twitter.com" "Mozilla/5.0 (Windows NT 10.0; Win64; x64) AppleWebKit/537.36"
192.168.1.17 - - [06/Jan/2024:05:55:40 +0000] "GET /products HTTP/1.1" 500 3079 "direct" "Mozilla/5.0 (X11; Linux x86_64) AppleWebKit/537.36"
192.168.1.29 - - [06/Jan/2024:06:00:00 +0000] "PUT /products/laptops HTTP/1.1" 200 4284 "direct" "Mozilla/5.0 (iPhone; CPU iPhone OS 14_0 like Mac OS X) AppleWebKit/605.1.15"
192.168.1.220 - - [06/Jan/2024:06:04:19 +0000] "PUT /register HTTP/1.1" 404 737 "https://twitter.com" "Mozilla/5.0 (Windows NT 10.0; Win64; x64) AppleWebKit/537.36"
192.168.1.30 - - [06/Jan/2024:06:08:38 +0000] "POST /register HTTP/1.1" 404 2706 "https://linkedin.com" "Mozilla/5.0 (iPhone; CPU iPhone OS 14_0 like Mac OS X) AppleWebKit/605.1.15"
192.168.1.131 - - [06/Jan/2024:06:12:57 +0000] "PUT /products/laptops HTTP/1.1" 500 4996 "https://facebook.com" "Mozilla/5.0 (X11; Linux x86_64) AppleWebKit/537.36"
192.168.1.233 - - [06/Jan/2024:06:17:16 +0000] "PUT /admin HTTP/1.1" 301 1764 "https://twitter.com" "Mozilla/5.0 (X11; Linux x86_64) AppleWebKit/537.36"
192.168.1.211 - - [06/Jan/2024:06:21:36 +0000] "POST /api/data HTTP/1.1" 404 3500 "direct" "Mozilla/5.0 (Macintosh; Intel Mac OS X 10_15_7) AppleWebKit/537.36"
192.168.1.190 - - [06/Jan/2024:06:25:55 +0000] "DELETE /home HTTP/1.1" 200 3714 "https://twitter.com" "Mozilla/5.0 (X11; Linux x86_64) AppleWebKit/537.36"
192.168.1.17 - - [06/Jan/2024:06:30:14 +0000] "DELETE /products HTTP/1.1" 404 607 "https://www.google.com" "Mozilla/5.0 (iPhone; CPU iPhone OS 14_0 like Mac OS X) AppleWebKit/605.1.15"
192.168.1.90 - - [06/Jan/2024:06:34:33 +0000] "GET /admin HTTP/1.1" 200 4796 "https://www.google.com" "Mozilla/5.0 (Macintosh; Intel Mac OS X 10_15_7) AppleWebKit/537.36"
192.168.1.190 - - [06/Jan/2024:06:38:52 +0000] "PUT /blog HTTP/1.1" 301 3934 "https://www.google.com" "Mozilla/5.0 (X11; Linux x86_64) AppleWebKit/537.36"
192.168.1.184 - - [06/Jan/2024:06:43:12 +0000] "POST / HTTP/1.1" 301 4680 "https://www.google.com" "Mozilla/5.0 (X11; Linux x86_64) AppleWebKit/537.36"
192.168.1.6 - - [06/Jan/2024:06:47:31 +0000] "POST /products/laptops HTTP/1.1" 500 2525 "direct" "Mozilla/5.0 (X11; Linux x86_64) AppleWebKit/537.36"
192.168.1.207 - - [06/Jan/2024:06:51:50 +0000] "GET /products HTTP/1.1" 404 3200 "direct" "Mozilla/5.0 (Windows NT 10.0; Win64; x64) AppleWebKit/537.36"
192.168.1.12 - - [06/Jan/2024:06:56:09 +0000] "GET /home HTTP/1.1" 500 1515 "direct" "Mozilla/5.0 (Macintosh; Intel Mac OS X 10_15_7) AppleWebKit/537.36"
192.168.1.247 - - [06/Jan/2024:07:00:28 +0000] "PUT /login HTTP/1.1" 301 2659 "https://www.google.com" "Mozilla/5.0 (iPhone; CPU iPhone OS 14_0 like Mac OS X) AppleWebKit/605.1.15"
192.168.1.60 - - [06/Jan/2024:07:04:48 +0000] "DELETE /login HTTP/1.1" 301 2226 "https://www.bing.com" "Mozilla/5.0 (Windows NT 10.0; Win64; x64) AppleWebKit/537.36"
192.168.1.126 - - [06/Jan/2024:07:09:07 +0000] "DELETE / HTTP/1.1" 301 3921 "https://linkedin.com" "Mozilla/5.0 (Windows NT 10.0; Win64; x64) AppleWebKit/537.36"
192.168.1.70 - - [06/Jan/2024:07:13:26 +0000] "GET / HTTP/1.1" 404 4160 "https://linkedin.com" "Mozilla/5.0 (Windows NT 10.0; Win64; x64) AppleWebKit/537.36"
192.168.1.161 - - [06/Jan/2024:07:17:45 +0000] "GET /products/phones HTTP/1.1" 500 3795 "https://www.bing.com" "Mozilla/5.0 (X11; Linux x86_64) AppleWebKit/537.36"
192.168.1.13 - - [06/Jan/2024:07:22:04 +0000] "POST /products HTTP/1.1" 500 4281 "https://www.google.com" "Mozilla/5.0 (iPhone; CPU iPhone OS 14_0 like Mac OS X) AppleWebKit/605.1.15"
192.168.1.150 - - [06/Jan/2024:07:26:24 +0000] "PUT /contact HTTP/1.1" 200 4368 "https://linkedin.com" "Mozilla/5.0 (Windows NT 10.0; Win64; x64) AppleWebKit/537.36"
192.168.1.4 - - [06/Jan/2024:07:30:43 +0000] "POST /api/data HTTP/1.1" 200 1307 "https://linkedin.com" "Mozilla/5.0 (Macintosh; Intel Mac OS X 10_15_7) AppleWebKit/537.36"
192.168.1.250 - - [06/Jan/2024:07:35:02 +0000] "DELETE /about HTTP/1.1" 404 4982 "direct" "Mozilla/5.0 (Windows NT 10.0; Win64; x64) AppleWebKit/537.36"
192.168.1.243 - - [06/Jan/2024:07:39:21 +0000] "GET /admin HTTP/1.1" 301 4827 "https://linkedin.com" "Mozilla/5.0 (X11; Linux x86_64) AppleWebKit/537.36"
192.168.1.243 - - [06/Jan/2024:07:43:40 +0000] "DELETE / HTTP/1.1" 200 1833 "https://facebook.com" "Mozilla/5.0 (X11; Linux x86_64) AppleWebKit/537.36"
192.168.1.25 - - [06/Jan/2024:07:48:00 +0000] "PUT /api/data HTTP/1.1" 200 2697 "https://www.bing.com" "Mozilla/5.0 (X11; Linux x86_64) AppleWebKit/537.36"
192.168.1.1 - - [06/Jan/2024:07:52:19 +0000] "POST /blog HTTP/1.1" 200 4273 "https://twitter.com" "Mozilla/5.0 (X11; Linux x86_64) AppleWebKit/537.36"
192.168.1.154 - - [06/Jan/2024:07:56:38 +0000] "DELETE /products/laptops HTTP/1.1" 404 4773 "https://www.bing.com" "Mozilla/5.0 (Macintosh; Intel Mac OS X 10_15_7) AppleWebKit/537.36"
192.168.1.1 - - [06/Jan/2024:08:00:57 +0000] "DELETE /home HTTP/1.1" 404 4913 "direct" "Mozilla/5.0 (X11; Linux x86_64) AppleWebKit/537.36"
192.168.1.148 - - [06/Jan/2024:08:05:16 +0000] "GET /register HTTP/1.1" 404 2143 "https://facebook.com" "Mozilla/5.0 (Macintosh; Intel Mac OS X 10_15_7) AppleWebKit/537.36"
192.168.1.114 - - [06/Jan/2024:08:09:36 +0000] "DELETE /products/phones HTTP/1.1" 404 3045 "https://twitter.com" "Mozilla/5.0 (Windows NT 10.0; Win64; x64) AppleWebKit/537.36"
192.168.1.174 - - [06/Jan/2024:08:13:55 +0000] "POST /admin HTTP/1.1" 404 2467 "https://facebook.com" "Mozilla/5.0 (X11; Linux x86_64) AppleWebKit/537.36"
192.168.1.184 - - [06/Jan/2024:08:18:14 +0000] "PUT /contact HTTP/1.1" 404 798 "https://www.google.com" "Mozilla/5.0 (Macintosh; Intel Mac OS X 10_15_7) AppleWebKit/537.36"
192.168.1.154 - - [06/Jan/2024:08:22:33 +0000] "POST /register HTTP/1.1" 301 1095 "https://linkedin.com" "Mozilla/5.0 (X11; Linux x86_64) AppleWebKit/537.36"
192.168.1.130 - - [06/Jan/2024:08:26:52 +0000] "PUT / HTTP/1.1" 500 4875 "direct" "Mozilla/5.0 (X11; Linux x86_64) AppleWebKit/537.36"
192.168.1.220 - - [06/Jan/2024:08:31:12 +0000] "GET /home HTTP/1.1" 500 878 "https://www.bing.com" "Mozilla/5.0 (Windows NT 10.0; Win64; x64) AppleWebKit/537.36"
192.168.1.213 - - [06/Jan/2024:08:35:31 +0000] "GET /products HTTP/1.1" 301 2378 "https://www.google.com" "Mozilla/5.0 (X11; Linux x86_64) AppleWebKit/537.36"
192.168.1.199 - - [06/Jan/2024:08:39:50 +0000] "DELETE /login HTTP/1.1" 301 2229 "direct" "Mozilla/5.0 (X11; Linux x86_64) AppleWebKit/537.36"
192.168.1.126 - - [06/Jan/2024:08:44:09 +0000] "GET /products/laptops HTTP/1.1" 200 543 "https://twitter.com" "Mozilla/5.0 (Windows NT 10.0; Win64; x64) AppleWebKit/537.36"
192.168.1.73 - - [06/Jan/2024:08:48:28 +0000] "POST /api/data HTTP/1.1" 500 2739 "https://www.bing.com" "Mozilla/5.0 (X11; Linux x86_64) AppleWebKit/537.36"
192.168.1.6 - - [06/Jan/2024:08:52:48 +0000] "POST /products/laptops HTTP/1.1" 404 3939 "https://twitter.com" "Mozilla/5.0 (Windows NT 10.0; Win64; x64) AppleWebKit/537.36"
192.168.1.103 - - [06/Jan/2024:08:57:07 +0000] "POST /blog HTTP/1.1" 500 3295 "https://twitter.com" "Mozilla/5.0 (Macintosh; Intel Mac OS X 10_15_7) AppleWebKit/537.36"
192.168.1.215 - - [06/Jan/2024:09:01:26 +0000] "GET / HTTP/1.1" 500 4885 "https://www.bing.com" "Mozilla/5.0 (iPhone; CPU iPhone OS 14_0 like Mac OS X) AppleWebKit/605.1.15"
192.168.1.197 - - [06/Jan/2024:09:05:45 +0000] "PUT /home HTTP/1.1" 500 3600 "https://linkedin.com" "Mozilla/5.0 (Macintosh; Intel Mac OS X 10_15_7) AppleWebKit/537.36"
